Open Watcom Linker Version 2.0 beta Apr  2 2015 09:56:44 (64-bit)
Copyright (c) 2002-2015 The Open Watcom Contributors. All Rights Reserved.
Portions Copyright (c) 1985-2002 Sybase, Inc. All Rights Reserved.
Created on:       15/07/13 14:57:58
Executable Image: exercicio2.exe
creating a Windows NT character-mode executable


                        +------------+
                        |   Groups   |
                        +------------+

Group                           Address              Size
=====                           =======              ====

.idata                          00415000             00000708
DGROUP                          00416000             00013410



                        +--------------+
                        |   Segments   |
                        +--------------+

Segment                Class          Group          Address         Size
=======                =====          =====          =======         ====

BEGTEXT                CODE           AUTO           00401000        00000007
_TEXT                  CODE           AUTO           00401010        000134f0
TRANSFER CODE          CODE           AUTO           00414500        00000186
.idata                 .idata         .idata         00415000        00000708
_NULL                  BEGDATA        DGROUP         00416000        00000004
_AFTERNULL             BEGDATA        DGROUP         00416004        00000000
CONST                  DATA           DGROUP         00416010        000001a0
_DATA                  DATA           DGROUP         004161b0        00000ff8
XIB                    DATA           DGROUP         004171a8        00000000
XI                     DATA           DGROUP         004171a8        0000004e
XIE                    DATA           DGROUP         004171f6        00000000
YIB                    DATA           DGROUP         004171f6        00000000
YI                     DATA           DGROUP         004171f6        00000030
YIE                    DATA           DGROUP         00417226        00000000
CONST2                 DATA           DGROUP         00417228        00000000
TIB                    DATA           DGROUP         00417228        00000000
TI                     DATA           DGROUP         00417228        00000000
TIE                    DATA           DGROUP         00417228        00000000
DATA                   DATA           DGROUP         00417228        00000000
DATA32                 DATA           DGROUP         00417228        0000011c
CONST32                CONST          DGROUP         00418000        00000000
_BSS                   BSS            DGROUP         00418000        000010ec
GDATA@0                BSS            DGROUP         004190f0        00000320
BSS32                  BSS            DGROUP         00419410        00000000
STACK                  STACK          DGROUP         00419410        00010000


                        +----------------+
                        |   Memory Map   |
                        +----------------+

* = unreferenced symbol
+ = symbol only referenced locally

Address        Symbol
=======        ======

Module: exercicio2.obj(C:\Users\Samsung\Desktop\2015.1\Comp2\Exercicio2\exercicio2.for)
00401010       FMAIN
Module: C:\WATCOM\lib386\nt\flib7.lib(cowrite.asm)
004011f2       RT@IOWrite
00401201*      RT@OutLOG1
00401213*      RT@OutLOG4
00401221*      RT@OutINT1
00401233*      RT@OutINT2
00401243       RT@OutINT4
00401252*      RT@OutREAL
00401262       RT@OutDBLE
00401272*      RT@OutXTND
00401282*      RT@OutCPLX
00401298*      RT@OutDBCX
004012ae*      RT@OutXTCX
004012c4       RT@OutCHAR
004012c9*      RT@OutSTR
004012ce*      RT@PrtArr
004012d3*      RT@PrtChArr
Module: C:\WATCOM\lib386\nt\flib7.lib(cortns.asm)
00416200*      _FRT_SaveESP
004012e3*      SwitchToGen
00401301       SwitchToRT
0040131f       RdWrCommon
004013c3       IOType_
004013e1       IOChar
004013fc       IOStr
00401411       IOArr
0040142c       IOChArr
0040144e       RT@EndIO
Module: C:\WATCOM\lib386\nt\flib7.lib(coread.asm)
00401458       RT@IORead
00401467*      RT@InpLOG1
00401476*      RT@InpLOG4
00401485*      RT@InpINT1
00401494*      RT@InpINT2
004014a3       RT@InpINT4
004014b2*      RT@InpREAL
004014c1       RT@InpDBLE
004014d0*      RT@InpXTND
004014df*      RT@InpCPLX
004014ee*      RT@InpDBCX
004014fd*      RT@InpXTCX
0040150c*      RT@InpCHAR
00401511*      RT@InpSTR
00401516*      RT@InpArr
0040151b*      RT@InpChArr
Module: C:\WATCOM\lib386\nt\clib3r.lib(cstrtwnt)
00401520       _cstart_
00401520*      mainCRTStartup
Module: C:\WATCOM\lib386\nt\clib3r.lib(_8087386.asm)
00416220       __8087
00416221       __real87
Module: C:\WATCOM\lib386\nt\emu387.lib(386stub.asm)
0040157c       __init_387_emulator
0040157d*      __fini_387_emulator
Module: C:\WATCOM\lib386\nt\flib7.lib(initeng.c)
00418000       __init_english
Module: C:\WATCOM\lib386\nt\flib7.lib(initerr.c)
00418004       __init_error
Module: C:\WATCOM\lib386\nt\flib7.lib(exwrite.c)
004015f0       DoWrite_
Module: C:\WATCOM\lib386\nt\flib7.lib(setiocb.c)
00401620       RT@SetIOCB
Module: C:\WATCOM\lib386\nt\flib7.lib(rdata.c)
00418010       _IORslt
00418020       _FmtBuff
00418024*      _Fmt_revert
00418028*      _Fmt_start
0041802c*      _Fmt_paren_level
00418030*      _Fmt_charptr
00418034*      _FmtEmStruct
00418038       _IOTypeRtn
0041803c*      _Fmt_end
00418040*      _Fmt_rep_spec
00418044       _FmtRoutine
00418048       _IOCB
0041804c       _Files
00418050*      _Fmt_delimited
Module: C:\WATCOM\lib386\nt\flib7.lib(iomain.c)
004016b0       __ReleaseIOSys_
004016d0       IOMain_
Module: C:\WATCOM\lib386\nt\clib3r.lib(crwdata)
00416265       __osmajor
00416266       __osminor
00416267       __osbuild
00416269       __osver
0041626d       __winmajor
00416271       __winminor
00416275       __winver
00416234       __LpDllName
00416238       __LpwCmdLine
0041623c       __LpwPgmName
00416240       __LpwDllName
0041622c       __LpCmdLine
00416230       __LpPgmName
00416224*      __dynend
00416228       __curbrk
00416244*      __STACKLOW
00416248       __STACKTOP
0041624c       __ASTACKSIZ
00416250       __ASTACKPTR
00416254*      __cbyte
00416258*      __cbyte2
0041625c*      __child
00416261       __Envptr
00416260       __no87
00416279       ___FPE_handler
Module: C:\WATCOM\lib386\nt\flib7.lib(thrdutil.c)
004018e0*      __InitMultiThreadIO_
00416284       ___SwitchStkLow
Module: C:\WATCOM\lib386\nt\flib7.lib(exread.c)
00401970       DoRead_
Module: C:\WATCOM\lib386\nt\clib3r.lib(main2wnt.c)
004019a0       __NTMain
Module: C:\WATCOM\lib386\nt\clib3r.lib(segdefns)
00401003       ___begtext
00416000*      __nullarea
004171a8       __Start_XI
004171f6       __End_XI
004171f6       __Start_YI
00417226       __End_YI
Module: C:\WATCOM\lib386\nt\clib3r.lib(chk8087.c)
00401a20*      _fpreset_
00401a60       __chk8087_
00401a70*      __init_8087_
Module: C:\WATCOM\lib386\nt\flib7.lib(english.c)
00401ac0       __UseEnglishCharSet_
Module: C:\WATCOM\lib386\nt\flib7.lib(errincl.c)
00401bd0       __InitError_
00416288+      _PGroupTable
0041628c+      _PErrWord
Module: C:\WATCOM\lib386\nt\flib7.lib(rdwr.c)
00401bf0+      DoOpen_
00401c20+      _AllocBuffer_
00401c60       IOPrologue_
00401ea0       UpdateRecNum_
Module: C:\WATCOM\lib386\nt\flib7.lib(unfmtout.c)
00401fc0       UnFmtOut_
Module: C:\WATCOM\lib386\nt\flib7.lib(freeout.c)
00402410       FreeOut_
00416290+      _OutRtn
Module: C:\WATCOM\lib386\nt\flib7.lib(rtutls.c)
00402510       FindFtnFile_
00402600       RChkAlloc_
00402630       F_Connect_
004026b0       ConnectFile_
004026c0*      GetFileInfo_
004027b0       DiscoFile_
00402820*      ChkFileName_
00402850+      ChkLogFile_
00402890       ChkIOOperation_
004028d0       GetIOErr_
004028e0       ChkIOErr_
00402900       ChkUnitId_
00402940*      ChkConnected_
00402960       SetEOF_
00402990       ClearEOF_
004029d0       SysEOF_
00402a00       IsFixed_
00402a10       IsCarriage_
00402a20*      ChkRecordStructure_
00402a50*      ChkSequential_
00402a70*      ChkExist_
00402aa0*      StrItem_
Module: C:\WATCOM\lib386\nt\flib7.lib(rtinit.c)
004162c4       ___FAppType
004162c8       __ExceptionInit
004162cc       __ExceptionFini
00402ae0*      __InitFThreadData_
00402b20+      RTSysFini_
00402b30       RTSysInit_
004162d4       __AccessFIO
004162d8       __ReleaseFIO
004162dc       __PartialReleaseFIO
00418058       ___FThreadDataOffset
004171c6*      ___fthread_data_size
Module: C:\WATCOM\lib386\nt\clib3r.lib(mainwnt.c)
004162e0       ___TlsIndex
004162e4       ___FirstThreadData
004162e8       ___GetThreadPtr
004162ec       __AccessFileH
004162f0       __ReleaseFileH
004162f4       __AccessIOB
004162f8       __ReleaseIOB
004162fc       __AccessNHeap
00416300       __AccessFHeap
00416304       __ReleaseNHeap
00402bf0*      __threadid_
00402c10+      __sig_null_rtn_
00402c20+      __NTInit_
00402e30+      __NTFini_
00402eb0       __NTMainInit_
00402f10       __exit_
00416308       __ReleaseFHeap
0041630c       __AccessTDList
00416310       __ReleaseTDList
00416314       __AccessFList
00416318       __ReleaseFList
0041631c       __ThreadExitRtn
00416320       ___sig_init_rtn
00416324       ___sig_fini_rtn
00416328       ___process_fini
00418064       ___Is_DLL
Module: C:\WATCOM\lib386\nt\flib7.lib(ioinit.c)
00402f70       IOSysInit_
Module: C:\WATCOM\lib386\nt\flib7.lib(rterr.c)
00416330+      _TraceRoutine
00402fc0+      FlushStdUnit_
00403010+      WriteErr_
004030e0       ErrHandler_
00403120       RTErr_
0041633c+      LG@ERR_HOOK
Module: C:\WATCOM\lib386\nt\flib7.lib(spawn.c)
00403150       Spawn_
004031b0       Suicide_
Module: C:\WATCOM\lib386\nt\flib7.lib(rtsysutl.c)
004031f0       GetSysIOInfo_
00403210       GetSysFileInfo_
00403240*      IsDevice_
00403410       OpenAction_
00403450*      DfltRecType_
00403470+      _FileAttrs_
00403530       CloseFile_
004035a0       Scrtched_
004035c0*      CloseDeleteFile_
00403610       Errf_
00403630       FPutBuff_
004036a0       FGetBuff_
004036f0       SeekFile_
00403710       NoEOF_
00403720       SysClearEOF_
00403730*      SameFile_
00403740*      Rewindf_
00403760*      SysCreateFile_
004037a0       CheckLogicalRecord_
004037c0       SkipLogicalRecord_
004037e0*      BackSpacef_
00403810*      EndFilef_
00403850       GetIOErrMsg_
00403890       ReportNExist_
004038b0       ReportEOF_
004038c0*      WaitForEnter_
Module: C:\WATCOM\lib386\nt\flib7.lib(unfmtin.c)
004038d0       UnFmtIn_
00403970+      NextUnFmtRec_
Module: C:\WATCOM\lib386\nt\flib7.lib(freein.c)
00403d50+      GetNum_
00403f50       FreeIn_
00403f60*      DoFreeIn_
00403f90+      BumpComma_
00403fc0+      Blanks_
00403fe0+      CheckEor_
Module: C:\WATCOM\lib386\nt\clib3r.lib(initrtns.c)
00404600       __InitRtns
00404650       __FiniRtns
Module: C:\WATCOM\lib386\nt\clib3r.lib(mthrdini.c)
004046b0       __InitThreadData_
00416340       ___ThreadDataSize
Module: C:\WATCOM\lib386\nt\clib3r.lib(memset.c)
004046e0       memset_
Module: C:\WATCOM\lib386\nt\clib3r.lib(cmain386.c)
00404700       __CMain
Module: C:\WATCOM\lib386\nt\clib3r.lib(dosseg)
00001234       __DOSseg__
Module: C:\WATCOM\lib386\nt\clib3r.lib(8087cw.c)
00416344       __8087cw
Module: C:\WATCOM\lib386\nt\clib3r.lib(save8087.c)
00416348       ___Save8087
0041634c       ___Rest8087
Module: C:\WATCOM\lib386\nt\clib3r.lib(ini87386.asm)
00404744       __x87id
Module: C:\WATCOM\lib386\nt\flib7.lib(csetinfo.c)
00418680       _CharSetInfo
Module: C:\WATCOM\lib386\nt\flib7.lib(errmsg.c)
00404ab0       _GroupTable
00404b60       _ErrWord
Module: C:\WATCOM\lib386\nt\flib7.lib(blderr.c)
00405220       Substitute_
004053f0       ErrCodOrg_
Module: C:\WATCOM\lib386\nt\flib7.lib(errrtns.c)
00418694       ___ErrorFini
00418698       ___ErrorInit
0041869c       ___BldErrMsg
Module: C:\WATCOM\lib386\nt\flib7.lib(sdfile.c)
00416350*      _FFCtrlSeq
00416352*      _SkipCtrlSeq
00416354       _NormalCtrlSeq
00416356       _SDTermIn
0041635a       _SDTermOut
0041635e*      _SDPrtName
Module: C:\WATCOM\lib386\nt\flib7.lib(ioerr.c)
00405430       IOErr_
Module: C:\WATCOM\lib386\nt\flib7.lib(wrutils.c)
004054c0       F_SendData_
00405520*      SendLine_
00405530       SendEOR_
004055c0*      SendInt_
004055f0       SendStr_
00405610+      SendWSLStr_
00405630       SendChar_
00405650       Drop_
00405810       IOItemResult_
Module: C:\WATCOM\lib386\nt\flib7.lib(unfmtutl.c)
00405890       _SizeVars
Module: C:\WATCOM\lib386\nt\flib7.lib(undefcg.c)
00405930       OutLogCG_
00405940       OutIntCG_
00405980+      FmtRealCG_
004059b0+      FmtDoubleCG_
004059e0+      FmtExtendedCG_
00405a10+      UndefIntCG_
00405a10+      UndefLogCG_
00405a10+      UndefExtendedCG_
00405a10+      UndefDoubleCG_
00405a10+      UndefRealCG_
00405a20+      GetRealCG_
00416364       _FmtRealRtn
00416368       _FmtDoubleRtn
0041636c       _FmtExtendedRtn
00416370       _SendStrRtn
00416374       _UndefRealRtn
00416378       _UndefDoubleRtn
0041637c       _UndefExtendedRtn
00416380       _UndefLogRtn
00416384       _UndefIntRtn
00416388       _GetRealRtn
Module: C:\WATCOM\lib386\nt\flib7.lib(cctrl.c)
00405a30       CheckCCtrl_
Module: C:\WATCOM\lib386\nt\flib7.lib(fdutil.c)
00405aa0       LocFile_
00405ab0       LocUnit_
00405ae0       ExtractInfo_
Module: C:\WATCOM\lib386\nt\flib7.lib(rstdio.c)
00405c10       _InitStandardInput_
00405c40       _InitStandardOutput_
Module: C:\WATCOM\lib386\nt\flib7.lib(rmemmgr.c)
00405c70       RMemAlloc_
00405c80       RMemFree_
Module: C:\WATCOM\lib386\nt\flib7.lib(deffname.c)
0041638c       _DefFName
Module: C:\WATCOM\lib386\nt\flib7.lib(stracc.c)
00405c90       TrimStr_
00405cd0       GetStr_
Module: C:\WATCOM\lib386\nt\flib7.lib(rttraps.c)
00405df0       __EnableF77RTExceptionHandling_
00405e00       R_TrapInit_
00405e90       R_TrapFini_
00405ea0*      __InitExceptionVectors_
Module: C:\WATCOM\lib386\nt\clib3r.lib(nodefwin.c)
00416394*      __WindowsIsWindowedHandle
00416398*      __WindowsRemoveWindowedHandle
0041639c*      __WindowsNewWindow
004163a0*      __WindowsCloseWindow
004163a4*      __WindowsSetAbout
004163a8*      __WindowsSetAppTitle
004163ac*      __WindowsSetConTitle
004163b0*      __WindowsDestroyOnClose
004163b4*      __WindowsYieldControl
004163b8*      __WindowsShutDown
004163bc*      __WindowsStdin
004163c0       __WindowsStdout
004163c4*      __WindowsKbhit
004163c8*      __WindowsGetch
004163cc*      __WindowsGetche
004163d0*      __WindowsPutch
00405ec0*      _dwShutDown_
00405ec0*      _dwYield_
00405ec0*      _dwSetConTitle_
00405ec0*      _dwSetAppTitle_
00405ec0*      _dwSetAboutDlg_
00405ec0       _dwDeleteOnClose_
004163d4*      __WindowsExitRtn
004186a0*      __init_default_win
Module: C:\WATCOM\lib386\nt\clib3r.lib(atexit.c)
00405ec3       atexit_
Module: C:\WATCOM\lib386\nt\clib3r.lib(regdata.c)
00405f20       __RegisterThreadDataSize_
Module: C:\WATCOM\lib386\nt\clib3r.lib(hdlman.c)
004163d8+      ___NHandles
004163dc+      ___OSHandles
004163e0+      ___FakeHandles
00405f50+      __growPOSIXHandles_
00405ff0       __allocPOSIXHandle_
004060b0       __freePOSIXHandle_
004060d0       __getOSHandle_
004060e0       __setOSHandle_
00406130+      __NTGetFakeHandle_
004061a0       __initPOSIXHandles_
00406280*      __set_handles_
00406290*      _grow_handles_
Module: C:\WATCOM\lib386\nt\clib3r.lib(environ.c)
00418728       ___env_mask
0041872c       _environ
00418730       __wenviron
Module: C:\WATCOM\lib386\nt\clib3r.lib(getmodfn.c)
004062d0       __lib_GetModuleFileNameW_
Module: C:\WATCOM\lib386\nt\clib3r.lib(strdup.c)
00406370       __clib_strdup_
Module: C:\WATCOM\lib386\nt\clib3r.lib(istable.c)
004063b0       __IsTable
Module: C:\WATCOM\lib386\nt\clib3r.lib(ustrdup.c)
004064b1       __clib_wcsdup_
Module: C:\WATCOM\lib386\nt\clib3r.lib(nfree.c)
004064e0       _nfree_
004064e0       free_
00418734       ___MiniHeapFreeRover
Module: C:\WATCOM\lib386\nt\clib3r.lib(excptwnt.c)
00406c50+      ___ReportException@4
004070a0       __DefaultExceptionHandler_
004070e0+      ___ExceptionFilter
004072f0       __NewExceptionFilter_
00407320       __DoneExceptionFilter_
004163ec       ___oscode_check_func
004163f0       ___raise_func
00418738*      _sw
0041873c       ___ExceptionHandled
0041873d+      ___ReportInvoked
Module: C:\WATCOM\lib386\nt\clib3r.lib(stklmwnt.c)
00407360       __init_stack_limits_
Module: C:\WATCOM\lib386\nt\flib7.lib(runmain.c)
004073d0*      __InitUnit6CC_
004073e0       __DevicesCC_
004073f0*      __InitAllowCommaSeparator_
00407400       __AllowCommaSep_
00407410+      _InitIO_
00407480+      CloseAllFiles_
004074c0*      _FiniEx_
004074c0       RunExit_
00407500       RunEntry_
Module: C:\WATCOM\lib386\nt\flib7.lib(posdat.c)
004165ec       _FStdIn
004165f0       _FStdOut
004165f4       _FStdErr
Module: C:\WATCOM\lib386\nt\flib7.lib(posflush.c)
00407530       FlushBuffer_
Module: C:\WATCOM\lib386\nt\flib7.lib(errutil.c)
004075e0       BldErrCode_
00407640*      MsgFormat_
00407670*      MsgBuffer_
004165f8+      _PGrpCodes
Module: C:\WATCOM\lib386\nt\clib3r.lib(enterdb.c)
004076a0       __EnterWVIDEO_
004165fc       ___WD_Present
Module: C:\WATCOM\lib386\nt\flib7.lib(stdio.c)
004076e0       StdBuffer_
00407700+      StdWrite_
004077e0       StdFlush_
00407810       StdWriteNL_
Module: C:\WATCOM\lib386\nt\clib3r.lib(stjmp386.asm)
00407838       _setjmp_
00407871       longjmp_
Module: C:\WATCOM\lib386\nt\clib3r.lib(exit.c)
004078f3+      __null_int23_exit_
004078f4       exit_
00407944*      _exit_
00416a08+      ___int23_exit
00416a0c+      ___FPE_handler_exit
Module: C:\WATCOM\lib386\nt\clib3r.lib(accsswnt.c)
00407960       access_
Module: C:\WATCOM\lib386\nt\clib3r.lib(fullpath.c)
004079a0+      _sys_fullpath_
00407a20       _fullpath_
Module: C:\WATCOM\lib386\nt\clib3r.lib(fstatwnt.c)
00407a90       fstat_
Module: C:\WATCOM\lib386\nt\flib7.lib(poserr.c)
00407df0       Errorf_
00407e10*      EOFile_
00407e30       ErrorMsg_
00407e70       FSetTrunc_
00407e80       FSetSysErr_
00407ea0       FSetErr_
00407ec0       FSetEof_
00407ee0       IOOk_
Module: C:\WATCOM\lib386\nt\clib3r.lib(statwnt.c)
00408005       stat_
Module: C:\WATCOM\lib386\nt\flib7.lib(posopen.c)
00408240       InitStd_
00408300       SetIOBufferSize_
00408320+      _AllocFile_
00408410       Openf_
00408510       Closef_
Module: C:\WATCOM\lib386\nt\flib7.lib(posdel.c)
00408590       Scratchf_
Module: C:\WATCOM\lib386\nt\flib7.lib(posput.c)
004085b0       FPutRec_
004085f0       ChopFile_
00408640*      PutRec_
00408760       writebytes_
004087e0       SysWrite_
Module: C:\WATCOM\lib386\nt\flib7.lib(posget.c)
00408920       readbytes_
004089f0       SysRead_
00408e50       FGetRec_
00408e80*      GetRec_
00408ea0       GetStdChar_
00408ef0       FCheckLogical_
00408f70       FSkipLogical_
00409040*      FGetVarRecLen_
Module: C:\WATCOM\lib386\nt\flib7.lib(posseek.c)
00409130       FSeekRec_
00409170       CurrFileOffset_
00409170       FGetFilePos_
00409190       SysSeek_
00409380*      FSeekAbs_
Module: C:\WATCOM\lib386\nt\clib3r.lib(stricmp.c)
00409390       stricmp_
Module: C:\WATCOM\lib386\nt\flib7.lib(posrew.c)
004093d0       FRewind_
Module: C:\WATCOM\lib386\nt\flib7.lib(posback.c)
00409440       FBackspace_
Module: C:\WATCOM\lib386\nt\flib7.lib(postrunc.c)
00409510       FTruncate_
Module: C:\WATCOM\lib386\nt\clib3r.lib(errno.c)
00409530       __get_errno_ptr_
00409540*      __get_doserrno_ptr_
Module: C:\WATCOM\lib386\nt\flib7.lib(rdutils.c)
00409550       NextRec_
Module: C:\WATCOM\lib386\nt\flib7.lib(arrayio.c)
004096f0       ArrayIOType_
Module: C:\WATCOM\lib386\nt\clib3r.lib(toupper.c)
00409770       toupper_
Module: C:\WATCOM\lib386\nt\flib7.lib(chrutils.c)
00409780       JmpBlanks_
Module: C:\WATCOM\lib386\nt\flib7.lib(fmtcnvt.c)
004097b0       FmtS2I_
004098f0       FmtS2F_
Module: C:\WATCOM\lib386\nt\clib3r.lib(__stos.asm)
00409cd0       __STOSB
00409d07*      __STOSD
Module: C:\WATCOM\lib386\nt\clib3r.lib(cinit.c)
00409d80       __CommonInit_
Module: C:\WATCOM\lib386\nt\clib3r.lib(___argc.c)
00418744       ____Argc
00418748       ____Argv
Module: C:\WATCOM\lib386\nt\flib7.lib(rtmain.c)
00409d90       main_
Module: C:\WATCOM\lib386\nt\clib3r.lib(memmove.c)
00409db0       memmove_
Module: C:\WATCOM\lib386\nt\clib3r.lib(sprintf.c)
00409e10       sprintf_
Module: C:\WATCOM\lib386\nt\flib7.lib(ifile.c)
00409e40       SendIFBuff_
00409e70       NextIFBuff_
Module: C:\WATCOM\lib386\nt\clib3r.lib(ltoa.c)
00409ea0       ultoa_
00409ef0       ltoa_
Module: C:\WATCOM\lib386\nt\flib7.lib(expchk.c)
00409f20       ToFFormat_
Module: C:\WATCOM\lib386\nt\flib7.lib(fmtrtns.c)
00409f70       R_F2E_
0040a0e0       R_F2F_
0040a270       SetMaxPrec_
Module: C:\WATCOM\lib386\nt\flib7.lib(rfmtlog.c)
0040a290       R_FmtLog_
Module: C:\WATCOM\lib386\nt\flib7.lib(rfmtutil.c)
0040a2f0+      R_ChkType_
0040a320*      R_NewRec_
0040a360*      R_ChkIType_
0040a390*      R_ChkFType_
0040a3c0*      R_ChkRecLen_
0040a3e0+      GetLen_
0040a420*      R_FOStr_
0040a430*      FOString_
0040a4a0*      R_FIStr_
0040a560+      R_FOLog_
0040a5b0*      R_FILog_
0040a690*      R_FIFloat_
0040a880       GetReal_
0040a990*      R_FOF_
0040aa10*      R_FOE_
0040ab50+      FmtH2B_
0040ac40*      R_FIHex_
0040adc0*      R_FOHex_
0040add0*      FOHex_
0040aed0*      R_FIInt_
0040afe0*      R_FOInt_
0040b240*      R_FOG_
0040b4c0+      ChkBuffLen_
Module: C:\WATCOM\lib386\nt\clib3r.lib(getenv.c)
0040b4f0       getenv_
Module: C:\WATCOM\lib386\nt\clib3r.lib(nmalloc.c)
0040b590       _nmalloc_
0040b590       malloc_
00416a18       ___nheapbeg
00416a1c       ___MiniHeapRover
00416a20       ___LargestSizeB4MiniHeapRover
Module: C:\WATCOM\lib386\nt\clib3r.lib(signlwnt.c)
00416a24+      __SignalTable
0040b690+      __SetSignalFunc_
0040b6e0+      __GetSignalFunc_
0040b710+      __GetSignalOSCode_
0040b740+      __CheckSignalExCode_
0040b880+      __sigabort_
0040b890       __sigfpe_handler_
0040b8e0       signal_
0040b970+      raise_
0040b9e0+      __SigInit_
0040ba30+      __SigFini_
0040ba70+      __sig_init_
Module: C:\WATCOM\lib386\nt\flib7.lib(fptraps.c)
0040bb50*      __MaskDefaultFPE_
0040bb70       FPTrapInit_
0040bba0       FPTrapFini_
Module: C:\WATCOM\lib386\nt\clib3r.lib(trdlist.c)
0040bc10       __GetThreadData_
0040bc60       __ReallocThreadData_
0040bd50       __AddThreadData_
0040bdd0       __RemoveThreadData_
0040be30       __ResizeThreadDataList_
0040be60       __FreeThreadDataList_
0040be90*      __ActiveThreads_
Module: C:\WATCOM\lib386\nt\clib3r.lib(seterrno.c)
0040bea7       __set_errno_
0040beb5*      __set_EDOM_
0040bec3       __set_ERANGE_
0040bed1*      __set_EINVAL_
0040bee4       __set_doserrno_
Module: C:\WATCOM\lib386\nt\clib3r.lib(nrealloc.c)
0040bf00*      _nrealloc_
0040bf00       realloc_
Module: C:\WATCOM\lib386\nt\clib3r.lib(iomode.c)
0040bf80       __GetIOMode_
0040bfa0       __SetIOMode_nogrow_
00416a90       ___NFiles
00416a94       ___init_mode
00416ae4       ___io_mode
Module: C:\WATCOM\lib386\nt\clib3r.lib(stiomode.c)
0040bfc0       __grow_iomode_
0040c090+      __shrink_iomode_
0040c0d0       __SetIOMode_
Module: C:\WATCOM\lib386\nt\clib3r.lib(setenvp.c)
0040c150       __setenvp_
0040c220       __freeenvp_
Module: C:\WATCOM\lib386\nt\clib3r.lib(ustrlen.c)
0040c26d       wcslen_
Module: C:\WATCOM\lib386\nt\clib3r.lib(memcpy.c)
0040c280       memcpy_
Module: C:\WATCOM\lib386\nt\clib3r.lib(mem.c)
0040c2a0       __MemAllocator
0040c350       __MemFree
Module: C:\WATCOM\lib386\nt\clib3r.lib(conutwnt.c)
0040c4a0*      __NTRealKey_
0040c550*      __NTConsoleInput_
0040c560       __NTConsoleOutput_
Module: C:\WATCOM\lib386\nt\clib3r.lib(fclex387.c)
0040c570       _ClearFPE_
Module: C:\WATCOM\lib386\nt\clib3r.lib(lseek.c)
0040c580       lseek_
Module: C:\WATCOM\lib386\nt\clib3r.lib(write.c)
0040c820       write_
Module: C:\WATCOM\lib386\nt\flib7.lib(errgrp.c)
0040ca80       _GrpCodes
Module: C:\WATCOM\lib386\nt\clib3r.lib(iob.c)
00416af0       ___iob
00418758       ___OpenStreams
0041875c       ___ClosedStreams
Module: C:\WATCOM\lib386\nt\clib3r.lib(setmd.c)
0040cb10       setmode_
Module: C:\WATCOM\lib386\nt\clib3r.lib(ljmphdl.c)
00416cf8       ___longjmp_handler
Module: C:\WATCOM\lib386\nt\clib3r.lib(fgtattr.c)
0040cc10       __fixed_GetFileAttributesA_
Module: C:\WATCOM\lib386\nt\clib3r.lib(dosret.c)
0040ccb0*      __dosretax
0040ccc0*      __dosret0
0040ccd0       __set_errno_dos_
0040cd00*      __set_errno_dos_reterr_
0040cd10       __set_errno_nt_
0040cd20*      __set_errno_nt_reterr_
Module: C:\WATCOM\lib386\nt\clib3r.lib(gtcwdwnt.c)
0040cd40       getcwd_
Module: C:\WATCOM\lib386\nt\clib3r.lib(iomodtty.c)
0040cdd0       __ChkTTYIOMode_
0040ce10       __IOMode_
Module: C:\WATCOM\lib386\nt\clib3r.lib(ntdosdt.c)
0040ce30       __MakeDOSDT_
0040ce60*      __FromDOSDT_
Module: C:\WATCOM\lib386\nt\clib3r.lib(d2ttime.c)
0040ce90       _d2ttime_
Module: C:\WATCOM\lib386\nt\clib3r.lib(strerror.c)
0040d230       strerror_
0040d250*      _strerror_
0040d320*      _doserror_
00416e00+      __sys_errlist
00416ea4+      __sys_nerr
Module: C:\WATCOM\lib386\nt\clib3r.lib(cmp386.asm)
0040d350       strcmp_
Module: C:\WATCOM\lib386\nt\clib3r.lib(mbspbrk.c)
0040d490       _mbspbrk_
Module: C:\WATCOM\lib386\nt\clib3r.lib(mbsinc.c)
0040d4e0       _mbsinc_
Module: C:\WATCOM\lib386\nt\clib3r.lib(tolower.c)
0040d510       tolower_
Module: C:\WATCOM\lib386\nt\clib3r.lib(close.c)
0040d520       close_
Module: C:\WATCOM\lib386\nt\clib3r.lib(openwnt.c)
0040d740*      open_
0040d760       sopen_
Module: C:\WATCOM\lib386\nt\flib7.lib(poscc.c)
0040d790*      __LineFeedWithFormFeed_
0040d7a0       FSetCC_
Module: C:\WATCOM\lib386\nt\clib3r.lib(unlnkwnt.c)
0040d800       unlink_
Module: C:\WATCOM\lib386\nt\clib3r.lib(chsizwnt.c)
0040d880       chsize_
Module: C:\WATCOM\lib386\nt\clib3r.lib(read.c)
0040d970       read_
Module: C:\WATCOM\lib386\nt\flib7.lib(intarith.c)
0040db00       AddIOFlo_
0040db10*      SubIOFlo_
0040db20       MulIOFlo_
Module: C:\WATCOM\lib386\math387r.lib(strtod.c)
0040e043+      __Strtold_
0040e1aa       strtod_
Module: C:\WATCOM\lib386\nt\clib3r.lib(argcv.c)
00418860       __argc
00418864       __argv
00418868       ___argc
0041886c       ___argv
Module: C:\WATCOM\lib386\nt\clib3r.lib(vsprintf.c)
0040e310       vsprintf_
Module: C:\WATCOM\lib386\nt\clib3r.lib(alphabet.c)
0041614c       ___Alphabet
Module: C:\WATCOM\lib386\math387r.lib(ldcvt.c)
0040e40f       _LDScale10x_
0040e9b6       __LDcvt_
Module: C:\WATCOM\lib386\nt\flib7.lib(flt86.c)
0040ee10       _P1d100
0040ee18       _P1d_99
Module: C:\WATCOM\lib386\math387r.lib(pow87.asm)
0040ef79*      pow_
0040ee20       IF@DPOW
0040ee20*      IF@POW
Module: C:\WATCOM\lib386\nt\flib7.lib(hexcnv.c)
0040efa0       Hex_
0040efc0*      HSToB_
0040f030       BToHS_
Module: C:\WATCOM\lib386\nt\clib3r.lib(strupr.c)
0040f080       strupr_
Module: C:\WATCOM\lib386\nt\clib3r.lib(mbterm.c)
0040f0a0       _mbterm_
Module: C:\WATCOM\lib386\nt\clib3r.lib(mbsnextc.c)
0040f0e0       _mbsnextc_
Module: C:\WATCOM\lib386\nt\clib3r.lib(mbcupper.c)
0040f120       _mbctoupper_
Module: C:\WATCOM\lib386\nt\clib3r.lib(nmemneed.c)
0040f150       __nmemneed_
Module: C:\WATCOM\lib386\nt\clib3r.lib(grownear.c)
0040f2c0       __ExpandDGROUP_
Module: C:\WATCOM\lib386\nt\clib3r.lib(abort.c)
0040f2e6*      abort_
0040f2f8       __terminate_
00416f58       ___abort
Module: C:\WATCOM\lib386\nt\clib3r.lib(cntrl87.c)
0040f310       _control87_
Module: C:\WATCOM\lib386\nt\clib3r.lib(mthread.c)
0040f4f0+      __CloseSemaphore_
0040f530+      __AccessIOB_
0040f540+      __ReleaseIOB_
0040f550+      __AccessFileH_
0040f560+      __ReleaseFileH_
0040f570+      __AccessNHeap_
0040f580+      __ReleaseNHeap_
0040f590+      __AccessFHeap_
0040f5a0+      __ReleaseFHeap_
0040f5b0+      __AccessTDList_
0040f5c0+      __ReleaseTDList_
0040f5d0+      __AccessFList_
0040f5e0+      __AccessSemaphore_
0040f640+      __ReleaseFList_
0040f650+      __ReleaseSemaphore_
0040f680+      __MultipleThread_
0040f6d0+      __AllocInitThreadData_
0040f720+      __FreeInitThreadData_
0040f730       __NTThreadInit_
0040f7a0       __NTAddThread_
0040f7f0       __NTRemoveThread_
0040f880       __InitMultipleThread_
00416f5c+      ___AccessSema4
00416f60+      ___ReleaseSema4
00416f64+      ___CloseSema4
Module: C:\WATCOM\lib386\nt\clib3r.lib(xmsgwnt.c)
0040fa40+      __exit_with_msg_
0040faa0       __fatal_runtime_error_
Module: C:\WATCOM\lib386\nt\clib3r.lib(calloc.c)
0040fac0       calloc_
Module: C:\WATCOM\lib386\nt\clib3r.lib(register.c)
0040faf0       __initthread_
0040fb00*      _beginthread_
0040fb10       _endthread_
0040fb20*      __RegisterThreadData_
Module: C:\WATCOM\lib386\nt\clib3r.lib(nmsize.c)
0040fb70       _nmsize_
0040fb70*      _msize_
Module: C:\WATCOM\lib386\nt\clib3r.lib(nexpand.c)
0040fb80       _nexpand_
0040fb80*      _expand_
0040fbc0+      __HeapManager_expand_
Module: C:\WATCOM\lib386\nt\clib3r.lib(dofilstr.c)
0040fdb0       __ParsePosixHandleStr_
Module: C:\WATCOM\lib386\nt\clib3r.lib(clearenv.c)
0040fed0       clearenv_
Module: C:\WATCOM\lib386\nt\clib3r.lib(__lseek.c)
0040ff60       __lseek_
Module: C:\WATCOM\lib386\nt\clib3r.lib(stackwnt.c)
0040ffa0       stackavail_
Module: C:\WATCOM\lib386\nt\clib3r.lib(stkwnt.asm)
0040ffb1*      __CHK
0040ffc1*      __STK
0040ffe0       __STKOVERFLOW_
0040fff0*      __GRO
00410010*      __alloca_probe
Module: C:\WATCOM\lib386\nt\clib3r.lib(initfile.c)
00410060       __InitFiles_
Module: C:\WATCOM\lib386\nt\clib3r.lib(ioexit.c)
00410160*      fcloseall_
00410170       __full_io_exit_
Module: C:\WATCOM\lib386\nt\clib3r.lib(isattwnt.c)
00410180       isatty_
Module: C:\WATCOM\lib386\nt\clib3r.lib(mktime.c)
004101a0       mktime_
Module: C:\WATCOM\lib386\nt\clib3r.lib(strncpy.c)
00410230       strncpy_
Module: C:\WATCOM\lib386\nt\clib3r.lib(mbschr.c)
00410270       _mbschr_
Module: C:\WATCOM\lib386\nt\clib3r.lib(mbisdbcs.c)
00416f84       ___IsDBCS
Module: C:\WATCOM\lib386\nt\clib3r.lib(mbislead.c)
004102d0*      _ismbblead_
00418fdc       ___MBCSIsTable
Module: C:\WATCOM\lib386\nt\clib3r.lib(_clsewnt.c)
004102f0       __close_
Module: C:\WATCOM\lib386\nt\clib3r.lib(ntfio.c)
00410350*      __GetNTCreateAttr_
00410390       __GetNTAccessAttr_
004103c0       __GetNTShareAttr_
Module: C:\WATCOM\lib386\nt\clib3r.lib(umaskval.c)
00416f88       ___umaskval
Module: C:\WATCOM\lib386\nt\clib3r.lib(textmode.c)
00416f8c       __fmode
Module: C:\WATCOM\lib386\math387r.lib(bufld386.asm)
00410420       __ZBuf2LD
Module: C:\WATCOM\lib386\math387r.lib(inf_nan.c)
004104c3*      ___f_infinity
004104c7*      ___f_posqnan
004104cb       ___d_infinity
004104d3       ___d_posqnan
004104db*      ___ld_infinity
004104e3*      ___ld_posqnan
Module: C:\WATCOM\lib386\nt\clib3r.lib(hugeval.c)
004104f0       __HugeValue
Module: C:\WATCOM\lib386\nt\clib3r.lib(initargv.c)
00410500       __Init_Argv_
00410550+      _getargv_
004106f0       __Fini_Argv_
Module: C:\WATCOM\lib386\nt\clib3r.lib(prtf.c)
00410700       __prtf_
Module: C:\WATCOM\lib386\math387r.lib(ldclass.c)
004113c4       __LDClass_
00411414*      _FLClass_
Module: C:\WATCOM\lib386\nt\clib3r.lib(chipvar)
00416f90       ___chipbug
00416f90       __chipbug
Module: C:\WATCOM\lib386\math387r.lib(pow87e.c)
00411424       __pow87_err_
Module: C:\WATCOM\lib386\math387r.lib(exp87.asm)
00411513*      exp_
004114ac*      __@DEXP1
004114b4*      IF@EXP
004114b4*      IF@DEXP
004114b6       __@DEXP
Module: C:\WATCOM\lib386\nt\clib3r.lib(chipd32.asm)
00411637       __fdiv_fpr
00411af9*      __fdiv_chk
00411b0c*      __fdiv_m32
00411b59*      __fdiv_m64
00411ba6*      __fdiv_m32r
00411bf3*      __fdiv_m64r
Module: C:\WATCOM\lib386\nt\clib3r.lib(mbconv.c)
00411c40       _mbvtop_
Module: C:\WATCOM\lib386\nt\clib3r.lib(amblksiz.c)
00416fa4       __amblksiz
Module: C:\WATCOM\lib386\nt\clib3r.lib(heapen.c)
00411c60*      _heapenable_
00416fa8       ___heap_enabled
Module: C:\WATCOM\lib386\nt\clib3r.lib(nheapmin.c)
00411c90       _nheapshrink_
00411c90*      _nheapmin_
00411c90*      _heapmin_
00411c90       _heapshrink_
Module: C:\WATCOM\lib386\nt\clib3r.lib(trdalloc.c)
00411d80       __FiniThreadProcessing_
Module: C:\WATCOM\lib386\nt\clib3r.lib(thredwnt.c)
00411e40       __CBeginThread_
00411ee0       __CEndThread_
Module: C:\WATCOM\lib386\nt\clib3r.lib(strtol.c)
00412140*      strtoul_
00412150       strtol_
Module: C:\WATCOM\lib386\nt\clib3r.lib(putenv.c)
00412160       putenv_
Module: C:\WATCOM\lib386\nt\clib3r.lib(fclose.c)
00412300+      __doclose_
004123a0       __shutdown_stream_
004123c0*      fclose_
004190e4+      ___RmTmpFileFn
Module: C:\WATCOM\lib386\nt\clib3r.lib(freefp.c)
00412410       __freefp_
00412460       __purgefp_
Module: C:\WATCOM\lib386\nt\clib3r.lib(locmktim.c)
00412490       __local_mktime_
Module: C:\WATCOM\lib386\nt\clib3r.lib(gmtime.c)
00412610       __brktime_
00412710+      _gmtime_
00412730*      gmtime_
Module: C:\WATCOM\lib386\nt\clib3r.lib(tzset.c)
00417038       ___start_dst
0041705c       ___end_dst
00417184*      _tzname
0041718c       _timezone
00417190       _daylight
00417194       ___dst_adjust
004127a0*      __DontCacheOSTZ_
004127b0*      __CacheOSTZ_
00412c80+      __parse_tz_
00413070       tzset_
Module: C:\WATCOM\lib386\nt\clib3r.lib(timeutil.c)
004131e0       __isindst_
Module: C:\WATCOM\lib386\nt\clib3r.lib(mbclen.c)
00413510       _mbclen_
Module: C:\WATCOM\lib386\nt\clib3r.lib(mbccmp.c)
00413540       _mbccmp_
Module: C:\WATCOM\lib386\nt\clib3r.lib(mbinit.c)
004135b6       __mbinit_
0041719c       ___MBCodePage
Module: C:\WATCOM\lib386\nt\clib3r.lib(histsplt.c)
004190e8       ___historical_splitparms
Module: C:\WATCOM\lib386\nt\clib3r.lib(wctomb.c)
004136b0       wctomb_
Module: C:\WATCOM\lib386\nt\clib3r.lib(itoa.c)
004136f0+      utoa_
00413740       itoa_
Module: C:\WATCOM\lib386\nt\clib3r.lib(noefgfmt.c)
004171a0       ___EFG_printf
004171a4*      ___EFG_scanf
Module: C:\WATCOM\lib386\nt\clib3r.lib(lltoa.c)
004137c0       ulltoa_
00413830*      lltoa_
Module: C:\WATCOM\lib386\nt\clib3r.lib(chipbug.c)
00413860       __verify_pentium_fdiv_bug_
Module: C:\WATCOM\lib386\nt\flib7.lib(_matherr.c)
004138c0*      __imath2err_
00413900*      __amath1err_
00413930*      __amath2err_
00413960       __math2err_
00413a70       __math1err_
00413a80*      __zmath2err_
00413ae0*      __qmath2err_
Module: C:\WATCOM\lib386\math387r.lib(math87e.c)
00413b46       __math87_err_
Module: C:\WATCOM\lib386\nt\clib3r.lib(mbslen.c)
00413bc0       _mbslen_
Module: C:\WATCOM\lib386\nt\clib3r.lib(_putenv.c)
00413bf0       __putenv_
Module: C:\WATCOM\lib386\nt\clib3r.lib(mbstowcs.c)
00413c80       mbstowcs_
Module: C:\WATCOM\lib386\nt\clib3r.lib(_uputenv.c)
00413d00       __wputenv_
Module: C:\WATCOM\lib386\nt\clib3r.lib(flush.c)
00413d70       __flush_
Module: C:\WATCOM\lib386\nt\clib3r.lib(leapyear.c)
00413e70       __leapyear_
0041617c       ___diyr
00416196       ___dilyr
Module: C:\WATCOM\lib386\nt\clib3r.lib(wcstombs.c)
00413eb0       wcstombs_
Module: C:\WATCOM\lib386\nt\clib3r.lib(_findenv.c)
004140b0       __findenv_
Module: C:\WATCOM\lib386\nt\clib3r.lib(mbtowc.c)
004141d0       mbtowc_
Module: C:\WATCOM\lib386\nt\clib3r.lib(_ufinden.c)
00414320       __wfindenv_
Module: C:\WATCOM\lib386\nt\clib3r.lib(fsync.c)
004143c0       fsync_
Module: C:\WATCOM\lib386\nt\clib3r.lib(qwrit.c)
00414410       __qwrite_
Module: C:\WATCOM\lib386\nt\clib3r.lib(utoupper.c)
004144f0       towupper_


                        +----------------------+
                        |   Imported Symbols   |
                        +----------------------+

Symbol                              Module
======                              ======

_GetVersion@0                       KERNEL32.DLL
_GetModuleHandleA@4                 KERNEL32.DLL
_GetProcAddress@8                   KERNEL32.DLL
_GetModuleFileNameA@12              KERNEL32.DLL
_GetCommandLineA@0                  KERNEL32.DLL
_GetCommandLineW@0                  KERNEL32.DLL
_ExitProcess@4                      KERNEL32.DLL
_RtlUnwind@16                       KERNEL32.DLL
_GetCurrentThreadId@0               KERNEL32.DLL
_SetStdHandle@8                     KERNEL32.DLL
_CreateEventA@16                    KERNEL32.DLL
_GetStdHandle@4                     KERNEL32.DLL
_CloseHandle@4                      KERNEL32.DLL
_GetModuleFileNameW@12              KERNEL32.DLL
_MultiByteToWideChar@24             KERNEL32.DLL
_LoadLibraryA@4                     KERNEL32.DLL
_WriteFile@20                       KERNEL32.DLL
_SetUnhandledExceptionFilter@4      KERNEL32.DLL
_UnhandledExceptionFilter@4         KERNEL32.DLL
_VirtualQuery@12                    KERNEL32.DLL
_MessageBoxA@16                     USER32.DLL
_GetFullPathNameA@16                KERNEL32.DLL
_GetFileType@4                      KERNEL32.DLL
_GetFileInformationByHandle@8       KERNEL32.DLL
_GetFileTime@16                     KERNEL32.DLL
_GetFileSize@8                      KERNEL32.DLL
_CreateFileA@28                     KERNEL32.DLL
_GetLastError@0                     KERNEL32.DLL
_GetDriveTypeA@4                    KERNEL32.DLL
_FindFirstFileA@8                   KERNEL32.DLL
_FindClose@4                        KERNEL32.DLL
_SetConsoleCtrlHandler@8            KERNEL32.DLL
_TlsGetValue@4                      KERNEL32.DLL
_TlsSetValue@8                      KERNEL32.DLL
_SetFilePointer@16                  KERNEL32.DLL
_GetFileAttributesA@4               KERNEL32.DLL
_GetCurrentDirectoryA@8             KERNEL32.DLL
_FileTimeToLocalFileTime@8          KERNEL32.DLL
_FileTimeToDosDateTime@12           KERNEL32.DLL
_DosDateTimeToFileTime@12           KERNEL32.DLL
_LocalFileTimeToFileTime@8          KERNEL32.DLL
_FormatMessageA@28                  KERNEL32.DLL
_DeleteFileA@4                      KERNEL32.DLL
_SetEndOfFile@4                     KERNEL32.DLL
_ReadFile@20                        KERNEL32.DLL
_CharUpperA@4                       USER32.DLL
_VirtualAlloc@16                    KERNEL32.DLL
_InitializeCriticalSection@4        KERNEL32.DLL
_DeleteCriticalSection@4            KERNEL32.DLL
_LeaveCriticalSection@4             KERNEL32.DLL
_EnterCriticalSection@4             KERNEL32.DLL
_SetLastError@4                     KERNEL32.DLL
_TlsAlloc@0                         KERNEL32.DLL
_TlsFree@4                          KERNEL32.DLL
_VirtualFree@12                     KERNEL32.DLL
_CreateThread@24                    KERNEL32.DLL
_ResumeThread@4                     KERNEL32.DLL
_ExitThread@4                       KERNEL32.DLL
_SetEnvironmentVariableA@8          KERNEL32.DLL
_GetTimeZoneInformation@4           KERNEL32.DLL
_GetACP@0                           KERNEL32.DLL
_GetOEMCP@0                         KERNEL32.DLL
_GetCPInfo@8                        KERNEL32.DLL
_WideCharToMultiByte@32             KERNEL32.DLL
_FlushFileBuffers@4                 KERNEL32.DLL


                        +--------------------+
                        |   Libraries Used   |
                        +--------------------+

C:\WATCOM\lib386\nt\kernel32.lib
C:\WATCOM\lib386\nt\user32.lib
C:\WATCOM\lib386\nt\flib7.lib
C:\WATCOM\lib386\math387r.lib
C:\WATCOM\lib386\nt\clib3r.lib
C:\WATCOM\lib386\nt\emu387.lib


                        +-----------------------+
                        |   Linker Statistics   |
                        +-----------------------+

Stack size:  00010000 (65536.)
Memory size:  0002719e (160158.)
Entry point address: 00401520
Link time: 00:00.34
