Open Watcom Linker Version 2.0 beta Apr  2 2015 09:56:44 (64-bit)
Copyright (c) 2002-2015 The Open Watcom Contributors. All Rights Reserved.
Portions Copyright (c) 1985-2002 Sybase, Inc. All Rights Reserved.
Created on:       15/07/13 16:35:22
Executable Image: exercicio14.exe
creating a Windows NT character-mode executable


                        +------------+
                        |   Groups   |
                        +------------+

Group                           Address              Size
=====                           =======              ====

.idata                          00416000             00000708
DGROUP                          00417000             00016250



                        +--------------+
                        |   Segments   |
                        +--------------+

Segment                Class          Group          Address         Size
=======                =====          =====          =======         ====

BEGTEXT                CODE           AUTO           00401000        00000007
_TEXT                  CODE           AUTO           00401010        000141d0
TRANSFER CODE          CODE           AUTO           004151e0        00000186
.idata                 .idata         .idata         00416000        00000708
_NULL                  BEGDATA        DGROUP         00417000        00000004
_AFTERNULL             BEGDATA        DGROUP         00417004        00000000
CONST                  DATA           DGROUP         00417010        000001a0
_DATA                  DATA           DGROUP         004171b0        00001018
XIB                    DATA           DGROUP         004181c8        00000000
XI                     DATA           DGROUP         004181c8        0000004e
XIE                    DATA           DGROUP         00418216        00000000
YIB                    DATA           DGROUP         00418216        00000000
YI                     DATA           DGROUP         00418216        00000030
YIE                    DATA           DGROUP         00418246        00000000
CONST2                 DATA           DGROUP         00418248        00000000
TIB                    DATA           DGROUP         00418248        00000000
TI                     DATA           DGROUP         00418248        00000000
TIE                    DATA           DGROUP         00418248        00000000
DATA                   DATA           DGROUP         00418248        00000000
DATA32                 DATA           DGROUP         00418248        0000011c
CONST32                CONST          DGROUP         00419000        00000000
_BSS                   BSS            DGROUP         00419000        000011dc
GDATA@0                BSS            DGROUP         0041a1e0        00003070
BSS32                  BSS            DGROUP         0041d250        00000000
STACK                  STACK          DGROUP         0041d250        00010000


                        +----------------+
                        |   Memory Map   |
                        +----------------+

* = unreferenced symbol
+ = symbol only referenced locally

Address        Symbol
=======        ======

Module: exercicio14.obj(C:\Users\Samsung\Desktop\2015.1\Comp2\Exercicio14\exercicio14.for)
00401010       FMAIN
Module: C:\WATCOM\lib386\nt\flib7.lib(cowrite.asm)
0040154a       RT@IOWrite
00401559*      RT@OutLOG1
0040156b*      RT@OutLOG4
00401579*      RT@OutINT1
0040158b*      RT@OutINT2
0040159b       RT@OutINT4
004015aa*      RT@OutREAL
004015ba       RT@OutDBLE
004015ca*      RT@OutXTND
004015da*      RT@OutCPLX
004015f0*      RT@OutDBCX
00401606*      RT@OutXTCX
0040161c       RT@OutCHAR
00401621*      RT@OutSTR
00401626*      RT@PrtArr
0040162b*      RT@PrtChArr
Module: C:\WATCOM\lib386\nt\flib7.lib(cortns.asm)
00417220*      _FRT_SaveESP
0040163b*      SwitchToGen
00401659       SwitchToRT
00401677       RdWrCommon
0040171b       IOType_
00401739       IOChar
00401754       IOStr
00401769       IOArr
00401784       IOChArr
004017a6       RT@EndIO
Module: C:\WATCOM\lib386\nt\flib7.lib(coread.asm)
004017b0       RT@IORead
004017bf*      RT@InpLOG1
004017ce*      RT@InpLOG4
004017dd*      RT@InpINT1
004017ec*      RT@InpINT2
004017fb       RT@InpINT4
0040180a*      RT@InpREAL
00401819       RT@InpDBLE
00401828*      RT@InpXTND
00401837*      RT@InpCPLX
00401846*      RT@InpDBCX
00401855*      RT@InpXTCX
00401864*      RT@InpCHAR
00401869*      RT@InpSTR
0040186e*      RT@InpArr
00401873*      RT@InpChArr
Module: C:\WATCOM\lib386\nt\flib7.lib(setfmt.c)
00401880       RT@SetFmt
Module: C:\WATCOM\lib386\nt\clib3r.lib(cstrtwnt)
004018a0       _cstart_
004018a0*      mainCRTStartup
Module: C:\WATCOM\lib386\nt\clib3r.lib(_8087386.asm)
00417240       __8087
00417241       __real87
Module: C:\WATCOM\lib386\nt\emu387.lib(386stub.asm)
004018fc       __init_387_emulator
004018fd*      __fini_387_emulator
Module: C:\WATCOM\lib386\nt\flib7.lib(initeng.c)
004190f0       __init_english
Module: C:\WATCOM\lib386\nt\flib7.lib(initerr.c)
004190f4       __init_error
Module: C:\WATCOM\lib386\nt\flib7.lib(exwrite.c)
00401970       DoWrite_
Module: C:\WATCOM\lib386\nt\flib7.lib(setiocb.c)
004019a0       RT@SetIOCB
Module: C:\WATCOM\lib386\nt\flib7.lib(rdata.c)
00419100       _IORslt
00419110       _FmtBuff
00419114*      _Fmt_revert
00419118*      _Fmt_start
0041911c*      _Fmt_paren_level
00419120*      _Fmt_charptr
00419124*      _FmtEmStruct
00419128       _IOTypeRtn
0041912c*      _Fmt_end
00419130*      _Fmt_rep_spec
00419134       _FmtRoutine
00419138       _IOCB
0041913c       _Files
00419140*      _Fmt_delimited
Module: C:\WATCOM\lib386\nt\flib7.lib(iomain.c)
00401a30       __ReleaseIOSys_
00401a50       IOMain_
Module: C:\WATCOM\lib386\nt\clib3r.lib(crwdata)
00417285       __osmajor
00417286       __osminor
00417287       __osbuild
00417289       __osver
0041728d       __winmajor
00417291       __winminor
00417295       __winver
00417254       __LpDllName
00417258       __LpwCmdLine
0041725c       __LpwPgmName
00417260       __LpwDllName
0041724c       __LpCmdLine
00417250       __LpPgmName
00417244*      __dynend
00417248       __curbrk
00417264*      __STACKLOW
00417268       __STACKTOP
0041726c       __ASTACKSIZ
00417270       __ASTACKPTR
00417274*      __cbyte
00417278*      __cbyte2
0041727c*      __child
00417281       __Envptr
00417280       __no87
00417299       ___FPE_handler
Module: C:\WATCOM\lib386\nt\flib7.lib(thrdutil.c)
00401c60*      __InitMultiThreadIO_
004172a4       ___SwitchStkLow
Module: C:\WATCOM\lib386\nt\flib7.lib(exread.c)
00401cf0       DoRead_
Module: C:\WATCOM\lib386\nt\flib7.lib(rfmtexec.c)
00402650       R_FExec_
Module: C:\WATCOM\lib386\nt\clib3r.lib(main2wnt.c)
00402680       __NTMain
Module: C:\WATCOM\lib386\nt\clib3r.lib(segdefns)
00401003       ___begtext
00417000*      __nullarea
004181c8       __Start_XI
00418216       __End_XI
00418216       __Start_YI
00418246       __End_YI
Module: C:\WATCOM\lib386\nt\clib3r.lib(chk8087.c)
00402700*      _fpreset_
00402740       __chk8087_
00402750*      __init_8087_
Module: C:\WATCOM\lib386\nt\flib7.lib(english.c)
004027a0       __UseEnglishCharSet_
Module: C:\WATCOM\lib386\nt\flib7.lib(errincl.c)
004028b0       __InitError_
004172a8+      _PGroupTable
004172ac+      _PErrWord
Module: C:\WATCOM\lib386\nt\flib7.lib(rdwr.c)
004028d0+      DoOpen_
00402900+      _AllocBuffer_
00402940       IOPrologue_
00402b80       UpdateRecNum_
Module: C:\WATCOM\lib386\nt\flib7.lib(unfmtout.c)
00402ca0       UnFmtOut_
Module: C:\WATCOM\lib386\nt\flib7.lib(freeout.c)
004030f0       FreeOut_
004172b0+      _OutRtn
Module: C:\WATCOM\lib386\nt\flib7.lib(rtutls.c)
004031f0       FindFtnFile_
004032e0       RChkAlloc_
00403310       F_Connect_
00403390       ConnectFile_
004033a0*      GetFileInfo_
00403490       DiscoFile_
00403500*      ChkFileName_
00403530+      ChkLogFile_
00403570       ChkIOOperation_
004035b0       GetIOErr_
004035c0       ChkIOErr_
004035e0       ChkUnitId_
00403620*      ChkConnected_
00403640       SetEOF_
00403670       ClearEOF_
004036b0       SysEOF_
004036e0       IsFixed_
004036f0       IsCarriage_
00403700*      ChkRecordStructure_
00403730*      ChkSequential_
00403750*      ChkExist_
00403780*      StrItem_
Module: C:\WATCOM\lib386\nt\flib7.lib(rtinit.c)
004172e4       ___FAppType
004172e8       __ExceptionInit
004172ec       __ExceptionFini
004037c0*      __InitFThreadData_
00403800+      RTSysFini_
00403810       RTSysInit_
004172f4       __AccessFIO
004172f8       __ReleaseFIO
004172fc       __PartialReleaseFIO
00419148       ___FThreadDataOffset
004181e6*      ___fthread_data_size
Module: C:\WATCOM\lib386\nt\clib3r.lib(mainwnt.c)
00417300       ___TlsIndex
00417304       ___FirstThreadData
00417308       ___GetThreadPtr
0041730c       __AccessFileH
00417310       __ReleaseFileH
00417314       __AccessIOB
00417318       __ReleaseIOB
0041731c       __AccessNHeap
00417320       __AccessFHeap
00417324       __ReleaseNHeap
004038d0*      __threadid_
004038f0+      __sig_null_rtn_
00403900+      __NTInit_
00403b10+      __NTFini_
00403b90       __NTMainInit_
00403bf0       __exit_
00417328       __ReleaseFHeap
0041732c       __AccessTDList
00417330       __ReleaseTDList
00417334       __AccessFList
00417338       __ReleaseFList
0041733c       __ThreadExitRtn
00417340       ___sig_init_rtn
00417344       ___sig_fini_rtn
00417348       ___process_fini
00419154       ___Is_DLL
Module: C:\WATCOM\lib386\nt\flib7.lib(ioinit.c)
00403c50       IOSysInit_
Module: C:\WATCOM\lib386\nt\flib7.lib(rterr.c)
00417350+      _TraceRoutine
00403ca0+      FlushStdUnit_
00403cf0+      WriteErr_
00403dc0       ErrHandler_
00403e00       RTErr_
0041735c+      LG@ERR_HOOK
Module: C:\WATCOM\lib386\nt\flib7.lib(spawn.c)
00403e30       Spawn_
00403e90       Suicide_
Module: C:\WATCOM\lib386\nt\flib7.lib(rtsysutl.c)
00403ed0       GetSysIOInfo_
00403ef0       GetSysFileInfo_
00403f20*      IsDevice_
004040f0       OpenAction_
00404130*      DfltRecType_
00404150+      _FileAttrs_
00404210       CloseFile_
00404280       Scrtched_
004042a0*      CloseDeleteFile_
004042f0       Errf_
00404310       FPutBuff_
00404380       FGetBuff_
004043d0       SeekFile_
004043f0       NoEOF_
00404400       SysClearEOF_
00404410*      SameFile_
00404420*      Rewindf_
00404440*      SysCreateFile_
00404480       CheckLogicalRecord_
004044a0       SkipLogicalRecord_
004044c0*      BackSpacef_
004044f0*      EndFilef_
00404530       GetIOErrMsg_
00404570       ReportNExist_
00404590       ReportEOF_
004045a0*      WaitForEnter_
Module: C:\WATCOM\lib386\nt\flib7.lib(unfmtin.c)
004045b0       UnFmtIn_
00404650+      NextUnFmtRec_
Module: C:\WATCOM\lib386\nt\flib7.lib(freein.c)
00404a30+      GetNum_
00404c30       FreeIn_
00404c40*      DoFreeIn_
00404c70+      BumpComma_
00404ca0+      Blanks_
00404cc0+      CheckEor_
Module: C:\WATCOM\lib386\nt\flib7.lib(ioerr.c)
00405300       IOErr_
Module: C:\WATCOM\lib386\nt\flib7.lib(wrutils.c)
00405390       F_SendData_
004053f0*      SendLine_
00405400       SendEOR_
00405490*      SendInt_
004054c0       SendStr_
004054e0+      SendWSLStr_
00405500       SendChar_
00405520       Drop_
004056e0       IOItemResult_
Module: C:\WATCOM\lib386\nt\flib7.lib(rfmtutil.c)
00405790       R_ChkType_
004057c0       R_NewRec_
00405800       R_ChkIType_
00405830       R_ChkFType_
00405860       R_ChkRecLen_
00405880+      GetLen_
004058c0       R_FOStr_
004058d0*      FOString_
00405940       R_FIStr_
00405a00       R_FOLog_
00405a50       R_FILog_
00405b30       R_FIFloat_
00405d20       GetReal_
00405e30       R_FOF_
00405eb0       R_FOE_
00405ff0+      FmtH2B_
004060e0       R_FIHex_
00406260       R_FOHex_
00406270*      FOHex_
00406370       R_FIInt_
00406480       R_FOInt_
004066e0       R_FOG_
00406960+      ChkBuffLen_
Module: C:\WATCOM\lib386\nt\flib7.lib(arrayio.c)
00406a20       ArrayIOType_
Module: C:\WATCOM\lib386\nt\clib3r.lib(initrtns.c)
00406ab0       __InitRtns
00406b00       __FiniRtns
Module: C:\WATCOM\lib386\nt\clib3r.lib(mthrdini.c)
00406b60       __InitThreadData_
00417360       ___ThreadDataSize
Module: C:\WATCOM\lib386\nt\clib3r.lib(memset.c)
00406b90       memset_
Module: C:\WATCOM\lib386\nt\clib3r.lib(cmain386.c)
00406bb0       __CMain
Module: C:\WATCOM\lib386\nt\clib3r.lib(dosseg)
00001234       __DOSseg__
Module: C:\WATCOM\lib386\nt\clib3r.lib(8087cw.c)
00417364       __8087cw
Module: C:\WATCOM\lib386\nt\clib3r.lib(save8087.c)
00417368       ___Save8087
0041736c       ___Rest8087
Module: C:\WATCOM\lib386\nt\clib3r.lib(ini87386.asm)
00406bf4       __x87id
Module: C:\WATCOM\lib386\nt\flib7.lib(csetinfo.c)
00419770       _CharSetInfo
Module: C:\WATCOM\lib386\nt\flib7.lib(errmsg.c)
00406f60       _GroupTable
00407010       _ErrWord
Module: C:\WATCOM\lib386\nt\flib7.lib(blderr.c)
004076d0       Substitute_
004078a0       ErrCodOrg_
Module: C:\WATCOM\lib386\nt\flib7.lib(errrtns.c)
00419784       ___ErrorFini
00419788       ___ErrorInit
0041978c       ___BldErrMsg
Module: C:\WATCOM\lib386\nt\flib7.lib(sdfile.c)
00417370*      _FFCtrlSeq
00417372*      _SkipCtrlSeq
00417374       _NormalCtrlSeq
00417376       _SDTermIn
0041737a       _SDTermOut
0041737e*      _SDPrtName
Module: C:\WATCOM\lib386\nt\flib7.lib(unfmtutl.c)
004078b0       _SizeVars
Module: C:\WATCOM\lib386\nt\flib7.lib(undefcg.c)
00407950       OutLogCG_
00407960       OutIntCG_
004079a0+      FmtRealCG_
004079d0+      FmtDoubleCG_
00407a00+      FmtExtendedCG_
00407a30+      UndefIntCG_
00407a30+      UndefLogCG_
00407a30+      UndefExtendedCG_
00407a30+      UndefDoubleCG_
00407a30+      UndefRealCG_
00407a40+      GetRealCG_
00417384       _FmtRealRtn
00417388       _FmtDoubleRtn
0041738c       _FmtExtendedRtn
00417390       _SendStrRtn
00417394       _UndefRealRtn
00417398       _UndefDoubleRtn
0041739c       _UndefExtendedRtn
004173a0       _UndefLogRtn
004173a4       _UndefIntRtn
004173a8       _GetRealRtn
Module: C:\WATCOM\lib386\nt\flib7.lib(cctrl.c)
00407a50       CheckCCtrl_
Module: C:\WATCOM\lib386\nt\flib7.lib(fdutil.c)
00407ac0       LocFile_
00407ad0       LocUnit_
00407b00       ExtractInfo_
Module: C:\WATCOM\lib386\nt\flib7.lib(rstdio.c)
00407c30       _InitStandardInput_
00407c60       _InitStandardOutput_
Module: C:\WATCOM\lib386\nt\flib7.lib(rmemmgr.c)
00407c90       RMemAlloc_
00407ca0       RMemFree_
Module: C:\WATCOM\lib386\nt\flib7.lib(deffname.c)
004173ac       _DefFName
Module: C:\WATCOM\lib386\nt\flib7.lib(stracc.c)
00407cb0       TrimStr_
00407cf0       GetStr_
Module: C:\WATCOM\lib386\nt\flib7.lib(rttraps.c)
00407e10       __EnableF77RTExceptionHandling_
00407e20       R_TrapInit_
00407eb0       R_TrapFini_
00407ec0*      __InitExceptionVectors_
Module: C:\WATCOM\lib386\nt\clib3r.lib(nodefwin.c)
004173b4*      __WindowsIsWindowedHandle
004173b8*      __WindowsRemoveWindowedHandle
004173bc*      __WindowsNewWindow
004173c0*      __WindowsCloseWindow
004173c4*      __WindowsSetAbout
004173c8*      __WindowsSetAppTitle
004173cc*      __WindowsSetConTitle
004173d0*      __WindowsDestroyOnClose
004173d4*      __WindowsYieldControl
004173d8*      __WindowsShutDown
004173dc*      __WindowsStdin
004173e0       __WindowsStdout
004173e4*      __WindowsKbhit
004173e8*      __WindowsGetch
004173ec*      __WindowsGetche
004173f0*      __WindowsPutch
00407ee0*      _dwShutDown_
00407ee0*      _dwYield_
00407ee0*      _dwSetConTitle_
00407ee0*      _dwSetAppTitle_
00407ee0*      _dwSetAboutDlg_
00407ee0       _dwDeleteOnClose_
004173f4*      __WindowsExitRtn
00419790*      __init_default_win
Module: C:\WATCOM\lib386\nt\clib3r.lib(atexit.c)
00407ee3       atexit_
Module: C:\WATCOM\lib386\nt\clib3r.lib(regdata.c)
00407f40       __RegisterThreadDataSize_
Module: C:\WATCOM\lib386\nt\clib3r.lib(hdlman.c)
004173f8+      ___NHandles
004173fc+      ___OSHandles
00417400+      ___FakeHandles
00407f70+      __growPOSIXHandles_
00408010       __allocPOSIXHandle_
004080d0       __freePOSIXHandle_
004080f0       __getOSHandle_
00408100       __setOSHandle_
00408150+      __NTGetFakeHandle_
004081c0       __initPOSIXHandles_
004082a0*      __set_handles_
004082b0*      _grow_handles_
Module: C:\WATCOM\lib386\nt\clib3r.lib(environ.c)
00419818       ___env_mask
0041981c       _environ
00419820       __wenviron
Module: C:\WATCOM\lib386\nt\clib3r.lib(getmodfn.c)
004082f0       __lib_GetModuleFileNameW_
Module: C:\WATCOM\lib386\nt\clib3r.lib(strdup.c)
00408390       __clib_strdup_
Module: C:\WATCOM\lib386\nt\clib3r.lib(istable.c)
004083d0       __IsTable
Module: C:\WATCOM\lib386\nt\clib3r.lib(ustrdup.c)
004084d1       __clib_wcsdup_
Module: C:\WATCOM\lib386\nt\clib3r.lib(nfree.c)
00408500       _nfree_
00408500       free_
00419824       ___MiniHeapFreeRover
Module: C:\WATCOM\lib386\nt\clib3r.lib(excptwnt.c)
00408c70+      ___ReportException@4
004090c0       __DefaultExceptionHandler_
00409100+      ___ExceptionFilter
00409310       __NewExceptionFilter_
00409340       __DoneExceptionFilter_
0041740c       ___oscode_check_func
00417410       ___raise_func
00419828*      _sw
0041982c       ___ExceptionHandled
0041982d+      ___ReportInvoked
Module: C:\WATCOM\lib386\nt\clib3r.lib(stklmwnt.c)
00409380       __init_stack_limits_
Module: C:\WATCOM\lib386\nt\flib7.lib(runmain.c)
004093f0*      __InitUnit6CC_
00409400       __DevicesCC_
00409410*      __InitAllowCommaSeparator_
00409420       __AllowCommaSep_
00409430+      _InitIO_
004094a0+      CloseAllFiles_
004094e0*      _FiniEx_
004094e0       RunExit_
00409520       RunEntry_
Module: C:\WATCOM\lib386\nt\flib7.lib(posdat.c)
0041760c       _FStdIn
00417610       _FStdOut
00417614       _FStdErr
Module: C:\WATCOM\lib386\nt\flib7.lib(posflush.c)
00409550       FlushBuffer_
Module: C:\WATCOM\lib386\nt\flib7.lib(errutil.c)
00409600       BldErrCode_
00409660*      MsgFormat_
00409690*      MsgBuffer_
00417618+      _PGrpCodes
Module: C:\WATCOM\lib386\nt\clib3r.lib(enterdb.c)
004096c0       __EnterWVIDEO_
0041761c       ___WD_Present
Module: C:\WATCOM\lib386\nt\flib7.lib(stdio.c)
00409700       StdBuffer_
00409720+      StdWrite_
00409800       StdFlush_
00409830       StdWriteNL_
Module: C:\WATCOM\lib386\nt\clib3r.lib(stjmp386.asm)
00409858       _setjmp_
00409891       longjmp_
Module: C:\WATCOM\lib386\nt\clib3r.lib(exit.c)
00409913+      __null_int23_exit_
00409914       exit_
00409964*      _exit_
00417a28+      ___int23_exit
00417a2c+      ___FPE_handler_exit
Module: C:\WATCOM\lib386\nt\clib3r.lib(accsswnt.c)
00409980       access_
Module: C:\WATCOM\lib386\nt\clib3r.lib(fullpath.c)
004099c0+      _sys_fullpath_
00409a40       _fullpath_
Module: C:\WATCOM\lib386\nt\clib3r.lib(fstatwnt.c)
00409ab0       fstat_
Module: C:\WATCOM\lib386\nt\flib7.lib(poserr.c)
00409e10       Errorf_
00409e30*      EOFile_
00409e50       ErrorMsg_
00409e90       FSetTrunc_
00409ea0       FSetSysErr_
00409ec0       FSetErr_
00409ee0       FSetEof_
00409f00       IOOk_
Module: C:\WATCOM\lib386\nt\clib3r.lib(statwnt.c)
0040a025       stat_
Module: C:\WATCOM\lib386\nt\flib7.lib(posopen.c)
0040a260       InitStd_
0040a320       SetIOBufferSize_
0040a340+      _AllocFile_
0040a430       Openf_
0040a530       Closef_
Module: C:\WATCOM\lib386\nt\flib7.lib(posdel.c)
0040a5b0       Scratchf_
Module: C:\WATCOM\lib386\nt\flib7.lib(posput.c)
0040a5d0       FPutRec_
0040a610       ChopFile_
0040a660*      PutRec_
0040a780       writebytes_
0040a800       SysWrite_
Module: C:\WATCOM\lib386\nt\flib7.lib(posget.c)
0040a940       readbytes_
0040aa10       SysRead_
0040ae70       FGetRec_
0040aea0*      GetRec_
0040aec0       GetStdChar_
0040af10       FCheckLogical_
0040af90       FSkipLogical_
0040b060*      FGetVarRecLen_
Module: C:\WATCOM\lib386\nt\flib7.lib(posseek.c)
0040b150       FSeekRec_
0040b190       CurrFileOffset_
0040b190       FGetFilePos_
0040b1b0       SysSeek_
0040b3a0*      FSeekAbs_
Module: C:\WATCOM\lib386\nt\clib3r.lib(stricmp.c)
0040b3b0       stricmp_
Module: C:\WATCOM\lib386\nt\flib7.lib(posrew.c)
0040b3f0       FRewind_
Module: C:\WATCOM\lib386\nt\flib7.lib(posback.c)
0040b460       FBackspace_
Module: C:\WATCOM\lib386\nt\flib7.lib(postrunc.c)
0040b530       FTruncate_
Module: C:\WATCOM\lib386\nt\clib3r.lib(errno.c)
0040b550       __get_errno_ptr_
0040b560*      __get_doserrno_ptr_
Module: C:\WATCOM\lib386\nt\flib7.lib(rdutils.c)
0040b570       NextRec_
Module: C:\WATCOM\lib386\nt\clib3r.lib(toupper.c)
0040b680       toupper_
Module: C:\WATCOM\lib386\nt\flib7.lib(chrutils.c)
0040b690       JmpBlanks_
Module: C:\WATCOM\lib386\nt\flib7.lib(fmtcnvt.c)
0040b6c0       FmtS2I_
0040b800       FmtS2F_
Module: C:\WATCOM\lib386\nt\flib7.lib(ifile.c)
0040bbe0       SendIFBuff_
0040bc10       NextIFBuff_
Module: C:\WATCOM\lib386\nt\clib3r.lib(ltoa.c)
0040bc40       ultoa_
0040bc90       ltoa_
Module: C:\WATCOM\lib386\nt\flib7.lib(rfmtlog.c)
0040bcd0       R_FmtLog_
Module: C:\WATCOM\lib386\nt\flib7.lib(fmtrtns.c)
0040bd00       R_F2E_
0040be70       R_F2F_
0040c000       SetMaxPrec_
Module: C:\WATCOM\lib386\nt\flib7.lib(flt86.c)
0040c010       _P1d100
0040c018       _P1d_99
Module: C:\WATCOM\lib386\math387r.lib(pow87.asm)
0040c179*      pow_
0040c020       IF@DPOW
0040c020*      IF@POW
Module: C:\WATCOM\lib386\nt\flib7.lib(hexcnv.c)
0040c1a0       Hex_
0040c1c0*      HSToB_
0040c230       BToHS_
Module: C:\WATCOM\lib386\nt\clib3r.lib(strupr.c)
0040c280       strupr_
Module: C:\WATCOM\lib386\nt\clib3r.lib(__stos.asm)
0040c2a0       __STOSB
0040c2d7*      __STOSD
Module: C:\WATCOM\lib386\nt\clib3r.lib(cinit.c)
0040c350       __CommonInit_
Module: C:\WATCOM\lib386\nt\clib3r.lib(___argc.c)
00419834       ____Argc
00419838       ____Argv
Module: C:\WATCOM\lib386\nt\flib7.lib(rtmain.c)
0040c360       main_
Module: C:\WATCOM\lib386\nt\clib3r.lib(memmove.c)
0040c380       memmove_
Module: C:\WATCOM\lib386\nt\clib3r.lib(sprintf.c)
0040c3e0       sprintf_
Module: C:\WATCOM\lib386\nt\flib7.lib(expchk.c)
0040c410       ToFFormat_
Module: C:\WATCOM\lib386\nt\clib3r.lib(getenv.c)
0040c460       getenv_
Module: C:\WATCOM\lib386\nt\clib3r.lib(nmalloc.c)
0040c500       _nmalloc_
0040c500       malloc_
00417a38       ___nheapbeg
00417a3c       ___MiniHeapRover
00417a40       ___LargestSizeB4MiniHeapRover
Module: C:\WATCOM\lib386\nt\clib3r.lib(signlwnt.c)
00417a44+      __SignalTable
0040c600+      __SetSignalFunc_
0040c650+      __GetSignalFunc_
0040c680+      __GetSignalOSCode_
0040c6b0+      __CheckSignalExCode_
0040c7f0+      __sigabort_
0040c800       __sigfpe_handler_
0040c850       signal_
0040c8e0+      raise_
0040c950+      __SigInit_
0040c9a0+      __SigFini_
0040c9e0+      __sig_init_
Module: C:\WATCOM\lib386\nt\flib7.lib(fptraps.c)
0040cac0*      __MaskDefaultFPE_
0040cae0       FPTrapInit_
0040cb10       FPTrapFini_
Module: C:\WATCOM\lib386\nt\clib3r.lib(trdlist.c)
0040cb80       __GetThreadData_
0040cbd0       __ReallocThreadData_
0040ccc0       __AddThreadData_
0040cd40       __RemoveThreadData_
0040cda0       __ResizeThreadDataList_
0040cdd0       __FreeThreadDataList_
0040ce00*      __ActiveThreads_
Module: C:\WATCOM\lib386\nt\clib3r.lib(seterrno.c)
0040ce17       __set_errno_
0040ce25*      __set_EDOM_
0040ce33       __set_ERANGE_
0040ce41*      __set_EINVAL_
0040ce54       __set_doserrno_
Module: C:\WATCOM\lib386\nt\clib3r.lib(nrealloc.c)
0040ce70*      _nrealloc_
0040ce70       realloc_
Module: C:\WATCOM\lib386\nt\clib3r.lib(iomode.c)
0040cef0       __GetIOMode_
0040cf10       __SetIOMode_nogrow_
00417ab0       ___NFiles
00417ab4       ___init_mode
00417b04       ___io_mode
Module: C:\WATCOM\lib386\nt\clib3r.lib(stiomode.c)
0040cf30       __grow_iomode_
0040d000+      __shrink_iomode_
0040d040       __SetIOMode_
Module: C:\WATCOM\lib386\nt\clib3r.lib(setenvp.c)
0040d0c0       __setenvp_
0040d190       __freeenvp_
Module: C:\WATCOM\lib386\nt\clib3r.lib(ustrlen.c)
0040d1dd       wcslen_
Module: C:\WATCOM\lib386\nt\clib3r.lib(memcpy.c)
0040d1f0       memcpy_
Module: C:\WATCOM\lib386\nt\clib3r.lib(mem.c)
0040d210       __MemAllocator
0040d2c0       __MemFree
Module: C:\WATCOM\lib386\nt\clib3r.lib(conutwnt.c)
0040d410*      __NTRealKey_
0040d4c0*      __NTConsoleInput_
0040d4d0       __NTConsoleOutput_
Module: C:\WATCOM\lib386\nt\clib3r.lib(fclex387.c)
0040d4e0       _ClearFPE_
Module: C:\WATCOM\lib386\nt\clib3r.lib(lseek.c)
0040d4f0       lseek_
Module: C:\WATCOM\lib386\nt\clib3r.lib(write.c)
0040d790       write_
Module: C:\WATCOM\lib386\nt\flib7.lib(errgrp.c)
0040d9f0       _GrpCodes
Module: C:\WATCOM\lib386\nt\clib3r.lib(iob.c)
00417b10       ___iob
00419848       ___OpenStreams
0041984c       ___ClosedStreams
Module: C:\WATCOM\lib386\nt\clib3r.lib(setmd.c)
0040da80       setmode_
Module: C:\WATCOM\lib386\nt\clib3r.lib(ljmphdl.c)
00417d18       ___longjmp_handler
Module: C:\WATCOM\lib386\nt\clib3r.lib(fgtattr.c)
0040db80       __fixed_GetFileAttributesA_
Module: C:\WATCOM\lib386\nt\clib3r.lib(dosret.c)
0040dc20*      __dosretax
0040dc30*      __dosret0
0040dc40       __set_errno_dos_
0040dc70*      __set_errno_dos_reterr_
0040dc80       __set_errno_nt_
0040dc90*      __set_errno_nt_reterr_
Module: C:\WATCOM\lib386\nt\clib3r.lib(gtcwdwnt.c)
0040dcb0       getcwd_
Module: C:\WATCOM\lib386\nt\clib3r.lib(iomodtty.c)
0040dd40       __ChkTTYIOMode_
0040dd80       __IOMode_
Module: C:\WATCOM\lib386\nt\clib3r.lib(ntdosdt.c)
0040dda0       __MakeDOSDT_
0040ddd0*      __FromDOSDT_
Module: C:\WATCOM\lib386\nt\clib3r.lib(d2ttime.c)
0040de00       _d2ttime_
Module: C:\WATCOM\lib386\nt\clib3r.lib(strerror.c)
0040e1a0       strerror_
0040e1c0*      _strerror_
0040e290*      _doserror_
00417e20+      __sys_errlist
00417ec4+      __sys_nerr
Module: C:\WATCOM\lib386\nt\clib3r.lib(cmp386.asm)
0040e2c0       strcmp_
Module: C:\WATCOM\lib386\nt\clib3r.lib(mbspbrk.c)
0040e400       _mbspbrk_
Module: C:\WATCOM\lib386\nt\clib3r.lib(mbsinc.c)
0040e450       _mbsinc_
Module: C:\WATCOM\lib386\nt\clib3r.lib(tolower.c)
0040e480       tolower_
Module: C:\WATCOM\lib386\nt\clib3r.lib(close.c)
0040e490       close_
Module: C:\WATCOM\lib386\nt\clib3r.lib(openwnt.c)
0040e6b0*      open_
0040e6d0       sopen_
Module: C:\WATCOM\lib386\nt\flib7.lib(poscc.c)
0040e700*      __LineFeedWithFormFeed_
0040e710       FSetCC_
Module: C:\WATCOM\lib386\nt\clib3r.lib(unlnkwnt.c)
0040e770       unlink_
Module: C:\WATCOM\lib386\nt\clib3r.lib(chsizwnt.c)
0040e7f0       chsize_
Module: C:\WATCOM\lib386\nt\clib3r.lib(read.c)
0040e8e0       read_
Module: C:\WATCOM\lib386\nt\flib7.lib(intarith.c)
0040ea70       AddIOFlo_
0040ea80*      SubIOFlo_
0040ea90       MulIOFlo_
Module: C:\WATCOM\lib386\math387r.lib(strtod.c)
0040efb3+      __Strtold_
0040f11a       strtod_
Module: C:\WATCOM\lib386\nt\clib3r.lib(alphabet.c)
0041714c       ___Alphabet
Module: C:\WATCOM\lib386\math387r.lib(ldcvt.c)
0040f33f       _LDScale10x_
0040f8e6       __LDcvt_
Module: C:\WATCOM\lib386\nt\clib3r.lib(chipvar)
00417f78       ___chipbug
00417f78       __chipbug
Module: C:\WATCOM\lib386\math387r.lib(pow87e.c)
0040fd34       __pow87_err_
Module: C:\WATCOM\lib386\math387r.lib(exp87.asm)
0040fe23*      exp_
0040fdbc*      __@DEXP1
0040fdc4*      IF@EXP
0040fdc4*      IF@DEXP
0040fdc6       __@DEXP
Module: C:\WATCOM\lib386\nt\clib3r.lib(chipd32.asm)
0040ff47       __fdiv_fpr
00410409*      __fdiv_chk
0041041c*      __fdiv_m32
00410469*      __fdiv_m64
004104b6*      __fdiv_m32r
00410503*      __fdiv_m64r
Module: C:\WATCOM\lib386\nt\clib3r.lib(argcv.c)
00419950       __argc
00419954       __argv
00419958       ___argc
0041995c       ___argv
Module: C:\WATCOM\lib386\nt\clib3r.lib(vsprintf.c)
00410570       vsprintf_
Module: C:\WATCOM\lib386\nt\clib3r.lib(mbterm.c)
00410590       _mbterm_
Module: C:\WATCOM\lib386\nt\clib3r.lib(mbsnextc.c)
004105d0       _mbsnextc_
Module: C:\WATCOM\lib386\nt\clib3r.lib(mbcupper.c)
00410610       _mbctoupper_
Module: C:\WATCOM\lib386\nt\clib3r.lib(nmemneed.c)
00410640       __nmemneed_
Module: C:\WATCOM\lib386\nt\clib3r.lib(grownear.c)
004107b0       __ExpandDGROUP_
Module: C:\WATCOM\lib386\nt\clib3r.lib(abort.c)
004107d6*      abort_
004107e8       __terminate_
00417f8c       ___abort
Module: C:\WATCOM\lib386\nt\clib3r.lib(cntrl87.c)
00410800       _control87_
Module: C:\WATCOM\lib386\nt\clib3r.lib(mthread.c)
004109e0+      __CloseSemaphore_
00410a20+      __AccessIOB_
00410a30+      __ReleaseIOB_
00410a40+      __AccessFileH_
00410a50+      __ReleaseFileH_
00410a60+      __AccessNHeap_
00410a70+      __ReleaseNHeap_
00410a80+      __AccessFHeap_
00410a90+      __ReleaseFHeap_
00410aa0+      __AccessTDList_
00410ab0+      __ReleaseTDList_
00410ac0+      __AccessFList_
00410ad0+      __AccessSemaphore_
00410b30+      __ReleaseFList_
00410b40+      __ReleaseSemaphore_
00410b70+      __MultipleThread_
00410bc0+      __AllocInitThreadData_
00410c10+      __FreeInitThreadData_
00410c20       __NTThreadInit_
00410c90       __NTAddThread_
00410ce0       __NTRemoveThread_
00410d70       __InitMultipleThread_
00417f90+      ___AccessSema4
00417f94+      ___ReleaseSema4
00417f98+      ___CloseSema4
Module: C:\WATCOM\lib386\nt\clib3r.lib(xmsgwnt.c)
00410f30+      __exit_with_msg_
00410f90       __fatal_runtime_error_
Module: C:\WATCOM\lib386\nt\clib3r.lib(calloc.c)
00410fb0       calloc_
Module: C:\WATCOM\lib386\nt\clib3r.lib(register.c)
00410fe0       __initthread_
00410ff0*      _beginthread_
00411000       _endthread_
00411010*      __RegisterThreadData_
Module: C:\WATCOM\lib386\nt\clib3r.lib(nmsize.c)
00411060       _nmsize_
00411060*      _msize_
Module: C:\WATCOM\lib386\nt\clib3r.lib(nexpand.c)
00411070       _nexpand_
00411070*      _expand_
004110b0+      __HeapManager_expand_
Module: C:\WATCOM\lib386\nt\clib3r.lib(dofilstr.c)
004112a0       __ParsePosixHandleStr_
Module: C:\WATCOM\lib386\nt\clib3r.lib(clearenv.c)
004113c0       clearenv_
Module: C:\WATCOM\lib386\nt\clib3r.lib(__lseek.c)
00411450       __lseek_
Module: C:\WATCOM\lib386\nt\clib3r.lib(stackwnt.c)
00411490       stackavail_
Module: C:\WATCOM\lib386\nt\clib3r.lib(stkwnt.asm)
004114a1*      __CHK
004114b1*      __STK
004114d0       __STKOVERFLOW_
004114e0*      __GRO
00411500*      __alloca_probe
Module: C:\WATCOM\lib386\nt\clib3r.lib(initfile.c)
00411550       __InitFiles_
Module: C:\WATCOM\lib386\nt\clib3r.lib(ioexit.c)
00411650*      fcloseall_
00411660       __full_io_exit_
Module: C:\WATCOM\lib386\nt\clib3r.lib(isattwnt.c)
00411670       isatty_
Module: C:\WATCOM\lib386\nt\clib3r.lib(mktime.c)
00411690       mktime_
Module: C:\WATCOM\lib386\nt\clib3r.lib(strncpy.c)
00411720       strncpy_
Module: C:\WATCOM\lib386\nt\clib3r.lib(mbschr.c)
00411760       _mbschr_
Module: C:\WATCOM\lib386\nt\clib3r.lib(mbisdbcs.c)
00417fb8       ___IsDBCS
Module: C:\WATCOM\lib386\nt\clib3r.lib(mbislead.c)
004117c0*      _ismbblead_
0041a0cc       ___MBCSIsTable
Module: C:\WATCOM\lib386\nt\clib3r.lib(_clsewnt.c)
004117e0       __close_
Module: C:\WATCOM\lib386\nt\clib3r.lib(ntfio.c)
00411840*      __GetNTCreateAttr_
00411880       __GetNTAccessAttr_
004118b0       __GetNTShareAttr_
Module: C:\WATCOM\lib386\nt\clib3r.lib(umaskval.c)
00417fbc       ___umaskval
Module: C:\WATCOM\lib386\nt\clib3r.lib(textmode.c)
00417fc0       __fmode
Module: C:\WATCOM\lib386\math387r.lib(bufld386.asm)
00411910       __ZBuf2LD
Module: C:\WATCOM\lib386\math387r.lib(inf_nan.c)
004119b3*      ___f_infinity
004119b7*      ___f_posqnan
004119bb       ___d_infinity
004119c3       ___d_posqnan
004119cb*      ___ld_infinity
004119d3*      ___ld_posqnan
Module: C:\WATCOM\lib386\nt\clib3r.lib(hugeval.c)
004119e0       __HugeValue
Module: C:\WATCOM\lib386\math387r.lib(ldclass.c)
004119e8       __LDClass_
00411a38*      _FLClass_
Module: C:\WATCOM\lib386\nt\clib3r.lib(chipbug.c)
00411a50       __verify_pentium_fdiv_bug_
Module: C:\WATCOM\lib386\nt\flib7.lib(_matherr.c)
00411ab0*      __imath2err_
00411af0*      __amath1err_
00411b20*      __amath2err_
00411b50       __math2err_
00411c60       __math1err_
00411c70*      __zmath2err_
00411cd0*      __qmath2err_
Module: C:\WATCOM\lib386\math387r.lib(math87e.c)
00411d36       __math87_err_
Module: C:\WATCOM\lib386\nt\clib3r.lib(initargv.c)
00411db0       __Init_Argv_
00411e00+      _getargv_
00411fa0       __Fini_Argv_
Module: C:\WATCOM\lib386\nt\clib3r.lib(prtf.c)
00411fb0       __prtf_
Module: C:\WATCOM\lib386\nt\clib3r.lib(mbconv.c)
00412c80       _mbvtop_
Module: C:\WATCOM\lib386\nt\clib3r.lib(amblksiz.c)
00417fc4       __amblksiz
Module: C:\WATCOM\lib386\nt\clib3r.lib(heapen.c)
00412ca0*      _heapenable_
00417fc8       ___heap_enabled
Module: C:\WATCOM\lib386\nt\clib3r.lib(nheapmin.c)
00412cd0       _nheapshrink_
00412cd0*      _nheapmin_
00412cd0*      _heapmin_
00412cd0       _heapshrink_
Module: C:\WATCOM\lib386\nt\clib3r.lib(trdalloc.c)
00412dc0       __FiniThreadProcessing_
Module: C:\WATCOM\lib386\nt\clib3r.lib(thredwnt.c)
00412e80       __CBeginThread_
00412f20       __CEndThread_
Module: C:\WATCOM\lib386\nt\clib3r.lib(strtol.c)
00413180*      strtoul_
00413190       strtol_
Module: C:\WATCOM\lib386\nt\clib3r.lib(putenv.c)
004131a0       putenv_
Module: C:\WATCOM\lib386\nt\clib3r.lib(fclose.c)
00413340+      __doclose_
004133e0       __shutdown_stream_
00413400*      fclose_
0041a1d4+      ___RmTmpFileFn
Module: C:\WATCOM\lib386\nt\clib3r.lib(freefp.c)
00413450       __freefp_
004134a0       __purgefp_
Module: C:\WATCOM\lib386\nt\clib3r.lib(locmktim.c)
004134d0       __local_mktime_
Module: C:\WATCOM\lib386\nt\clib3r.lib(gmtime.c)
00413650       __brktime_
00413750+      _gmtime_
00413770*      gmtime_
Module: C:\WATCOM\lib386\nt\clib3r.lib(tzset.c)
00418058       ___start_dst
0041807c       ___end_dst
004181a4*      _tzname
004181ac       _timezone
004181b0       _daylight
004181b4       ___dst_adjust
004137e0*      __DontCacheOSTZ_
004137f0*      __CacheOSTZ_
00413cc0+      __parse_tz_
004140b0       tzset_
Module: C:\WATCOM\lib386\nt\clib3r.lib(timeutil.c)
00414220       __isindst_
Module: C:\WATCOM\lib386\nt\clib3r.lib(mbclen.c)
00414550       _mbclen_
Module: C:\WATCOM\lib386\nt\clib3r.lib(mbccmp.c)
00414580       _mbccmp_
Module: C:\WATCOM\lib386\nt\clib3r.lib(mbinit.c)
004145f6       __mbinit_
004181bc       ___MBCodePage
Module: C:\WATCOM\lib386\nt\clib3r.lib(histsplt.c)
0041a1d8       ___historical_splitparms
Module: C:\WATCOM\lib386\nt\clib3r.lib(wctomb.c)
004146f0       wctomb_
Module: C:\WATCOM\lib386\nt\clib3r.lib(itoa.c)
00414730+      utoa_
00414780       itoa_
Module: C:\WATCOM\lib386\nt\clib3r.lib(noefgfmt.c)
004181c0       ___EFG_printf
004181c4*      ___EFG_scanf
Module: C:\WATCOM\lib386\nt\clib3r.lib(lltoa.c)
00414800       ulltoa_
00414870*      lltoa_
Module: C:\WATCOM\lib386\nt\clib3r.lib(mbslen.c)
004148a0       _mbslen_
Module: C:\WATCOM\lib386\nt\clib3r.lib(_putenv.c)
004148d0       __putenv_
Module: C:\WATCOM\lib386\nt\clib3r.lib(mbstowcs.c)
00414960       mbstowcs_
Module: C:\WATCOM\lib386\nt\clib3r.lib(_uputenv.c)
004149e0       __wputenv_
Module: C:\WATCOM\lib386\nt\clib3r.lib(flush.c)
00414a50       __flush_
Module: C:\WATCOM\lib386\nt\clib3r.lib(leapyear.c)
00414b50       __leapyear_
0041717c       ___diyr
00417196       ___dilyr
Module: C:\WATCOM\lib386\nt\clib3r.lib(wcstombs.c)
00414b90       wcstombs_
Module: C:\WATCOM\lib386\nt\clib3r.lib(_findenv.c)
00414d90       __findenv_
Module: C:\WATCOM\lib386\nt\clib3r.lib(mbtowc.c)
00414eb0       mbtowc_
Module: C:\WATCOM\lib386\nt\clib3r.lib(_ufinden.c)
00415000       __wfindenv_
Module: C:\WATCOM\lib386\nt\clib3r.lib(fsync.c)
004150a0       fsync_
Module: C:\WATCOM\lib386\nt\clib3r.lib(qwrit.c)
004150f0       __qwrite_
Module: C:\WATCOM\lib386\nt\clib3r.lib(utoupper.c)
004151d0       towupper_


                        +----------------------+
                        |   Imported Symbols   |
                        +----------------------+

Symbol                              Module
======                              ======

_GetVersion@0                       KERNEL32.DLL
_GetModuleHandleA@4                 KERNEL32.DLL
_GetProcAddress@8                   KERNEL32.DLL
_GetModuleFileNameA@12              KERNEL32.DLL
_GetCommandLineA@0                  KERNEL32.DLL
_GetCommandLineW@0                  KERNEL32.DLL
_ExitProcess@4                      KERNEL32.DLL
_RtlUnwind@16                       KERNEL32.DLL
_GetCurrentThreadId@0               KERNEL32.DLL
_SetStdHandle@8                     KERNEL32.DLL
_CreateEventA@16                    KERNEL32.DLL
_GetStdHandle@4                     KERNEL32.DLL
_CloseHandle@4                      KERNEL32.DLL
_GetModuleFileNameW@12              KERNEL32.DLL
_MultiByteToWideChar@24             KERNEL32.DLL
_LoadLibraryA@4                     KERNEL32.DLL
_WriteFile@20                       KERNEL32.DLL
_SetUnhandledExceptionFilter@4      KERNEL32.DLL
_UnhandledExceptionFilter@4         KERNEL32.DLL
_VirtualQuery@12                    KERNEL32.DLL
_MessageBoxA@16                     USER32.DLL
_GetFullPathNameA@16                KERNEL32.DLL
_GetFileType@4                      KERNEL32.DLL
_GetFileInformationByHandle@8       KERNEL32.DLL
_GetFileTime@16                     KERNEL32.DLL
_GetFileSize@8                      KERNEL32.DLL
_CreateFileA@28                     KERNEL32.DLL
_GetLastError@0                     KERNEL32.DLL
_GetDriveTypeA@4                    KERNEL32.DLL
_FindFirstFileA@8                   KERNEL32.DLL
_FindClose@4                        KERNEL32.DLL
_SetConsoleCtrlHandler@8            KERNEL32.DLL
_TlsGetValue@4                      KERNEL32.DLL
_TlsSetValue@8                      KERNEL32.DLL
_SetFilePointer@16                  KERNEL32.DLL
_GetFileAttributesA@4               KERNEL32.DLL
_GetCurrentDirectoryA@8             KERNEL32.DLL
_FileTimeToLocalFileTime@8          KERNEL32.DLL
_FileTimeToDosDateTime@12           KERNEL32.DLL
_DosDateTimeToFileTime@12           KERNEL32.DLL
_LocalFileTimeToFileTime@8          KERNEL32.DLL
_FormatMessageA@28                  KERNEL32.DLL
_DeleteFileA@4                      KERNEL32.DLL
_SetEndOfFile@4                     KERNEL32.DLL
_ReadFile@20                        KERNEL32.DLL
_CharUpperA@4                       USER32.DLL
_VirtualAlloc@16                    KERNEL32.DLL
_InitializeCriticalSection@4        KERNEL32.DLL
_DeleteCriticalSection@4            KERNEL32.DLL
_LeaveCriticalSection@4             KERNEL32.DLL
_EnterCriticalSection@4             KERNEL32.DLL
_SetLastError@4                     KERNEL32.DLL
_TlsAlloc@0                         KERNEL32.DLL
_TlsFree@4                          KERNEL32.DLL
_VirtualFree@12                     KERNEL32.DLL
_CreateThread@24                    KERNEL32.DLL
_ResumeThread@4                     KERNEL32.DLL
_ExitThread@4                       KERNEL32.DLL
_SetEnvironmentVariableA@8          KERNEL32.DLL
_GetTimeZoneInformation@4           KERNEL32.DLL
_GetACP@0                           KERNEL32.DLL
_GetOEMCP@0                         KERNEL32.DLL
_GetCPInfo@8                        KERNEL32.DLL
_WideCharToMultiByte@32             KERNEL32.DLL
_FlushFileBuffers@4                 KERNEL32.DLL


                        +--------------------+
                        |   Libraries Used   |
                        +--------------------+

C:\WATCOM\lib386\nt\kernel32.lib
C:\WATCOM\lib386\nt\user32.lib
C:\WATCOM\lib386\nt\flib7.lib
C:\WATCOM\lib386\math387r.lib
C:\WATCOM\lib386\nt\clib3r.lib
C:\WATCOM\lib386\nt\emu387.lib


                        +-----------------------+
                        |   Linker Statistics   |
                        +-----------------------+

Stack size:  00010000 (65536.)
Memory size:  0002acbe (175294.)
Entry point address: 004018a0
Link time: 00:00.29
