Open Watcom Linker Version 2.0 beta Apr  2 2015 09:56:44 (64-bit)
Copyright (c) 2002-2015 The Open Watcom Contributors. All Rights Reserved.
Portions Copyright (c) 1985-2002 Sybase, Inc. All Rights Reserved.
Created on:       15/07/13 17:35:52
Executable Image: Exercicio15.exe
creating a Windows NT character-mode executable


                        +------------+
                        |   Groups   |
                        +------------+

Group                           Address              Size
=====                           =======              ====

.idata                          00416000             00000708
DGROUP                          00417000             000191d0



                        +--------------+
                        |   Segments   |
                        +--------------+

Segment                Class          Group          Address         Size
=======                =====          =====          =======         ====

BEGTEXT                CODE           AUTO           00401000        00000007
_TEXT                  CODE           AUTO           00401010        00014370
TRANSFER CODE          CODE           AUTO           00415380        00000186
.idata                 .idata         .idata         00416000        00000708
_NULL                  BEGDATA        DGROUP         00417000        00000004
_AFTERNULL             BEGDATA        DGROUP         00417004        00000000
CONST                  DATA           DGROUP         00417010        000001c8
_DATA                  DATA           DGROUP         004171e0        00001030
XIB                    DATA           DGROUP         00418210        00000000
XI                     DATA           DGROUP         00418210        0000004e
XIE                    DATA           DGROUP         0041825e        00000000
YIB                    DATA           DGROUP         0041825e        00000000
YI                     DATA           DGROUP         0041825e        00000030
YIE                    DATA           DGROUP         0041828e        00000000
CONST2                 DATA           DGROUP         00418290        00000000
TIB                    DATA           DGROUP         00418290        00000000
TI                     DATA           DGROUP         00418290        00000000
TIE                    DATA           DGROUP         00418290        00000000
DATA                   DATA           DGROUP         00418290        00000000
DATA32                 DATA           DGROUP         00418290        0000011c
CONST32                CONST          DGROUP         00419000        00000000
_BSS                   BSS            DGROUP         00419000        000010ec
GDATA@0                BSS            DGROUP         0041a0f0        000060e0
BSS32                  BSS            DGROUP         004201d0        00000000
STACK                  STACK          DGROUP         004201d0        00010000


                        +----------------+
                        |   Memory Map   |
                        +----------------+

* = unreferenced symbol
+ = symbol only referenced locally

Address        Symbol
=======        ======

Module: Exercicio15.obj(C:\Users\Samsung\Desktop\2015.1\Comp2\Exercicio15\Exercicio15.for)
00401010       FMAIN
Module: C:\WATCOM\lib386\nt\flib7.lib(cowrite.asm)
004016ef       RT@IOWrite
004016fe*      RT@OutLOG1
00401710*      RT@OutLOG4
0040171e*      RT@OutINT1
00401730*      RT@OutINT2
00401740       RT@OutINT4
0040174f*      RT@OutREAL
0040175f       RT@OutDBLE
0040176f*      RT@OutXTND
0040177f*      RT@OutCPLX
00401795*      RT@OutDBCX
004017ab*      RT@OutXTCX
004017c1       RT@OutCHAR
004017c6*      RT@OutSTR
004017cb*      RT@PrtArr
004017d0*      RT@PrtChArr
Module: C:\WATCOM\lib386\nt\flib7.lib(cortns.asm)
00417268*      _FRT_SaveESP
004017e0*      SwitchToGen
004017fe       SwitchToRT
0040181c       RdWrCommon
004018c0       IOType_
004018de       IOChar
004018f9       IOStr
0040190e       IOArr
00401929       IOChArr
0040194b       RT@EndIO
Module: C:\WATCOM\lib386\nt\flib7.lib(coread.asm)
00401955       RT@IORead
00401964*      RT@InpLOG1
00401973*      RT@InpLOG4
00401982*      RT@InpINT1
00401991*      RT@InpINT2
004019a0       RT@InpINT4
004019af*      RT@InpREAL
004019be       RT@InpDBLE
004019cd*      RT@InpXTND
004019dc*      RT@InpCPLX
004019eb*      RT@InpDBCX
004019fa*      RT@InpXTCX
00401a09*      RT@InpCHAR
00401a0e*      RT@InpSTR
00401a13*      RT@InpArr
00401a18*      RT@InpChArr
Module: C:\WATCOM\lib386\nt\flib7.lib(setfmt.c)
00401a20       RT@SetFmt
Module: C:\WATCOM\lib386\nt\clib3r.lib(cstrtwnt)
00401a40       _cstart_
00401a40*      mainCRTStartup
Module: C:\WATCOM\lib386\nt\clib3r.lib(_8087386.asm)
00417288       __8087
00417289       __real87
Module: C:\WATCOM\lib386\nt\emu387.lib(386stub.asm)
00401a9c       __init_387_emulator
00401a9d*      __fini_387_emulator
Module: C:\WATCOM\lib386\nt\flib7.lib(initeng.c)
00419000       __init_english
Module: C:\WATCOM\lib386\nt\flib7.lib(initerr.c)
00419004       __init_error
Module: C:\WATCOM\lib386\nt\flib7.lib(exwrite.c)
00401b10       DoWrite_
Module: C:\WATCOM\lib386\nt\flib7.lib(setiocb.c)
00401b40       RT@SetIOCB
Module: C:\WATCOM\lib386\nt\flib7.lib(rdata.c)
00419010       _IORslt
00419020       _FmtBuff
00419024*      _Fmt_revert
00419028*      _Fmt_start
0041902c*      _Fmt_paren_level
00419030*      _Fmt_charptr
00419034*      _FmtEmStruct
00419038       _IOTypeRtn
0041903c*      _Fmt_end
00419040*      _Fmt_rep_spec
00419044       _FmtRoutine
00419048       _IOCB
0041904c       _Files
00419050*      _Fmt_delimited
Module: C:\WATCOM\lib386\nt\flib7.lib(iomain.c)
00401bd0       __ReleaseIOSys_
00401bf0       IOMain_
Module: C:\WATCOM\lib386\nt\clib3r.lib(crwdata)
004172cd       __osmajor
004172ce       __osminor
004172cf       __osbuild
004172d1       __osver
004172d5       __winmajor
004172d9       __winminor
004172dd       __winver
0041729c       __LpDllName
004172a0       __LpwCmdLine
004172a4       __LpwPgmName
004172a8       __LpwDllName
00417294       __LpCmdLine
00417298       __LpPgmName
0041728c*      __dynend
00417290       __curbrk
004172ac*      __STACKLOW
004172b0       __STACKTOP
004172b4       __ASTACKSIZ
004172b8       __ASTACKPTR
004172bc*      __cbyte
004172c0*      __cbyte2
004172c4*      __child
004172c9       __Envptr
004172c8       __no87
004172e1       ___FPE_handler
Module: C:\WATCOM\lib386\nt\flib7.lib(thrdutil.c)
00401e00*      __InitMultiThreadIO_
004172ec       ___SwitchStkLow
Module: C:\WATCOM\lib386\nt\flib7.lib(exread.c)
00401e90       DoRead_
Module: C:\WATCOM\lib386\nt\flib7.lib(rfmtexec.c)
004027f0       R_FExec_
Module: C:\WATCOM\lib386\nt\clib3r.lib(main2wnt.c)
00402820       __NTMain
Module: C:\WATCOM\lib386\nt\clib3r.lib(segdefns)
00401003       ___begtext
00417000*      __nullarea
00418210       __Start_XI
0041825e       __End_XI
0041825e       __Start_YI
0041828e       __End_YI
Module: C:\WATCOM\lib386\nt\clib3r.lib(chk8087.c)
004028a0*      _fpreset_
004028e0       __chk8087_
004028f0*      __init_8087_
Module: C:\WATCOM\lib386\nt\flib7.lib(english.c)
00402940       __UseEnglishCharSet_
Module: C:\WATCOM\lib386\nt\flib7.lib(errincl.c)
00402a50       __InitError_
004172f0+      _PGroupTable
004172f4+      _PErrWord
Module: C:\WATCOM\lib386\nt\flib7.lib(rdwr.c)
00402a70+      DoOpen_
00402aa0+      _AllocBuffer_
00402ae0       IOPrologue_
00402d20       UpdateRecNum_
Module: C:\WATCOM\lib386\nt\flib7.lib(unfmtout.c)
00402e40       UnFmtOut_
Module: C:\WATCOM\lib386\nt\flib7.lib(freeout.c)
00403290       FreeOut_
004172f8+      _OutRtn
Module: C:\WATCOM\lib386\nt\flib7.lib(rtutls.c)
00403390       FindFtnFile_
00403480       RChkAlloc_
004034b0       F_Connect_
00403530       ConnectFile_
00403540*      GetFileInfo_
00403630       DiscoFile_
004036a0*      ChkFileName_
004036d0+      ChkLogFile_
00403710       ChkIOOperation_
00403750       GetIOErr_
00403760       ChkIOErr_
00403780       ChkUnitId_
004037c0*      ChkConnected_
004037e0       SetEOF_
00403810       ClearEOF_
00403850       SysEOF_
00403880       IsFixed_
00403890       IsCarriage_
004038a0*      ChkRecordStructure_
004038d0*      ChkSequential_
004038f0*      ChkExist_
00403920*      StrItem_
Module: C:\WATCOM\lib386\nt\flib7.lib(rtinit.c)
0041732c       ___FAppType
00417330       __ExceptionInit
00417334       __ExceptionFini
00403960*      __InitFThreadData_
004039a0+      RTSysFini_
004039b0       RTSysInit_
0041733c       __AccessFIO
00417340       __ReleaseFIO
00417344       __PartialReleaseFIO
00419058       ___FThreadDataOffset
0041822e*      ___fthread_data_size
Module: C:\WATCOM\lib386\nt\clib3r.lib(mainwnt.c)
00417348       ___TlsIndex
0041734c       ___FirstThreadData
00417350       ___GetThreadPtr
00417354       __AccessFileH
00417358       __ReleaseFileH
0041735c       __AccessIOB
00417360       __ReleaseIOB
00417364       __AccessNHeap
00417368       __AccessFHeap
0041736c       __ReleaseNHeap
00403a70*      __threadid_
00403a90+      __sig_null_rtn_
00403aa0+      __NTInit_
00403cb0+      __NTFini_
00403d30       __NTMainInit_
00403d90       __exit_
00417370       __ReleaseFHeap
00417374       __AccessTDList
00417378       __ReleaseTDList
0041737c       __AccessFList
00417380       __ReleaseFList
00417384       __ThreadExitRtn
00417388       ___sig_init_rtn
0041738c       ___sig_fini_rtn
00417390       ___process_fini
00419064       ___Is_DLL
Module: C:\WATCOM\lib386\nt\flib7.lib(ioinit.c)
00403df0       IOSysInit_
Module: C:\WATCOM\lib386\nt\flib7.lib(rterr.c)
00417398+      _TraceRoutine
00403e40+      FlushStdUnit_
00403e90+      WriteErr_
00403f60       ErrHandler_
00403fa0       RTErr_
004173a4+      LG@ERR_HOOK
Module: C:\WATCOM\lib386\nt\flib7.lib(spawn.c)
00403fd0       Spawn_
00404030       Suicide_
Module: C:\WATCOM\lib386\nt\flib7.lib(rtsysutl.c)
00404070       GetSysIOInfo_
00404090       GetSysFileInfo_
004040c0*      IsDevice_
00404290       OpenAction_
004042d0*      DfltRecType_
004042f0+      _FileAttrs_
004043b0       CloseFile_
00404420       Scrtched_
00404440*      CloseDeleteFile_
00404490       Errf_
004044b0       FPutBuff_
00404520       FGetBuff_
00404570       SeekFile_
00404590       NoEOF_
004045a0       SysClearEOF_
004045b0*      SameFile_
004045c0*      Rewindf_
004045e0*      SysCreateFile_
00404620       CheckLogicalRecord_
00404640       SkipLogicalRecord_
00404660*      BackSpacef_
00404690*      EndFilef_
004046d0       GetIOErrMsg_
00404710       ReportNExist_
00404730       ReportEOF_
00404740*      WaitForEnter_
Module: C:\WATCOM\lib386\nt\flib7.lib(unfmtin.c)
00404750       UnFmtIn_
004047f0+      NextUnFmtRec_
Module: C:\WATCOM\lib386\nt\flib7.lib(freein.c)
00404bd0+      GetNum_
00404dd0       FreeIn_
00404de0*      DoFreeIn_
00404e10+      BumpComma_
00404e40+      Blanks_
00404e60+      CheckEor_
Module: C:\WATCOM\lib386\nt\flib7.lib(ioerr.c)
004054a0       IOErr_
Module: C:\WATCOM\lib386\nt\flib7.lib(wrutils.c)
00405530       F_SendData_
00405590*      SendLine_
004055a0       SendEOR_
00405630*      SendInt_
00405660       SendStr_
00405680+      SendWSLStr_
004056a0       SendChar_
004056c0       Drop_
00405880       IOItemResult_
Module: C:\WATCOM\lib386\nt\flib7.lib(rfmtutil.c)
00405930       R_ChkType_
00405960       R_NewRec_
004059a0       R_ChkIType_
004059d0       R_ChkFType_
00405a00       R_ChkRecLen_
00405a20+      GetLen_
00405a60       R_FOStr_
00405a70*      FOString_
00405ae0       R_FIStr_
00405ba0       R_FOLog_
00405bf0       R_FILog_
00405cd0       R_FIFloat_
00405ec0       GetReal_
00405fd0       R_FOF_
00406050       R_FOE_
00406190+      FmtH2B_
00406280       R_FIHex_
00406400       R_FOHex_
00406410*      FOHex_
00406510       R_FIInt_
00406620       R_FOInt_
00406880       R_FOG_
00406b00+      ChkBuffLen_
Module: C:\WATCOM\lib386\nt\flib7.lib(arrayio.c)
00406bc0       ArrayIOType_
Module: C:\WATCOM\lib386\nt\clib3r.lib(initrtns.c)
00406c50       __InitRtns
00406ca0       __FiniRtns
Module: C:\WATCOM\lib386\nt\clib3r.lib(mthrdini.c)
00406d00       __InitThreadData_
004173a8       ___ThreadDataSize
Module: C:\WATCOM\lib386\nt\clib3r.lib(memset.c)
00406d30       memset_
Module: C:\WATCOM\lib386\nt\clib3r.lib(cmain386.c)
00406d50       __CMain
Module: C:\WATCOM\lib386\nt\clib3r.lib(dosseg)
00001234       __DOSseg__
Module: C:\WATCOM\lib386\nt\clib3r.lib(8087cw.c)
004173ac       __8087cw
Module: C:\WATCOM\lib386\nt\clib3r.lib(save8087.c)
004173b0       ___Save8087
004173b4       ___Rest8087
Module: C:\WATCOM\lib386\nt\clib3r.lib(ini87386.asm)
00406d94       __x87id
Module: C:\WATCOM\lib386\nt\flib7.lib(csetinfo.c)
00419680       _CharSetInfo
Module: C:\WATCOM\lib386\nt\flib7.lib(errmsg.c)
00407100       _GroupTable
004071b0       _ErrWord
Module: C:\WATCOM\lib386\nt\flib7.lib(blderr.c)
00407870       Substitute_
00407a40       ErrCodOrg_
Module: C:\WATCOM\lib386\nt\flib7.lib(errrtns.c)
00419694       ___ErrorFini
00419698       ___ErrorInit
0041969c       ___BldErrMsg
Module: C:\WATCOM\lib386\nt\flib7.lib(sdfile.c)
004173b8*      _FFCtrlSeq
004173ba*      _SkipCtrlSeq
004173bc       _NormalCtrlSeq
004173be       _SDTermIn
004173c2       _SDTermOut
004173c6*      _SDPrtName
Module: C:\WATCOM\lib386\nt\flib7.lib(unfmtutl.c)
00407a50       _SizeVars
Module: C:\WATCOM\lib386\nt\flib7.lib(undefcg.c)
00407af0       OutLogCG_
00407b00       OutIntCG_
00407b40+      FmtRealCG_
00407b70+      FmtDoubleCG_
00407ba0+      FmtExtendedCG_
00407bd0+      UndefIntCG_
00407bd0+      UndefLogCG_
00407bd0+      UndefExtendedCG_
00407bd0+      UndefDoubleCG_
00407bd0+      UndefRealCG_
00407be0+      GetRealCG_
004173cc       _FmtRealRtn
004173d0       _FmtDoubleRtn
004173d4       _FmtExtendedRtn
004173d8       _SendStrRtn
004173dc       _UndefRealRtn
004173e0       _UndefDoubleRtn
004173e4       _UndefExtendedRtn
004173e8       _UndefLogRtn
004173ec       _UndefIntRtn
004173f0       _GetRealRtn
Module: C:\WATCOM\lib386\nt\flib7.lib(cctrl.c)
00407bf0       CheckCCtrl_
Module: C:\WATCOM\lib386\nt\flib7.lib(fdutil.c)
00407c60       LocFile_
00407c70       LocUnit_
00407ca0       ExtractInfo_
Module: C:\WATCOM\lib386\nt\flib7.lib(rstdio.c)
00407dd0       _InitStandardInput_
00407e00       _InitStandardOutput_
Module: C:\WATCOM\lib386\nt\flib7.lib(rmemmgr.c)
00407e30       RMemAlloc_
00407e40       RMemFree_
Module: C:\WATCOM\lib386\nt\flib7.lib(deffname.c)
004173f4       _DefFName
Module: C:\WATCOM\lib386\nt\flib7.lib(stracc.c)
00407e50       TrimStr_
00407e90       GetStr_
Module: C:\WATCOM\lib386\nt\flib7.lib(rttraps.c)
00407fb0       __EnableF77RTExceptionHandling_
00407fc0       R_TrapInit_
00408050       R_TrapFini_
00408060*      __InitExceptionVectors_
Module: C:\WATCOM\lib386\nt\clib3r.lib(nodefwin.c)
004173fc*      __WindowsIsWindowedHandle
00417400*      __WindowsRemoveWindowedHandle
00417404*      __WindowsNewWindow
00417408*      __WindowsCloseWindow
0041740c*      __WindowsSetAbout
00417410*      __WindowsSetAppTitle
00417414*      __WindowsSetConTitle
00417418*      __WindowsDestroyOnClose
0041741c*      __WindowsYieldControl
00417420*      __WindowsShutDown
00417424*      __WindowsStdin
00417428       __WindowsStdout
0041742c*      __WindowsKbhit
00417430*      __WindowsGetch
00417434*      __WindowsGetche
00417438*      __WindowsPutch
00408080*      _dwShutDown_
00408080*      _dwYield_
00408080*      _dwSetConTitle_
00408080*      _dwSetAppTitle_
00408080*      _dwSetAboutDlg_
00408080       _dwDeleteOnClose_
0041743c*      __WindowsExitRtn
004196a0*      __init_default_win
Module: C:\WATCOM\lib386\nt\clib3r.lib(atexit.c)
00408083       atexit_
Module: C:\WATCOM\lib386\nt\clib3r.lib(regdata.c)
004080e0       __RegisterThreadDataSize_
Module: C:\WATCOM\lib386\nt\clib3r.lib(hdlman.c)
00417440+      ___NHandles
00417444+      ___OSHandles
00417448+      ___FakeHandles
00408110+      __growPOSIXHandles_
004081b0       __allocPOSIXHandle_
00408270       __freePOSIXHandle_
00408290       __getOSHandle_
004082a0       __setOSHandle_
004082f0+      __NTGetFakeHandle_
00408360       __initPOSIXHandles_
00408440*      __set_handles_
00408450*      _grow_handles_
Module: C:\WATCOM\lib386\nt\clib3r.lib(environ.c)
00419728       ___env_mask
0041972c       _environ
00419730       __wenviron
Module: C:\WATCOM\lib386\nt\clib3r.lib(getmodfn.c)
00408490       __lib_GetModuleFileNameW_
Module: C:\WATCOM\lib386\nt\clib3r.lib(strdup.c)
00408530       __clib_strdup_
Module: C:\WATCOM\lib386\nt\clib3r.lib(istable.c)
00408570       __IsTable
Module: C:\WATCOM\lib386\nt\clib3r.lib(ustrdup.c)
00408671       __clib_wcsdup_
Module: C:\WATCOM\lib386\nt\clib3r.lib(nfree.c)
004086a0       _nfree_
004086a0       free_
00419734       ___MiniHeapFreeRover
Module: C:\WATCOM\lib386\nt\clib3r.lib(excptwnt.c)
00408e10+      ___ReportException@4
00409260       __DefaultExceptionHandler_
004092a0+      ___ExceptionFilter
004094b0       __NewExceptionFilter_
004094e0       __DoneExceptionFilter_
00417454       ___oscode_check_func
00417458       ___raise_func
00419738*      _sw
0041973c       ___ExceptionHandled
0041973d+      ___ReportInvoked
Module: C:\WATCOM\lib386\nt\clib3r.lib(stklmwnt.c)
00409520       __init_stack_limits_
Module: C:\WATCOM\lib386\nt\flib7.lib(runmain.c)
00409590*      __InitUnit6CC_
004095a0       __DevicesCC_
004095b0*      __InitAllowCommaSeparator_
004095c0       __AllowCommaSep_
004095d0+      _InitIO_
00409640+      CloseAllFiles_
00409680*      _FiniEx_
00409680       RunExit_
004096c0       RunEntry_
Module: C:\WATCOM\lib386\nt\flib7.lib(posdat.c)
00417654       _FStdIn
00417658       _FStdOut
0041765c       _FStdErr
Module: C:\WATCOM\lib386\nt\flib7.lib(posflush.c)
004096f0       FlushBuffer_
Module: C:\WATCOM\lib386\nt\flib7.lib(errutil.c)
004097a0       BldErrCode_
00409800*      MsgFormat_
00409830*      MsgBuffer_
00417660+      _PGrpCodes
Module: C:\WATCOM\lib386\nt\clib3r.lib(enterdb.c)
00409860       __EnterWVIDEO_
00417664       ___WD_Present
Module: C:\WATCOM\lib386\nt\flib7.lib(stdio.c)
004098a0       StdBuffer_
004098c0+      StdWrite_
004099a0       StdFlush_
004099d0       StdWriteNL_
Module: C:\WATCOM\lib386\nt\clib3r.lib(stjmp386.asm)
004099f8       _setjmp_
00409a31       longjmp_
Module: C:\WATCOM\lib386\nt\clib3r.lib(exit.c)
00409ab3+      __null_int23_exit_
00409ab4       exit_
00409b04*      _exit_
00417a70+      ___int23_exit
00417a74+      ___FPE_handler_exit
Module: C:\WATCOM\lib386\nt\clib3r.lib(accsswnt.c)
00409b20       access_
Module: C:\WATCOM\lib386\nt\clib3r.lib(fullpath.c)
00409b60+      _sys_fullpath_
00409be0       _fullpath_
Module: C:\WATCOM\lib386\nt\clib3r.lib(fstatwnt.c)
00409c50       fstat_
Module: C:\WATCOM\lib386\nt\flib7.lib(poserr.c)
00409fb0       Errorf_
00409fd0*      EOFile_
00409ff0       ErrorMsg_
0040a030       FSetTrunc_
0040a040       FSetSysErr_
0040a060       FSetErr_
0040a080       FSetEof_
0040a0a0       IOOk_
Module: C:\WATCOM\lib386\nt\clib3r.lib(statwnt.c)
0040a1c5       stat_
Module: C:\WATCOM\lib386\nt\flib7.lib(posopen.c)
0040a400       InitStd_
0040a4c0       SetIOBufferSize_
0040a4e0+      _AllocFile_
0040a5d0       Openf_
0040a6d0       Closef_
Module: C:\WATCOM\lib386\nt\flib7.lib(posdel.c)
0040a750       Scratchf_
Module: C:\WATCOM\lib386\nt\flib7.lib(posput.c)
0040a770       FPutRec_
0040a7b0       ChopFile_
0040a800*      PutRec_
0040a920       writebytes_
0040a9a0       SysWrite_
Module: C:\WATCOM\lib386\nt\flib7.lib(posget.c)
0040aae0       readbytes_
0040abb0       SysRead_
0040b010       FGetRec_
0040b040*      GetRec_
0040b060       GetStdChar_
0040b0b0       FCheckLogical_
0040b130       FSkipLogical_
0040b200*      FGetVarRecLen_
Module: C:\WATCOM\lib386\nt\flib7.lib(posseek.c)
0040b2f0       FSeekRec_
0040b330       CurrFileOffset_
0040b330       FGetFilePos_
0040b350       SysSeek_
0040b540*      FSeekAbs_
Module: C:\WATCOM\lib386\nt\clib3r.lib(stricmp.c)
0040b550       stricmp_
Module: C:\WATCOM\lib386\nt\flib7.lib(posrew.c)
0040b590       FRewind_
Module: C:\WATCOM\lib386\nt\flib7.lib(posback.c)
0040b600       FBackspace_
Module: C:\WATCOM\lib386\nt\flib7.lib(postrunc.c)
0040b6d0       FTruncate_
Module: C:\WATCOM\lib386\nt\clib3r.lib(errno.c)
0040b6f0       __get_errno_ptr_
0040b700*      __get_doserrno_ptr_
Module: C:\WATCOM\lib386\nt\flib7.lib(rdutils.c)
0040b710       NextRec_
Module: C:\WATCOM\lib386\nt\clib3r.lib(toupper.c)
0040b820       toupper_
Module: C:\WATCOM\lib386\nt\flib7.lib(chrutils.c)
0040b830       JmpBlanks_
Module: C:\WATCOM\lib386\nt\flib7.lib(fmtcnvt.c)
0040b860       FmtS2I_
0040b9a0       FmtS2F_
Module: C:\WATCOM\lib386\nt\flib7.lib(ifile.c)
0040bd80       SendIFBuff_
0040bdb0       NextIFBuff_
Module: C:\WATCOM\lib386\nt\clib3r.lib(ltoa.c)
0040bde0       ultoa_
0040be30       ltoa_
Module: C:\WATCOM\lib386\nt\flib7.lib(rfmtlog.c)
0040be70       R_FmtLog_
Module: C:\WATCOM\lib386\nt\flib7.lib(fmtrtns.c)
0040bea0       R_F2E_
0040c010       R_F2F_
0040c1a0       SetMaxPrec_
Module: C:\WATCOM\lib386\nt\flib7.lib(flt86.c)
0040c1b0       _P1d100
0040c1b8       _P1d_99
Module: C:\WATCOM\lib386\math387r.lib(pow87.asm)
0040c319*      pow_
0040c1c0       IF@DPOW
0040c1c0*      IF@POW
Module: C:\WATCOM\lib386\nt\flib7.lib(hexcnv.c)
0040c340       Hex_
0040c360*      HSToB_
0040c3d0       BToHS_
Module: C:\WATCOM\lib386\nt\clib3r.lib(strupr.c)
0040c420       strupr_
Module: C:\WATCOM\lib386\nt\clib3r.lib(__stos.asm)
0040c440       __STOSB
0040c477*      __STOSD
Module: C:\WATCOM\lib386\nt\clib3r.lib(cinit.c)
0040c4f0       __CommonInit_
Module: C:\WATCOM\lib386\nt\clib3r.lib(___argc.c)
00419744       ____Argc
00419748       ____Argv
Module: C:\WATCOM\lib386\nt\flib7.lib(rtmain.c)
0040c500       main_
Module: C:\WATCOM\lib386\nt\clib3r.lib(memmove.c)
0040c520       memmove_
Module: C:\WATCOM\lib386\nt\clib3r.lib(sprintf.c)
0040c580       sprintf_
Module: C:\WATCOM\lib386\nt\flib7.lib(expchk.c)
0040c5b0       ToFFormat_
Module: C:\WATCOM\lib386\nt\clib3r.lib(getenv.c)
0040c600       getenv_
Module: C:\WATCOM\lib386\nt\clib3r.lib(nmalloc.c)
0040c6a0       _nmalloc_
0040c6a0       malloc_
00417a80       ___nheapbeg
00417a84       ___MiniHeapRover
00417a88       ___LargestSizeB4MiniHeapRover
Module: C:\WATCOM\lib386\nt\clib3r.lib(signlwnt.c)
00417a8c+      __SignalTable
0040c7a0+      __SetSignalFunc_
0040c7f0+      __GetSignalFunc_
0040c820+      __GetSignalOSCode_
0040c850+      __CheckSignalExCode_
0040c990+      __sigabort_
0040c9a0       __sigfpe_handler_
0040c9f0       signal_
0040ca80+      raise_
0040caf0+      __SigInit_
0040cb40+      __SigFini_
0040cb80+      __sig_init_
Module: C:\WATCOM\lib386\nt\flib7.lib(fptraps.c)
0040cc60*      __MaskDefaultFPE_
0040cc80       FPTrapInit_
0040ccb0       FPTrapFini_
Module: C:\WATCOM\lib386\nt\clib3r.lib(trdlist.c)
0040cd20       __GetThreadData_
0040cd70       __ReallocThreadData_
0040ce60       __AddThreadData_
0040cee0       __RemoveThreadData_
0040cf40       __ResizeThreadDataList_
0040cf70       __FreeThreadDataList_
0040cfa0*      __ActiveThreads_
Module: C:\WATCOM\lib386\nt\clib3r.lib(seterrno.c)
0040cfb7       __set_errno_
0040cfc5*      __set_EDOM_
0040cfd3       __set_ERANGE_
0040cfe1*      __set_EINVAL_
0040cff4       __set_doserrno_
Module: C:\WATCOM\lib386\nt\clib3r.lib(nrealloc.c)
0040d010*      _nrealloc_
0040d010       realloc_
Module: C:\WATCOM\lib386\nt\clib3r.lib(iomode.c)
0040d090       __GetIOMode_
0040d0b0       __SetIOMode_nogrow_
00417af8       ___NFiles
00417afc       ___init_mode
00417b4c       ___io_mode
Module: C:\WATCOM\lib386\nt\clib3r.lib(stiomode.c)
0040d0d0       __grow_iomode_
0040d1a0+      __shrink_iomode_
0040d1e0       __SetIOMode_
Module: C:\WATCOM\lib386\nt\clib3r.lib(setenvp.c)
0040d260       __setenvp_
0040d330       __freeenvp_
Module: C:\WATCOM\lib386\nt\clib3r.lib(ustrlen.c)
0040d37d       wcslen_
Module: C:\WATCOM\lib386\nt\clib3r.lib(memcpy.c)
0040d390       memcpy_
Module: C:\WATCOM\lib386\nt\clib3r.lib(mem.c)
0040d3b0       __MemAllocator
0040d460       __MemFree
Module: C:\WATCOM\lib386\nt\clib3r.lib(conutwnt.c)
0040d5b0*      __NTRealKey_
0040d660*      __NTConsoleInput_
0040d670       __NTConsoleOutput_
Module: C:\WATCOM\lib386\nt\clib3r.lib(fclex387.c)
0040d680       _ClearFPE_
Module: C:\WATCOM\lib386\nt\clib3r.lib(lseek.c)
0040d690       lseek_
Module: C:\WATCOM\lib386\nt\clib3r.lib(write.c)
0040d930       write_
Module: C:\WATCOM\lib386\nt\flib7.lib(errgrp.c)
0040db90       _GrpCodes
Module: C:\WATCOM\lib386\nt\clib3r.lib(iob.c)
00417b58       ___iob
00419758       ___OpenStreams
0041975c       ___ClosedStreams
Module: C:\WATCOM\lib386\nt\clib3r.lib(setmd.c)
0040dc20       setmode_
Module: C:\WATCOM\lib386\nt\clib3r.lib(ljmphdl.c)
00417d60       ___longjmp_handler
Module: C:\WATCOM\lib386\nt\clib3r.lib(fgtattr.c)
0040dd20       __fixed_GetFileAttributesA_
Module: C:\WATCOM\lib386\nt\clib3r.lib(dosret.c)
0040ddc0*      __dosretax
0040ddd0*      __dosret0
0040dde0       __set_errno_dos_
0040de10*      __set_errno_dos_reterr_
0040de20       __set_errno_nt_
0040de30*      __set_errno_nt_reterr_
Module: C:\WATCOM\lib386\nt\clib3r.lib(gtcwdwnt.c)
0040de50       getcwd_
Module: C:\WATCOM\lib386\nt\clib3r.lib(iomodtty.c)
0040dee0       __ChkTTYIOMode_
0040df20       __IOMode_
Module: C:\WATCOM\lib386\nt\clib3r.lib(ntdosdt.c)
0040df40       __MakeDOSDT_
0040df70*      __FromDOSDT_
Module: C:\WATCOM\lib386\nt\clib3r.lib(d2ttime.c)
0040dfa0       _d2ttime_
Module: C:\WATCOM\lib386\nt\clib3r.lib(strerror.c)
0040e340       strerror_
0040e360*      _strerror_
0040e430*      _doserror_
00417e68+      __sys_errlist
00417f0c+      __sys_nerr
Module: C:\WATCOM\lib386\nt\clib3r.lib(cmp386.asm)
0040e460       strcmp_
Module: C:\WATCOM\lib386\nt\clib3r.lib(mbspbrk.c)
0040e5a0       _mbspbrk_
Module: C:\WATCOM\lib386\nt\clib3r.lib(mbsinc.c)
0040e5f0       _mbsinc_
Module: C:\WATCOM\lib386\nt\clib3r.lib(tolower.c)
0040e620       tolower_
Module: C:\WATCOM\lib386\nt\clib3r.lib(close.c)
0040e630       close_
Module: C:\WATCOM\lib386\nt\clib3r.lib(openwnt.c)
0040e850*      open_
0040e870       sopen_
Module: C:\WATCOM\lib386\nt\flib7.lib(poscc.c)
0040e8a0*      __LineFeedWithFormFeed_
0040e8b0       FSetCC_
Module: C:\WATCOM\lib386\nt\clib3r.lib(unlnkwnt.c)
0040e910       unlink_
Module: C:\WATCOM\lib386\nt\clib3r.lib(chsizwnt.c)
0040e990       chsize_
Module: C:\WATCOM\lib386\nt\clib3r.lib(read.c)
0040ea80       read_
Module: C:\WATCOM\lib386\nt\flib7.lib(intarith.c)
0040ec10       AddIOFlo_
0040ec20*      SubIOFlo_
0040ec30       MulIOFlo_
Module: C:\WATCOM\lib386\math387r.lib(strtod.c)
0040f153+      __Strtold_
0040f2ba       strtod_
Module: C:\WATCOM\lib386\nt\clib3r.lib(alphabet.c)
00417174       ___Alphabet
Module: C:\WATCOM\lib386\math387r.lib(ldcvt.c)
0040f4df       _LDScale10x_
0040fa86       __LDcvt_
Module: C:\WATCOM\lib386\nt\clib3r.lib(chipvar)
00417fc0       ___chipbug
00417fc0       __chipbug
Module: C:\WATCOM\lib386\math387r.lib(pow87e.c)
0040fed4       __pow87_err_
Module: C:\WATCOM\lib386\math387r.lib(exp87.asm)
0040ffc3*      exp_
0040ff5c*      __@DEXP1
0040ff64*      IF@EXP
0040ff64*      IF@DEXP
0040ff66       __@DEXP
Module: C:\WATCOM\lib386\nt\clib3r.lib(chipd32.asm)
004100e7       __fdiv_fpr
004105a9*      __fdiv_chk
004105bc*      __fdiv_m32
00410609*      __fdiv_m64
00410656*      __fdiv_m32r
004106a3*      __fdiv_m64r
Module: C:\WATCOM\lib386\nt\clib3r.lib(argcv.c)
00419860       __argc
00419864       __argv
00419868       ___argc
0041986c       ___argv
Module: C:\WATCOM\lib386\nt\clib3r.lib(vsprintf.c)
00410710       vsprintf_
Module: C:\WATCOM\lib386\nt\clib3r.lib(mbterm.c)
00410730       _mbterm_
Module: C:\WATCOM\lib386\nt\clib3r.lib(mbsnextc.c)
00410770       _mbsnextc_
Module: C:\WATCOM\lib386\nt\clib3r.lib(mbcupper.c)
004107b0       _mbctoupper_
Module: C:\WATCOM\lib386\nt\clib3r.lib(nmemneed.c)
004107e0       __nmemneed_
Module: C:\WATCOM\lib386\nt\clib3r.lib(grownear.c)
00410950       __ExpandDGROUP_
Module: C:\WATCOM\lib386\nt\clib3r.lib(abort.c)
00410976*      abort_
00410988       __terminate_
00417fd4       ___abort
Module: C:\WATCOM\lib386\nt\clib3r.lib(cntrl87.c)
004109a0       _control87_
Module: C:\WATCOM\lib386\nt\clib3r.lib(mthread.c)
00410b80+      __CloseSemaphore_
00410bc0+      __AccessIOB_
00410bd0+      __ReleaseIOB_
00410be0+      __AccessFileH_
00410bf0+      __ReleaseFileH_
00410c00+      __AccessNHeap_
00410c10+      __ReleaseNHeap_
00410c20+      __AccessFHeap_
00410c30+      __ReleaseFHeap_
00410c40+      __AccessTDList_
00410c50+      __ReleaseTDList_
00410c60+      __AccessFList_
00410c70+      __AccessSemaphore_
00410cd0+      __ReleaseFList_
00410ce0+      __ReleaseSemaphore_
00410d10+      __MultipleThread_
00410d60+      __AllocInitThreadData_
00410db0+      __FreeInitThreadData_
00410dc0       __NTThreadInit_
00410e30       __NTAddThread_
00410e80       __NTRemoveThread_
00410f10       __InitMultipleThread_
00417fd8+      ___AccessSema4
00417fdc+      ___ReleaseSema4
00417fe0+      ___CloseSema4
Module: C:\WATCOM\lib386\nt\clib3r.lib(xmsgwnt.c)
004110d0+      __exit_with_msg_
00411130       __fatal_runtime_error_
Module: C:\WATCOM\lib386\nt\clib3r.lib(calloc.c)
00411150       calloc_
Module: C:\WATCOM\lib386\nt\clib3r.lib(register.c)
00411180       __initthread_
00411190*      _beginthread_
004111a0       _endthread_
004111b0*      __RegisterThreadData_
Module: C:\WATCOM\lib386\nt\clib3r.lib(nmsize.c)
00411200       _nmsize_
00411200*      _msize_
Module: C:\WATCOM\lib386\nt\clib3r.lib(nexpand.c)
00411210       _nexpand_
00411210*      _expand_
00411250+      __HeapManager_expand_
Module: C:\WATCOM\lib386\nt\clib3r.lib(dofilstr.c)
00411440       __ParsePosixHandleStr_
Module: C:\WATCOM\lib386\nt\clib3r.lib(clearenv.c)
00411560       clearenv_
Module: C:\WATCOM\lib386\nt\clib3r.lib(__lseek.c)
004115f0       __lseek_
Module: C:\WATCOM\lib386\nt\clib3r.lib(stackwnt.c)
00411630       stackavail_
Module: C:\WATCOM\lib386\nt\clib3r.lib(stkwnt.asm)
00411641*      __CHK
00411651*      __STK
00411670       __STKOVERFLOW_
00411680*      __GRO
004116a0*      __alloca_probe
Module: C:\WATCOM\lib386\nt\clib3r.lib(initfile.c)
004116f0       __InitFiles_
Module: C:\WATCOM\lib386\nt\clib3r.lib(ioexit.c)
004117f0*      fcloseall_
00411800       __full_io_exit_
Module: C:\WATCOM\lib386\nt\clib3r.lib(isattwnt.c)
00411810       isatty_
Module: C:\WATCOM\lib386\nt\clib3r.lib(mktime.c)
00411830       mktime_
Module: C:\WATCOM\lib386\nt\clib3r.lib(strncpy.c)
004118c0       strncpy_
Module: C:\WATCOM\lib386\nt\clib3r.lib(mbschr.c)
00411900       _mbschr_
Module: C:\WATCOM\lib386\nt\clib3r.lib(mbisdbcs.c)
00418000       ___IsDBCS
Module: C:\WATCOM\lib386\nt\clib3r.lib(mbislead.c)
00411960*      _ismbblead_
00419fdc       ___MBCSIsTable
Module: C:\WATCOM\lib386\nt\clib3r.lib(_clsewnt.c)
00411980       __close_
Module: C:\WATCOM\lib386\nt\clib3r.lib(ntfio.c)
004119e0*      __GetNTCreateAttr_
00411a20       __GetNTAccessAttr_
00411a50       __GetNTShareAttr_
Module: C:\WATCOM\lib386\nt\clib3r.lib(umaskval.c)
00418004       ___umaskval
Module: C:\WATCOM\lib386\nt\clib3r.lib(textmode.c)
00418008       __fmode
Module: C:\WATCOM\lib386\math387r.lib(bufld386.asm)
00411ab0       __ZBuf2LD
Module: C:\WATCOM\lib386\math387r.lib(inf_nan.c)
00411b53*      ___f_infinity
00411b57*      ___f_posqnan
00411b5b       ___d_infinity
00411b63       ___d_posqnan
00411b6b*      ___ld_infinity
00411b73*      ___ld_posqnan
Module: C:\WATCOM\lib386\nt\clib3r.lib(hugeval.c)
00411b80       __HugeValue
Module: C:\WATCOM\lib386\math387r.lib(ldclass.c)
00411b88       __LDClass_
00411bd8*      _FLClass_
Module: C:\WATCOM\lib386\nt\clib3r.lib(chipbug.c)
00411bf0       __verify_pentium_fdiv_bug_
Module: C:\WATCOM\lib386\nt\flib7.lib(_matherr.c)
00411c50*      __imath2err_
00411c90*      __amath1err_
00411cc0*      __amath2err_
00411cf0       __math2err_
00411e00       __math1err_
00411e10*      __zmath2err_
00411e70*      __qmath2err_
Module: C:\WATCOM\lib386\math387r.lib(math87e.c)
00411ed6       __math87_err_
Module: C:\WATCOM\lib386\nt\clib3r.lib(initargv.c)
00411f50       __Init_Argv_
00411fa0+      _getargv_
00412140       __Fini_Argv_
Module: C:\WATCOM\lib386\nt\clib3r.lib(prtf.c)
00412150       __prtf_
Module: C:\WATCOM\lib386\nt\clib3r.lib(mbconv.c)
00412e20       _mbvtop_
Module: C:\WATCOM\lib386\nt\clib3r.lib(amblksiz.c)
0041800c       __amblksiz
Module: C:\WATCOM\lib386\nt\clib3r.lib(heapen.c)
00412e40*      _heapenable_
00418010       ___heap_enabled
Module: C:\WATCOM\lib386\nt\clib3r.lib(nheapmin.c)
00412e70       _nheapshrink_
00412e70*      _nheapmin_
00412e70*      _heapmin_
00412e70       _heapshrink_
Module: C:\WATCOM\lib386\nt\clib3r.lib(trdalloc.c)
00412f60       __FiniThreadProcessing_
Module: C:\WATCOM\lib386\nt\clib3r.lib(thredwnt.c)
00413020       __CBeginThread_
004130c0       __CEndThread_
Module: C:\WATCOM\lib386\nt\clib3r.lib(strtol.c)
00413320*      strtoul_
00413330       strtol_
Module: C:\WATCOM\lib386\nt\clib3r.lib(putenv.c)
00413340       putenv_
Module: C:\WATCOM\lib386\nt\clib3r.lib(fclose.c)
004134e0+      __doclose_
00413580       __shutdown_stream_
004135a0*      fclose_
0041a0e4+      ___RmTmpFileFn
Module: C:\WATCOM\lib386\nt\clib3r.lib(freefp.c)
004135f0       __freefp_
00413640       __purgefp_
Module: C:\WATCOM\lib386\nt\clib3r.lib(locmktim.c)
00413670       __local_mktime_
Module: C:\WATCOM\lib386\nt\clib3r.lib(gmtime.c)
004137f0       __brktime_
004138f0+      _gmtime_
00413910*      gmtime_
Module: C:\WATCOM\lib386\nt\clib3r.lib(tzset.c)
004180a0       ___start_dst
004180c4       ___end_dst
004181ec*      _tzname
004181f4       _timezone
004181f8       _daylight
004181fc       ___dst_adjust
00413980*      __DontCacheOSTZ_
00413990*      __CacheOSTZ_
00413e60+      __parse_tz_
00414250       tzset_
Module: C:\WATCOM\lib386\nt\clib3r.lib(timeutil.c)
004143c0       __isindst_
Module: C:\WATCOM\lib386\nt\clib3r.lib(mbclen.c)
004146f0       _mbclen_
Module: C:\WATCOM\lib386\nt\clib3r.lib(mbccmp.c)
00414720       _mbccmp_
Module: C:\WATCOM\lib386\nt\clib3r.lib(mbinit.c)
00414796       __mbinit_
00418204       ___MBCodePage
Module: C:\WATCOM\lib386\nt\clib3r.lib(histsplt.c)
0041a0e8       ___historical_splitparms
Module: C:\WATCOM\lib386\nt\clib3r.lib(wctomb.c)
00414890       wctomb_
Module: C:\WATCOM\lib386\nt\clib3r.lib(itoa.c)
004148d0+      utoa_
00414920       itoa_
Module: C:\WATCOM\lib386\nt\clib3r.lib(noefgfmt.c)
00418208       ___EFG_printf
0041820c*      ___EFG_scanf
Module: C:\WATCOM\lib386\nt\clib3r.lib(lltoa.c)
004149a0       ulltoa_
00414a10*      lltoa_
Module: C:\WATCOM\lib386\nt\clib3r.lib(mbslen.c)
00414a40       _mbslen_
Module: C:\WATCOM\lib386\nt\clib3r.lib(_putenv.c)
00414a70       __putenv_
Module: C:\WATCOM\lib386\nt\clib3r.lib(mbstowcs.c)
00414b00       mbstowcs_
Module: C:\WATCOM\lib386\nt\clib3r.lib(_uputenv.c)
00414b80       __wputenv_
Module: C:\WATCOM\lib386\nt\clib3r.lib(flush.c)
00414bf0       __flush_
Module: C:\WATCOM\lib386\nt\clib3r.lib(leapyear.c)
00414cf0       __leapyear_
004171a4       ___diyr
004171be       ___dilyr
Module: C:\WATCOM\lib386\nt\clib3r.lib(wcstombs.c)
00414d30       wcstombs_
Module: C:\WATCOM\lib386\nt\clib3r.lib(_findenv.c)
00414f30       __findenv_
Module: C:\WATCOM\lib386\nt\clib3r.lib(mbtowc.c)
00415050       mbtowc_
Module: C:\WATCOM\lib386\nt\clib3r.lib(_ufinden.c)
004151a0       __wfindenv_
Module: C:\WATCOM\lib386\nt\clib3r.lib(fsync.c)
00415240       fsync_
Module: C:\WATCOM\lib386\nt\clib3r.lib(qwrit.c)
00415290       __qwrite_
Module: C:\WATCOM\lib386\nt\clib3r.lib(utoupper.c)
00415370       towupper_


                        +----------------------+
                        |   Imported Symbols   |
                        +----------------------+

Symbol                              Module
======                              ======

_GetVersion@0                       KERNEL32.DLL
_GetModuleHandleA@4                 KERNEL32.DLL
_GetProcAddress@8                   KERNEL32.DLL
_GetModuleFileNameA@12              KERNEL32.DLL
_GetCommandLineA@0                  KERNEL32.DLL
_GetCommandLineW@0                  KERNEL32.DLL
_ExitProcess@4                      KERNEL32.DLL
_RtlUnwind@16                       KERNEL32.DLL
_GetCurrentThreadId@0               KERNEL32.DLL
_SetStdHandle@8                     KERNEL32.DLL
_CreateEventA@16                    KERNEL32.DLL
_GetStdHandle@4                     KERNEL32.DLL
_CloseHandle@4                      KERNEL32.DLL
_GetModuleFileNameW@12              KERNEL32.DLL
_MultiByteToWideChar@24             KERNEL32.DLL
_LoadLibraryA@4                     KERNEL32.DLL
_WriteFile@20                       KERNEL32.DLL
_SetUnhandledExceptionFilter@4      KERNEL32.DLL
_UnhandledExceptionFilter@4         KERNEL32.DLL
_VirtualQuery@12                    KERNEL32.DLL
_MessageBoxA@16                     USER32.DLL
_GetFullPathNameA@16                KERNEL32.DLL
_GetFileType@4                      KERNEL32.DLL
_GetFileInformationByHandle@8       KERNEL32.DLL
_GetFileTime@16                     KERNEL32.DLL
_GetFileSize@8                      KERNEL32.DLL
_CreateFileA@28                     KERNEL32.DLL
_GetLastError@0                     KERNEL32.DLL
_GetDriveTypeA@4                    KERNEL32.DLL
_FindFirstFileA@8                   KERNEL32.DLL
_FindClose@4                        KERNEL32.DLL
_SetConsoleCtrlHandler@8            KERNEL32.DLL
_TlsGetValue@4                      KERNEL32.DLL
_TlsSetValue@8                      KERNEL32.DLL
_SetFilePointer@16                  KERNEL32.DLL
_GetFileAttributesA@4               KERNEL32.DLL
_GetCurrentDirectoryA@8             KERNEL32.DLL
_FileTimeToLocalFileTime@8          KERNEL32.DLL
_FileTimeToDosDateTime@12           KERNEL32.DLL
_DosDateTimeToFileTime@12           KERNEL32.DLL
_LocalFileTimeToFileTime@8          KERNEL32.DLL
_FormatMessageA@28                  KERNEL32.DLL
_DeleteFileA@4                      KERNEL32.DLL
_SetEndOfFile@4                     KERNEL32.DLL
_ReadFile@20                        KERNEL32.DLL
_CharUpperA@4                       USER32.DLL
_VirtualAlloc@16                    KERNEL32.DLL
_InitializeCriticalSection@4        KERNEL32.DLL
_DeleteCriticalSection@4            KERNEL32.DLL
_LeaveCriticalSection@4             KERNEL32.DLL
_EnterCriticalSection@4             KERNEL32.DLL
_SetLastError@4                     KERNEL32.DLL
_TlsAlloc@0                         KERNEL32.DLL
_TlsFree@4                          KERNEL32.DLL
_VirtualFree@12                     KERNEL32.DLL
_CreateThread@24                    KERNEL32.DLL
_ResumeThread@4                     KERNEL32.DLL
_ExitThread@4                       KERNEL32.DLL
_SetEnvironmentVariableA@8          KERNEL32.DLL
_GetTimeZoneInformation@4           KERNEL32.DLL
_GetACP@0                           KERNEL32.DLL
_GetOEMCP@0                         KERNEL32.DLL
_GetCPInfo@8                        KERNEL32.DLL
_WideCharToMultiByte@32             KERNEL32.DLL
_FlushFileBuffers@4                 KERNEL32.DLL


                        +--------------------+
                        |   Libraries Used   |
                        +--------------------+

C:\WATCOM\lib386\nt\kernel32.lib
C:\WATCOM\lib386\nt\user32.lib
C:\WATCOM\lib386\nt\flib7.lib
C:\WATCOM\lib386\math387r.lib
C:\WATCOM\lib386\nt\clib3r.lib
C:\WATCOM\lib386\nt\emu387.lib


                        +-----------------------+
                        |   Linker Statistics   |
                        +-----------------------+

Stack size:  00010000 (65536.)
Memory size:  0002ddde (187870.)
Entry point address: 00401a40
Link time: 00:00.11
