Open Watcom Linker Version 2.0 beta Apr  2 2015 09:56:44 (64-bit)
Copyright (c) 2002-2015 The Open Watcom Contributors. All Rights Reserved.
Portions Copyright (c) 1985-2002 Sybase, Inc. All Rights Reserved.
Created on:       15/07/13 15:50:06
Executable Image: exercicio7.exe
creating a Windows NT character-mode executable


                        +------------+
                        |   Groups   |
                        +------------+

Group                           Address              Size
=====                           =======              ====

.idata                          00416000             00000708
DGROUP                          00417000             00018230



                        +--------------+
                        |   Segments   |
                        +--------------+

Segment                Class          Group          Address         Size
=======                =====          =====          =======         ====

BEGTEXT                CODE           AUTO           00401000        00000007
_TEXT                  CODE           AUTO           00401010        00014000
TRANSFER CODE          CODE           AUTO           00415010        00000186
.idata                 .idata         .idata         00416000        00000708
_NULL                  BEGDATA        DGROUP         00417000        00000004
_AFTERNULL             BEGDATA        DGROUP         00417004        00000000
CONST                  DATA           DGROUP         00417010        000001a8
_DATA                  DATA           DGROUP         004171c0        00000fe0
XIB                    DATA           DGROUP         004181a0        00000000
XI                     DATA           DGROUP         004181a0        0000004e
XIE                    DATA           DGROUP         004181ee        00000000
YIB                    DATA           DGROUP         004181ee        00000000
YI                     DATA           DGROUP         004181ee        00000030
YIE                    DATA           DGROUP         0041821e        00000000
CONST2                 DATA           DGROUP         00418220        00000000
TIB                    DATA           DGROUP         00418220        00000000
TI                     DATA           DGROUP         00418220        00000000
TIE                    DATA           DGROUP         00418220        00000000
DATA                   DATA           DGROUP         00418220        00000000
DATA32                 DATA           DGROUP         00418220        0000011c
CONST32                CONST          DGROUP         00419000        00000000
_BSS                   BSS            DGROUP         00419000        000010ec
GDATA@0                BSS            DGROUP         0041a0f0        00005140
BSS32                  BSS            DGROUP         0041f230        00000000
STACK                  STACK          DGROUP         0041f230        00010000


                        +----------------+
                        |   Memory Map   |
                        +----------------+

* = unreferenced symbol
+ = symbol only referenced locally

Address        Symbol
=======        ======

Module: exercicio7.obj(C:\Users\Samsung\Desktop\2015.1\Comp2\exercicio7\exercicio7.for)
00401010       FMAIN
Module: C:\WATCOM\lib386\nt\flib7.lib(cowrite.asm)
0040137e       RT@IOWrite
0040138d*      RT@OutLOG1
0040139f*      RT@OutLOG4
004013ad*      RT@OutINT1
004013bf*      RT@OutINT2
004013cf       RT@OutINT4
004013de*      RT@OutREAL
004013ee       RT@OutDBLE
004013fe*      RT@OutXTND
0040140e*      RT@OutCPLX
00401424*      RT@OutDBCX
0040143a*      RT@OutXTCX
00401450       RT@OutCHAR
00401455*      RT@OutSTR
0040145a*      RT@PrtArr
0040145f*      RT@PrtChArr
Module: C:\WATCOM\lib386\nt\flib7.lib(cortns.asm)
004171f8*      _FRT_SaveESP
0040146f*      SwitchToGen
0040148d       SwitchToRT
004014ab       RdWrCommon
0040154f       IOType_
0040156d       IOChar
00401588       IOStr
0040159d       IOArr
004015b8       IOChArr
004015da       RT@EndIO
Module: C:\WATCOM\lib386\nt\flib7.lib(coread.asm)
004015e4       RT@IORead
004015f3*      RT@InpLOG1
00401602*      RT@InpLOG4
00401611*      RT@InpINT1
00401620*      RT@InpINT2
0040162f       RT@InpINT4
0040163e*      RT@InpREAL
0040164d       RT@InpDBLE
0040165c*      RT@InpXTND
0040166b*      RT@InpCPLX
0040167a*      RT@InpDBCX
00401689*      RT@InpXTCX
00401698*      RT@InpCHAR
0040169d*      RT@InpSTR
004016a2*      RT@InpArr
004016a7*      RT@InpChArr
Module: C:\WATCOM\lib386\nt\flib7.lib(setfmt.c)
004016b0       RT@SetFmt
Module: C:\WATCOM\lib386\nt\clib3r.lib(cstrtwnt)
004016d0       _cstart_
004016d0*      mainCRTStartup
Module: C:\WATCOM\lib386\nt\clib3r.lib(_8087386.asm)
00417218       __8087
00417219       __real87
Module: C:\WATCOM\lib386\nt\emu387.lib(386stub.asm)
0040172c       __init_387_emulator
0040172d*      __fini_387_emulator
Module: C:\WATCOM\lib386\nt\flib7.lib(initeng.c)
00419000       __init_english
Module: C:\WATCOM\lib386\nt\flib7.lib(initerr.c)
00419004       __init_error
Module: C:\WATCOM\lib386\nt\flib7.lib(exwrite.c)
004017a0       DoWrite_
Module: C:\WATCOM\lib386\nt\flib7.lib(setiocb.c)
004017d0       RT@SetIOCB
Module: C:\WATCOM\lib386\nt\flib7.lib(rdata.c)
00419010       _IORslt
00419020       _FmtBuff
00419024*      _Fmt_revert
00419028*      _Fmt_start
0041902c*      _Fmt_paren_level
00419030*      _Fmt_charptr
00419034*      _FmtEmStruct
00419038       _IOTypeRtn
0041903c*      _Fmt_end
00419040*      _Fmt_rep_spec
00419044       _FmtRoutine
00419048       _IOCB
0041904c       _Files
00419050*      _Fmt_delimited
Module: C:\WATCOM\lib386\nt\flib7.lib(iomain.c)
00401860       __ReleaseIOSys_
00401880       IOMain_
Module: C:\WATCOM\lib386\nt\clib3r.lib(crwdata)
0041725d       __osmajor
0041725e       __osminor
0041725f       __osbuild
00417261       __osver
00417265       __winmajor
00417269       __winminor
0041726d       __winver
0041722c       __LpDllName
00417230       __LpwCmdLine
00417234       __LpwPgmName
00417238       __LpwDllName
00417224       __LpCmdLine
00417228       __LpPgmName
0041721c*      __dynend
00417220       __curbrk
0041723c*      __STACKLOW
00417240       __STACKTOP
00417244       __ASTACKSIZ
00417248       __ASTACKPTR
0041724c*      __cbyte
00417250*      __cbyte2
00417254*      __child
00417259       __Envptr
00417258       __no87
00417271       ___FPE_handler
Module: C:\WATCOM\lib386\nt\flib7.lib(thrdutil.c)
00401a90*      __InitMultiThreadIO_
0041727c       ___SwitchStkLow
Module: C:\WATCOM\lib386\nt\flib7.lib(exread.c)
00401b20       DoRead_
Module: C:\WATCOM\lib386\nt\flib7.lib(rfmtexec.c)
00402480       R_FExec_
Module: C:\WATCOM\lib386\nt\clib3r.lib(main2wnt.c)
004024b0       __NTMain
Module: C:\WATCOM\lib386\nt\clib3r.lib(segdefns)
00401003       ___begtext
00417000*      __nullarea
004181a0       __Start_XI
004181ee       __End_XI
004181ee       __Start_YI
0041821e       __End_YI
Module: C:\WATCOM\lib386\nt\clib3r.lib(chk8087.c)
00402530*      _fpreset_
00402570       __chk8087_
00402580*      __init_8087_
Module: C:\WATCOM\lib386\nt\flib7.lib(english.c)
004025d0       __UseEnglishCharSet_
Module: C:\WATCOM\lib386\nt\flib7.lib(errincl.c)
004026e0       __InitError_
00417280+      _PGroupTable
00417284+      _PErrWord
Module: C:\WATCOM\lib386\nt\flib7.lib(rdwr.c)
00402700+      DoOpen_
00402730+      _AllocBuffer_
00402770       IOPrologue_
004029b0       UpdateRecNum_
Module: C:\WATCOM\lib386\nt\flib7.lib(unfmtout.c)
00402ad0       UnFmtOut_
Module: C:\WATCOM\lib386\nt\flib7.lib(freeout.c)
00402f20       FreeOut_
00417288+      _OutRtn
Module: C:\WATCOM\lib386\nt\flib7.lib(rtutls.c)
00403020       FindFtnFile_
00403110       RChkAlloc_
00403140       F_Connect_
004031c0       ConnectFile_
004031d0*      GetFileInfo_
004032c0       DiscoFile_
00403330*      ChkFileName_
00403360+      ChkLogFile_
004033a0       ChkIOOperation_
004033e0       GetIOErr_
004033f0       ChkIOErr_
00403410       ChkUnitId_
00403450*      ChkConnected_
00403470       SetEOF_
004034a0       ClearEOF_
004034e0       SysEOF_
00403510       IsFixed_
00403520       IsCarriage_
00403530*      ChkRecordStructure_
00403560*      ChkSequential_
00403580*      ChkExist_
004035b0*      StrItem_
Module: C:\WATCOM\lib386\nt\flib7.lib(rtinit.c)
004172bc       ___FAppType
004172c0       __ExceptionInit
004172c4       __ExceptionFini
004035f0*      __InitFThreadData_
00403630+      RTSysFini_
00403640       RTSysInit_
004172cc       __AccessFIO
004172d0       __ReleaseFIO
004172d4       __PartialReleaseFIO
00419058       ___FThreadDataOffset
004181be*      ___fthread_data_size
Module: C:\WATCOM\lib386\nt\clib3r.lib(mainwnt.c)
004172d8       ___TlsIndex
004172dc       ___FirstThreadData
004172e0       ___GetThreadPtr
004172e4       __AccessFileH
004172e8       __ReleaseFileH
004172ec       __AccessIOB
004172f0       __ReleaseIOB
004172f4       __AccessNHeap
004172f8       __AccessFHeap
004172fc       __ReleaseNHeap
00403700*      __threadid_
00403720+      __sig_null_rtn_
00403730+      __NTInit_
00403940+      __NTFini_
004039c0       __NTMainInit_
00403a20       __exit_
00417300       __ReleaseFHeap
00417304       __AccessTDList
00417308       __ReleaseTDList
0041730c       __AccessFList
00417310       __ReleaseFList
00417314       __ThreadExitRtn
00417318       ___sig_init_rtn
0041731c       ___sig_fini_rtn
00417320       ___process_fini
00419064       ___Is_DLL
Module: C:\WATCOM\lib386\nt\flib7.lib(ioinit.c)
00403a80       IOSysInit_
Module: C:\WATCOM\lib386\nt\flib7.lib(rterr.c)
00417328+      _TraceRoutine
00403ad0+      FlushStdUnit_
00403b20+      WriteErr_
00403bf0       ErrHandler_
00403c30       RTErr_
00417334+      LG@ERR_HOOK
Module: C:\WATCOM\lib386\nt\flib7.lib(spawn.c)
00403c60       Spawn_
00403cc0       Suicide_
Module: C:\WATCOM\lib386\nt\flib7.lib(rtsysutl.c)
00403d00       GetSysIOInfo_
00403d20       GetSysFileInfo_
00403d50*      IsDevice_
00403f20       OpenAction_
00403f60*      DfltRecType_
00403f80+      _FileAttrs_
00404040       CloseFile_
004040b0       Scrtched_
004040d0*      CloseDeleteFile_
00404120       Errf_
00404140       FPutBuff_
004041b0       FGetBuff_
00404200       SeekFile_
00404220       NoEOF_
00404230       SysClearEOF_
00404240*      SameFile_
00404250*      Rewindf_
00404270*      SysCreateFile_
004042b0       CheckLogicalRecord_
004042d0       SkipLogicalRecord_
004042f0*      BackSpacef_
00404320*      EndFilef_
00404360       GetIOErrMsg_
004043a0       ReportNExist_
004043c0       ReportEOF_
004043d0*      WaitForEnter_
Module: C:\WATCOM\lib386\nt\flib7.lib(unfmtin.c)
004043e0       UnFmtIn_
00404480+      NextUnFmtRec_
Module: C:\WATCOM\lib386\nt\flib7.lib(freein.c)
00404860+      GetNum_
00404a60       FreeIn_
00404a70*      DoFreeIn_
00404aa0+      BumpComma_
00404ad0+      Blanks_
00404af0+      CheckEor_
Module: C:\WATCOM\lib386\nt\flib7.lib(ioerr.c)
00405130       IOErr_
Module: C:\WATCOM\lib386\nt\flib7.lib(wrutils.c)
004051c0       F_SendData_
00405220*      SendLine_
00405230       SendEOR_
004052c0*      SendInt_
004052f0       SendStr_
00405310+      SendWSLStr_
00405330       SendChar_
00405350       Drop_
00405510       IOItemResult_
Module: C:\WATCOM\lib386\nt\flib7.lib(rfmtutil.c)
004055c0       R_ChkType_
004055f0       R_NewRec_
00405630       R_ChkIType_
00405660       R_ChkFType_
00405690       R_ChkRecLen_
004056b0+      GetLen_
004056f0       R_FOStr_
00405700*      FOString_
00405770       R_FIStr_
00405830       R_FOLog_
00405880       R_FILog_
00405960       R_FIFloat_
00405b50       GetReal_
00405c60       R_FOF_
00405ce0       R_FOE_
00405e20+      FmtH2B_
00405f10       R_FIHex_
00406090       R_FOHex_
004060a0*      FOHex_
004061a0       R_FIInt_
004062b0       R_FOInt_
00406510       R_FOG_
00406790+      ChkBuffLen_
Module: C:\WATCOM\lib386\nt\flib7.lib(arrayio.c)
00406850       ArrayIOType_
Module: C:\WATCOM\lib386\nt\clib3r.lib(initrtns.c)
004068e0       __InitRtns
00406930       __FiniRtns
Module: C:\WATCOM\lib386\nt\clib3r.lib(mthrdini.c)
00406990       __InitThreadData_
00417338       ___ThreadDataSize
Module: C:\WATCOM\lib386\nt\clib3r.lib(memset.c)
004069c0       memset_
Module: C:\WATCOM\lib386\nt\clib3r.lib(cmain386.c)
004069e0       __CMain
Module: C:\WATCOM\lib386\nt\clib3r.lib(dosseg)
00001234       __DOSseg__
Module: C:\WATCOM\lib386\nt\clib3r.lib(8087cw.c)
0041733c       __8087cw
Module: C:\WATCOM\lib386\nt\clib3r.lib(save8087.c)
00417340       ___Save8087
00417344       ___Rest8087
Module: C:\WATCOM\lib386\nt\clib3r.lib(ini87386.asm)
00406a24       __x87id
Module: C:\WATCOM\lib386\nt\flib7.lib(csetinfo.c)
00419680       _CharSetInfo
Module: C:\WATCOM\lib386\nt\flib7.lib(errmsg.c)
00406d90       _GroupTable
00406e40       _ErrWord
Module: C:\WATCOM\lib386\nt\flib7.lib(blderr.c)
00407500       Substitute_
004076d0       ErrCodOrg_
Module: C:\WATCOM\lib386\nt\flib7.lib(errrtns.c)
00419694       ___ErrorFini
00419698       ___ErrorInit
0041969c       ___BldErrMsg
Module: C:\WATCOM\lib386\nt\flib7.lib(sdfile.c)
00417348*      _FFCtrlSeq
0041734a*      _SkipCtrlSeq
0041734c       _NormalCtrlSeq
0041734e       _SDTermIn
00417352       _SDTermOut
00417356*      _SDPrtName
Module: C:\WATCOM\lib386\nt\flib7.lib(unfmtutl.c)
004076e0       _SizeVars
Module: C:\WATCOM\lib386\nt\flib7.lib(undefcg.c)
00407780       OutLogCG_
00407790       OutIntCG_
004077d0+      FmtRealCG_
00407800+      FmtDoubleCG_
00407830+      FmtExtendedCG_
00407860+      UndefIntCG_
00407860+      UndefLogCG_
00407860+      UndefExtendedCG_
00407860+      UndefDoubleCG_
00407860+      UndefRealCG_
00407870+      GetRealCG_
0041735c       _FmtRealRtn
00417360       _FmtDoubleRtn
00417364       _FmtExtendedRtn
00417368       _SendStrRtn
0041736c       _UndefRealRtn
00417370       _UndefDoubleRtn
00417374       _UndefExtendedRtn
00417378       _UndefLogRtn
0041737c       _UndefIntRtn
00417380       _GetRealRtn
Module: C:\WATCOM\lib386\nt\flib7.lib(cctrl.c)
00407880       CheckCCtrl_
Module: C:\WATCOM\lib386\nt\flib7.lib(fdutil.c)
004078f0       LocFile_
00407900       LocUnit_
00407930       ExtractInfo_
Module: C:\WATCOM\lib386\nt\flib7.lib(rstdio.c)
00407a60       _InitStandardInput_
00407a90       _InitStandardOutput_
Module: C:\WATCOM\lib386\nt\flib7.lib(rmemmgr.c)
00407ac0       RMemAlloc_
00407ad0       RMemFree_
Module: C:\WATCOM\lib386\nt\flib7.lib(deffname.c)
00417384       _DefFName
Module: C:\WATCOM\lib386\nt\flib7.lib(stracc.c)
00407ae0       TrimStr_
00407b20       GetStr_
Module: C:\WATCOM\lib386\nt\flib7.lib(rttraps.c)
00407c40       __EnableF77RTExceptionHandling_
00407c50       R_TrapInit_
00407ce0       R_TrapFini_
00407cf0*      __InitExceptionVectors_
Module: C:\WATCOM\lib386\nt\clib3r.lib(nodefwin.c)
0041738c*      __WindowsIsWindowedHandle
00417390*      __WindowsRemoveWindowedHandle
00417394*      __WindowsNewWindow
00417398*      __WindowsCloseWindow
0041739c*      __WindowsSetAbout
004173a0*      __WindowsSetAppTitle
004173a4*      __WindowsSetConTitle
004173a8*      __WindowsDestroyOnClose
004173ac*      __WindowsYieldControl
004173b0*      __WindowsShutDown
004173b4*      __WindowsStdin
004173b8       __WindowsStdout
004173bc*      __WindowsKbhit
004173c0*      __WindowsGetch
004173c4*      __WindowsGetche
004173c8*      __WindowsPutch
00407d10*      _dwShutDown_
00407d10*      _dwYield_
00407d10*      _dwSetConTitle_
00407d10*      _dwSetAppTitle_
00407d10*      _dwSetAboutDlg_
00407d10       _dwDeleteOnClose_
004173cc*      __WindowsExitRtn
004196a0*      __init_default_win
Module: C:\WATCOM\lib386\nt\clib3r.lib(atexit.c)
00407d13       atexit_
Module: C:\WATCOM\lib386\nt\clib3r.lib(regdata.c)
00407d70       __RegisterThreadDataSize_
Module: C:\WATCOM\lib386\nt\clib3r.lib(hdlman.c)
004173d0+      ___NHandles
004173d4+      ___OSHandles
004173d8+      ___FakeHandles
00407da0+      __growPOSIXHandles_
00407e40       __allocPOSIXHandle_
00407f00       __freePOSIXHandle_
00407f20       __getOSHandle_
00407f30       __setOSHandle_
00407f80+      __NTGetFakeHandle_
00407ff0       __initPOSIXHandles_
004080d0*      __set_handles_
004080e0*      _grow_handles_
Module: C:\WATCOM\lib386\nt\clib3r.lib(environ.c)
00419728       ___env_mask
0041972c       _environ
00419730       __wenviron
Module: C:\WATCOM\lib386\nt\clib3r.lib(getmodfn.c)
00408120       __lib_GetModuleFileNameW_
Module: C:\WATCOM\lib386\nt\clib3r.lib(strdup.c)
004081c0       __clib_strdup_
Module: C:\WATCOM\lib386\nt\clib3r.lib(istable.c)
00408200       __IsTable
Module: C:\WATCOM\lib386\nt\clib3r.lib(ustrdup.c)
00408301       __clib_wcsdup_
Module: C:\WATCOM\lib386\nt\clib3r.lib(nfree.c)
00408330       _nfree_
00408330       free_
00419734       ___MiniHeapFreeRover
Module: C:\WATCOM\lib386\nt\clib3r.lib(excptwnt.c)
00408aa0+      ___ReportException@4
00408ef0       __DefaultExceptionHandler_
00408f30+      ___ExceptionFilter
00409140       __NewExceptionFilter_
00409170       __DoneExceptionFilter_
004173e4       ___oscode_check_func
004173e8       ___raise_func
00419738*      _sw
0041973c       ___ExceptionHandled
0041973d+      ___ReportInvoked
Module: C:\WATCOM\lib386\nt\clib3r.lib(stklmwnt.c)
004091b0       __init_stack_limits_
Module: C:\WATCOM\lib386\nt\flib7.lib(runmain.c)
00409220*      __InitUnit6CC_
00409230       __DevicesCC_
00409240*      __InitAllowCommaSeparator_
00409250       __AllowCommaSep_
00409260+      _InitIO_
004092d0+      CloseAllFiles_
00409310*      _FiniEx_
00409310       RunExit_
00409350       RunEntry_
Module: C:\WATCOM\lib386\nt\flib7.lib(posdat.c)
004175e4       _FStdIn
004175e8       _FStdOut
004175ec       _FStdErr
Module: C:\WATCOM\lib386\nt\flib7.lib(posflush.c)
00409380       FlushBuffer_
Module: C:\WATCOM\lib386\nt\flib7.lib(errutil.c)
00409430       BldErrCode_
00409490*      MsgFormat_
004094c0*      MsgBuffer_
004175f0+      _PGrpCodes
Module: C:\WATCOM\lib386\nt\clib3r.lib(enterdb.c)
004094f0       __EnterWVIDEO_
004175f4       ___WD_Present
Module: C:\WATCOM\lib386\nt\flib7.lib(stdio.c)
00409530       StdBuffer_
00409550+      StdWrite_
00409630       StdFlush_
00409660       StdWriteNL_
Module: C:\WATCOM\lib386\nt\clib3r.lib(stjmp386.asm)
00409688       _setjmp_
004096c1       longjmp_
Module: C:\WATCOM\lib386\nt\clib3r.lib(exit.c)
00409743+      __null_int23_exit_
00409744       exit_
00409794*      _exit_
00417a00+      ___int23_exit
00417a04+      ___FPE_handler_exit
Module: C:\WATCOM\lib386\nt\clib3r.lib(accsswnt.c)
004097b0       access_
Module: C:\WATCOM\lib386\nt\clib3r.lib(fullpath.c)
004097f0+      _sys_fullpath_
00409870       _fullpath_
Module: C:\WATCOM\lib386\nt\clib3r.lib(fstatwnt.c)
004098e0       fstat_
Module: C:\WATCOM\lib386\nt\flib7.lib(poserr.c)
00409c40       Errorf_
00409c60*      EOFile_
00409c80       ErrorMsg_
00409cc0       FSetTrunc_
00409cd0       FSetSysErr_
00409cf0       FSetErr_
00409d10       FSetEof_
00409d30       IOOk_
Module: C:\WATCOM\lib386\nt\clib3r.lib(statwnt.c)
00409e55       stat_
Module: C:\WATCOM\lib386\nt\flib7.lib(posopen.c)
0040a090       InitStd_
0040a150       SetIOBufferSize_
0040a170+      _AllocFile_
0040a260       Openf_
0040a360       Closef_
Module: C:\WATCOM\lib386\nt\flib7.lib(posdel.c)
0040a3e0       Scratchf_
Module: C:\WATCOM\lib386\nt\flib7.lib(posput.c)
0040a400       FPutRec_
0040a440       ChopFile_
0040a490*      PutRec_
0040a5b0       writebytes_
0040a630       SysWrite_
Module: C:\WATCOM\lib386\nt\flib7.lib(posget.c)
0040a770       readbytes_
0040a840       SysRead_
0040aca0       FGetRec_
0040acd0*      GetRec_
0040acf0       GetStdChar_
0040ad40       FCheckLogical_
0040adc0       FSkipLogical_
0040ae90*      FGetVarRecLen_
Module: C:\WATCOM\lib386\nt\flib7.lib(posseek.c)
0040af80       FSeekRec_
0040afc0       CurrFileOffset_
0040afc0       FGetFilePos_
0040afe0       SysSeek_
0040b1d0*      FSeekAbs_
Module: C:\WATCOM\lib386\nt\clib3r.lib(stricmp.c)
0040b1e0       stricmp_
Module: C:\WATCOM\lib386\nt\flib7.lib(posrew.c)
0040b220       FRewind_
Module: C:\WATCOM\lib386\nt\flib7.lib(posback.c)
0040b290       FBackspace_
Module: C:\WATCOM\lib386\nt\flib7.lib(postrunc.c)
0040b360       FTruncate_
Module: C:\WATCOM\lib386\nt\clib3r.lib(errno.c)
0040b380       __get_errno_ptr_
0040b390*      __get_doserrno_ptr_
Module: C:\WATCOM\lib386\nt\flib7.lib(rdutils.c)
0040b3a0       NextRec_
Module: C:\WATCOM\lib386\nt\clib3r.lib(toupper.c)
0040b4b0       toupper_
Module: C:\WATCOM\lib386\nt\flib7.lib(chrutils.c)
0040b4c0       JmpBlanks_
Module: C:\WATCOM\lib386\nt\flib7.lib(fmtcnvt.c)
0040b4f0       FmtS2I_
0040b630       FmtS2F_
Module: C:\WATCOM\lib386\nt\flib7.lib(ifile.c)
0040ba10       SendIFBuff_
0040ba40       NextIFBuff_
Module: C:\WATCOM\lib386\nt\clib3r.lib(ltoa.c)
0040ba70       ultoa_
0040bac0       ltoa_
Module: C:\WATCOM\lib386\nt\flib7.lib(rfmtlog.c)
0040bb00       R_FmtLog_
Module: C:\WATCOM\lib386\nt\flib7.lib(fmtrtns.c)
0040bb30       R_F2E_
0040bca0       R_F2F_
0040be30       SetMaxPrec_
Module: C:\WATCOM\lib386\nt\flib7.lib(flt86.c)
0040be40       _P1d100
0040be48       _P1d_99
Module: C:\WATCOM\lib386\math387r.lib(pow87.asm)
0040bfa9*      pow_
0040be50       IF@DPOW
0040be50*      IF@POW
Module: C:\WATCOM\lib386\nt\flib7.lib(hexcnv.c)
0040bfd0       Hex_
0040bff0*      HSToB_
0040c060       BToHS_
Module: C:\WATCOM\lib386\nt\clib3r.lib(strupr.c)
0040c0b0       strupr_
Module: C:\WATCOM\lib386\nt\clib3r.lib(__stos.asm)
0040c0d0       __STOSB
0040c107*      __STOSD
Module: C:\WATCOM\lib386\nt\clib3r.lib(cinit.c)
0040c180       __CommonInit_
Module: C:\WATCOM\lib386\nt\clib3r.lib(___argc.c)
00419744       ____Argc
00419748       ____Argv
Module: C:\WATCOM\lib386\nt\flib7.lib(rtmain.c)
0040c190       main_
Module: C:\WATCOM\lib386\nt\clib3r.lib(memmove.c)
0040c1b0       memmove_
Module: C:\WATCOM\lib386\nt\clib3r.lib(sprintf.c)
0040c210       sprintf_
Module: C:\WATCOM\lib386\nt\flib7.lib(expchk.c)
0040c240       ToFFormat_
Module: C:\WATCOM\lib386\nt\clib3r.lib(getenv.c)
0040c290       getenv_
Module: C:\WATCOM\lib386\nt\clib3r.lib(nmalloc.c)
0040c330       _nmalloc_
0040c330       malloc_
00417a10       ___nheapbeg
00417a14       ___MiniHeapRover
00417a18       ___LargestSizeB4MiniHeapRover
Module: C:\WATCOM\lib386\nt\clib3r.lib(signlwnt.c)
00417a1c+      __SignalTable
0040c430+      __SetSignalFunc_
0040c480+      __GetSignalFunc_
0040c4b0+      __GetSignalOSCode_
0040c4e0+      __CheckSignalExCode_
0040c620+      __sigabort_
0040c630       __sigfpe_handler_
0040c680       signal_
0040c710+      raise_
0040c780+      __SigInit_
0040c7d0+      __SigFini_
0040c810+      __sig_init_
Module: C:\WATCOM\lib386\nt\flib7.lib(fptraps.c)
0040c8f0*      __MaskDefaultFPE_
0040c910       FPTrapInit_
0040c940       FPTrapFini_
Module: C:\WATCOM\lib386\nt\clib3r.lib(trdlist.c)
0040c9b0       __GetThreadData_
0040ca00       __ReallocThreadData_
0040caf0       __AddThreadData_
0040cb70       __RemoveThreadData_
0040cbd0       __ResizeThreadDataList_
0040cc00       __FreeThreadDataList_
0040cc30*      __ActiveThreads_
Module: C:\WATCOM\lib386\nt\clib3r.lib(seterrno.c)
0040cc47       __set_errno_
0040cc55*      __set_EDOM_
0040cc63       __set_ERANGE_
0040cc71*      __set_EINVAL_
0040cc84       __set_doserrno_
Module: C:\WATCOM\lib386\nt\clib3r.lib(nrealloc.c)
0040cca0*      _nrealloc_
0040cca0       realloc_
Module: C:\WATCOM\lib386\nt\clib3r.lib(iomode.c)
0040cd20       __GetIOMode_
0040cd40       __SetIOMode_nogrow_
00417a88       ___NFiles
00417a8c       ___init_mode
00417adc       ___io_mode
Module: C:\WATCOM\lib386\nt\clib3r.lib(stiomode.c)
0040cd60       __grow_iomode_
0040ce30+      __shrink_iomode_
0040ce70       __SetIOMode_
Module: C:\WATCOM\lib386\nt\clib3r.lib(setenvp.c)
0040cef0       __setenvp_
0040cfc0       __freeenvp_
Module: C:\WATCOM\lib386\nt\clib3r.lib(ustrlen.c)
0040d00d       wcslen_
Module: C:\WATCOM\lib386\nt\clib3r.lib(memcpy.c)
0040d020       memcpy_
Module: C:\WATCOM\lib386\nt\clib3r.lib(mem.c)
0040d040       __MemAllocator
0040d0f0       __MemFree
Module: C:\WATCOM\lib386\nt\clib3r.lib(conutwnt.c)
0040d240*      __NTRealKey_
0040d2f0*      __NTConsoleInput_
0040d300       __NTConsoleOutput_
Module: C:\WATCOM\lib386\nt\clib3r.lib(fclex387.c)
0040d310       _ClearFPE_
Module: C:\WATCOM\lib386\nt\clib3r.lib(lseek.c)
0040d320       lseek_
Module: C:\WATCOM\lib386\nt\clib3r.lib(write.c)
0040d5c0       write_
Module: C:\WATCOM\lib386\nt\flib7.lib(errgrp.c)
0040d820       _GrpCodes
Module: C:\WATCOM\lib386\nt\clib3r.lib(iob.c)
00417ae8       ___iob
00419758       ___OpenStreams
0041975c       ___ClosedStreams
Module: C:\WATCOM\lib386\nt\clib3r.lib(setmd.c)
0040d8b0       setmode_
Module: C:\WATCOM\lib386\nt\clib3r.lib(ljmphdl.c)
00417cf0       ___longjmp_handler
Module: C:\WATCOM\lib386\nt\clib3r.lib(fgtattr.c)
0040d9b0       __fixed_GetFileAttributesA_
Module: C:\WATCOM\lib386\nt\clib3r.lib(dosret.c)
0040da50*      __dosretax
0040da60*      __dosret0
0040da70       __set_errno_dos_
0040daa0*      __set_errno_dos_reterr_
0040dab0       __set_errno_nt_
0040dac0*      __set_errno_nt_reterr_
Module: C:\WATCOM\lib386\nt\clib3r.lib(gtcwdwnt.c)
0040dae0       getcwd_
Module: C:\WATCOM\lib386\nt\clib3r.lib(iomodtty.c)
0040db70       __ChkTTYIOMode_
0040dbb0       __IOMode_
Module: C:\WATCOM\lib386\nt\clib3r.lib(ntdosdt.c)
0040dbd0       __MakeDOSDT_
0040dc00*      __FromDOSDT_
Module: C:\WATCOM\lib386\nt\clib3r.lib(d2ttime.c)
0040dc30       _d2ttime_
Module: C:\WATCOM\lib386\nt\clib3r.lib(strerror.c)
0040dfd0       strerror_
0040dff0*      _strerror_
0040e0c0*      _doserror_
00417df8+      __sys_errlist
00417e9c+      __sys_nerr
Module: C:\WATCOM\lib386\nt\clib3r.lib(cmp386.asm)
0040e0f0       strcmp_
Module: C:\WATCOM\lib386\nt\clib3r.lib(mbspbrk.c)
0040e230       _mbspbrk_
Module: C:\WATCOM\lib386\nt\clib3r.lib(mbsinc.c)
0040e280       _mbsinc_
Module: C:\WATCOM\lib386\nt\clib3r.lib(tolower.c)
0040e2b0       tolower_
Module: C:\WATCOM\lib386\nt\clib3r.lib(close.c)
0040e2c0       close_
Module: C:\WATCOM\lib386\nt\clib3r.lib(openwnt.c)
0040e4e0*      open_
0040e500       sopen_
Module: C:\WATCOM\lib386\nt\flib7.lib(poscc.c)
0040e530*      __LineFeedWithFormFeed_
0040e540       FSetCC_
Module: C:\WATCOM\lib386\nt\clib3r.lib(unlnkwnt.c)
0040e5a0       unlink_
Module: C:\WATCOM\lib386\nt\clib3r.lib(chsizwnt.c)
0040e620       chsize_
Module: C:\WATCOM\lib386\nt\clib3r.lib(read.c)
0040e710       read_
Module: C:\WATCOM\lib386\nt\flib7.lib(intarith.c)
0040e8a0       AddIOFlo_
0040e8b0*      SubIOFlo_
0040e8c0       MulIOFlo_
Module: C:\WATCOM\lib386\math387r.lib(strtod.c)
0040ede3+      __Strtold_
0040ef4a       strtod_
Module: C:\WATCOM\lib386\nt\clib3r.lib(alphabet.c)
00417154       ___Alphabet
Module: C:\WATCOM\lib386\math387r.lib(ldcvt.c)
0040f16f       _LDScale10x_
0040f716       __LDcvt_
Module: C:\WATCOM\lib386\nt\clib3r.lib(chipvar)
00417f50       ___chipbug
00417f50       __chipbug
Module: C:\WATCOM\lib386\math387r.lib(pow87e.c)
0040fb64       __pow87_err_
Module: C:\WATCOM\lib386\math387r.lib(exp87.asm)
0040fc53*      exp_
0040fbec*      __@DEXP1
0040fbf4*      IF@EXP
0040fbf4*      IF@DEXP
0040fbf6       __@DEXP
Module: C:\WATCOM\lib386\nt\clib3r.lib(chipd32.asm)
0040fd77       __fdiv_fpr
00410239*      __fdiv_chk
0041024c*      __fdiv_m32
00410299*      __fdiv_m64
004102e6*      __fdiv_m32r
00410333*      __fdiv_m64r
Module: C:\WATCOM\lib386\nt\clib3r.lib(argcv.c)
00419860       __argc
00419864       __argv
00419868       ___argc
0041986c       ___argv
Module: C:\WATCOM\lib386\nt\clib3r.lib(vsprintf.c)
004103a0       vsprintf_
Module: C:\WATCOM\lib386\nt\clib3r.lib(mbterm.c)
004103c0       _mbterm_
Module: C:\WATCOM\lib386\nt\clib3r.lib(mbsnextc.c)
00410400       _mbsnextc_
Module: C:\WATCOM\lib386\nt\clib3r.lib(mbcupper.c)
00410440       _mbctoupper_
Module: C:\WATCOM\lib386\nt\clib3r.lib(nmemneed.c)
00410470       __nmemneed_
Module: C:\WATCOM\lib386\nt\clib3r.lib(grownear.c)
004105e0       __ExpandDGROUP_
Module: C:\WATCOM\lib386\nt\clib3r.lib(abort.c)
00410606*      abort_
00410618       __terminate_
00417f64       ___abort
Module: C:\WATCOM\lib386\nt\clib3r.lib(cntrl87.c)
00410630       _control87_
Module: C:\WATCOM\lib386\nt\clib3r.lib(mthread.c)
00410810+      __CloseSemaphore_
00410850+      __AccessIOB_
00410860+      __ReleaseIOB_
00410870+      __AccessFileH_
00410880+      __ReleaseFileH_
00410890+      __AccessNHeap_
004108a0+      __ReleaseNHeap_
004108b0+      __AccessFHeap_
004108c0+      __ReleaseFHeap_
004108d0+      __AccessTDList_
004108e0+      __ReleaseTDList_
004108f0+      __AccessFList_
00410900+      __AccessSemaphore_
00410960+      __ReleaseFList_
00410970+      __ReleaseSemaphore_
004109a0+      __MultipleThread_
004109f0+      __AllocInitThreadData_
00410a40+      __FreeInitThreadData_
00410a50       __NTThreadInit_
00410ac0       __NTAddThread_
00410b10       __NTRemoveThread_
00410ba0       __InitMultipleThread_
00417f68+      ___AccessSema4
00417f6c+      ___ReleaseSema4
00417f70+      ___CloseSema4
Module: C:\WATCOM\lib386\nt\clib3r.lib(xmsgwnt.c)
00410d60+      __exit_with_msg_
00410dc0       __fatal_runtime_error_
Module: C:\WATCOM\lib386\nt\clib3r.lib(calloc.c)
00410de0       calloc_
Module: C:\WATCOM\lib386\nt\clib3r.lib(register.c)
00410e10       __initthread_
00410e20*      _beginthread_
00410e30       _endthread_
00410e40*      __RegisterThreadData_
Module: C:\WATCOM\lib386\nt\clib3r.lib(nmsize.c)
00410e90       _nmsize_
00410e90*      _msize_
Module: C:\WATCOM\lib386\nt\clib3r.lib(nexpand.c)
00410ea0       _nexpand_
00410ea0*      _expand_
00410ee0+      __HeapManager_expand_
Module: C:\WATCOM\lib386\nt\clib3r.lib(dofilstr.c)
004110d0       __ParsePosixHandleStr_
Module: C:\WATCOM\lib386\nt\clib3r.lib(clearenv.c)
004111f0       clearenv_
Module: C:\WATCOM\lib386\nt\clib3r.lib(__lseek.c)
00411280       __lseek_
Module: C:\WATCOM\lib386\nt\clib3r.lib(stackwnt.c)
004112c0       stackavail_
Module: C:\WATCOM\lib386\nt\clib3r.lib(stkwnt.asm)
004112d1*      __CHK
004112e1*      __STK
00411300       __STKOVERFLOW_
00411310*      __GRO
00411330*      __alloca_probe
Module: C:\WATCOM\lib386\nt\clib3r.lib(initfile.c)
00411380       __InitFiles_
Module: C:\WATCOM\lib386\nt\clib3r.lib(ioexit.c)
00411480*      fcloseall_
00411490       __full_io_exit_
Module: C:\WATCOM\lib386\nt\clib3r.lib(isattwnt.c)
004114a0       isatty_
Module: C:\WATCOM\lib386\nt\clib3r.lib(mktime.c)
004114c0       mktime_
Module: C:\WATCOM\lib386\nt\clib3r.lib(strncpy.c)
00411550       strncpy_
Module: C:\WATCOM\lib386\nt\clib3r.lib(mbschr.c)
00411590       _mbschr_
Module: C:\WATCOM\lib386\nt\clib3r.lib(mbisdbcs.c)
00417f90       ___IsDBCS
Module: C:\WATCOM\lib386\nt\clib3r.lib(mbislead.c)
004115f0*      _ismbblead_
00419fdc       ___MBCSIsTable
Module: C:\WATCOM\lib386\nt\clib3r.lib(_clsewnt.c)
00411610       __close_
Module: C:\WATCOM\lib386\nt\clib3r.lib(ntfio.c)
00411670*      __GetNTCreateAttr_
004116b0       __GetNTAccessAttr_
004116e0       __GetNTShareAttr_
Module: C:\WATCOM\lib386\nt\clib3r.lib(umaskval.c)
00417f94       ___umaskval
Module: C:\WATCOM\lib386\nt\clib3r.lib(textmode.c)
00417f98       __fmode
Module: C:\WATCOM\lib386\math387r.lib(bufld386.asm)
00411740       __ZBuf2LD
Module: C:\WATCOM\lib386\math387r.lib(inf_nan.c)
004117e3*      ___f_infinity
004117e7*      ___f_posqnan
004117eb       ___d_infinity
004117f3       ___d_posqnan
004117fb*      ___ld_infinity
00411803*      ___ld_posqnan
Module: C:\WATCOM\lib386\nt\clib3r.lib(hugeval.c)
00411810       __HugeValue
Module: C:\WATCOM\lib386\math387r.lib(ldclass.c)
00411818       __LDClass_
00411868*      _FLClass_
Module: C:\WATCOM\lib386\nt\clib3r.lib(chipbug.c)
00411880       __verify_pentium_fdiv_bug_
Module: C:\WATCOM\lib386\nt\flib7.lib(_matherr.c)
004118e0*      __imath2err_
00411920*      __amath1err_
00411950*      __amath2err_
00411980       __math2err_
00411a90       __math1err_
00411aa0*      __zmath2err_
00411b00*      __qmath2err_
Module: C:\WATCOM\lib386\math387r.lib(math87e.c)
00411b66       __math87_err_
Module: C:\WATCOM\lib386\nt\clib3r.lib(initargv.c)
00411be0       __Init_Argv_
00411c30+      _getargv_
00411dd0       __Fini_Argv_
Module: C:\WATCOM\lib386\nt\clib3r.lib(prtf.c)
00411de0       __prtf_
Module: C:\WATCOM\lib386\nt\clib3r.lib(mbconv.c)
00412ab0       _mbvtop_
Module: C:\WATCOM\lib386\nt\clib3r.lib(amblksiz.c)
00417f9c       __amblksiz
Module: C:\WATCOM\lib386\nt\clib3r.lib(heapen.c)
00412ad0*      _heapenable_
00417fa0       ___heap_enabled
Module: C:\WATCOM\lib386\nt\clib3r.lib(nheapmin.c)
00412b00       _nheapshrink_
00412b00*      _nheapmin_
00412b00*      _heapmin_
00412b00       _heapshrink_
Module: C:\WATCOM\lib386\nt\clib3r.lib(trdalloc.c)
00412bf0       __FiniThreadProcessing_
Module: C:\WATCOM\lib386\nt\clib3r.lib(thredwnt.c)
00412cb0       __CBeginThread_
00412d50       __CEndThread_
Module: C:\WATCOM\lib386\nt\clib3r.lib(strtol.c)
00412fb0*      strtoul_
00412fc0       strtol_
Module: C:\WATCOM\lib386\nt\clib3r.lib(putenv.c)
00412fd0       putenv_
Module: C:\WATCOM\lib386\nt\clib3r.lib(fclose.c)
00413170+      __doclose_
00413210       __shutdown_stream_
00413230*      fclose_
0041a0e4+      ___RmTmpFileFn
Module: C:\WATCOM\lib386\nt\clib3r.lib(freefp.c)
00413280       __freefp_
004132d0       __purgefp_
Module: C:\WATCOM\lib386\nt\clib3r.lib(locmktim.c)
00413300       __local_mktime_
Module: C:\WATCOM\lib386\nt\clib3r.lib(gmtime.c)
00413480       __brktime_
00413580+      _gmtime_
004135a0*      gmtime_
Module: C:\WATCOM\lib386\nt\clib3r.lib(tzset.c)
00418030       ___start_dst
00418054       ___end_dst
0041817c*      _tzname
00418184       _timezone
00418188       _daylight
0041818c       ___dst_adjust
00413610*      __DontCacheOSTZ_
00413620*      __CacheOSTZ_
00413af0+      __parse_tz_
00413ee0       tzset_
Module: C:\WATCOM\lib386\nt\clib3r.lib(timeutil.c)
00414050       __isindst_
Module: C:\WATCOM\lib386\nt\clib3r.lib(mbclen.c)
00414380       _mbclen_
Module: C:\WATCOM\lib386\nt\clib3r.lib(mbccmp.c)
004143b0       _mbccmp_
Module: C:\WATCOM\lib386\nt\clib3r.lib(mbinit.c)
00414426       __mbinit_
00418194       ___MBCodePage
Module: C:\WATCOM\lib386\nt\clib3r.lib(histsplt.c)
0041a0e8       ___historical_splitparms
Module: C:\WATCOM\lib386\nt\clib3r.lib(wctomb.c)
00414520       wctomb_
Module: C:\WATCOM\lib386\nt\clib3r.lib(itoa.c)
00414560+      utoa_
004145b0       itoa_
Module: C:\WATCOM\lib386\nt\clib3r.lib(noefgfmt.c)
00418198       ___EFG_printf
0041819c*      ___EFG_scanf
Module: C:\WATCOM\lib386\nt\clib3r.lib(lltoa.c)
00414630       ulltoa_
004146a0*      lltoa_
Module: C:\WATCOM\lib386\nt\clib3r.lib(mbslen.c)
004146d0       _mbslen_
Module: C:\WATCOM\lib386\nt\clib3r.lib(_putenv.c)
00414700       __putenv_
Module: C:\WATCOM\lib386\nt\clib3r.lib(mbstowcs.c)
00414790       mbstowcs_
Module: C:\WATCOM\lib386\nt\clib3r.lib(_uputenv.c)
00414810       __wputenv_
Module: C:\WATCOM\lib386\nt\clib3r.lib(flush.c)
00414880       __flush_
Module: C:\WATCOM\lib386\nt\clib3r.lib(leapyear.c)
00414980       __leapyear_
00417184       ___diyr
0041719e       ___dilyr
Module: C:\WATCOM\lib386\nt\clib3r.lib(wcstombs.c)
004149c0       wcstombs_
Module: C:\WATCOM\lib386\nt\clib3r.lib(_findenv.c)
00414bc0       __findenv_
Module: C:\WATCOM\lib386\nt\clib3r.lib(mbtowc.c)
00414ce0       mbtowc_
Module: C:\WATCOM\lib386\nt\clib3r.lib(_ufinden.c)
00414e30       __wfindenv_
Module: C:\WATCOM\lib386\nt\clib3r.lib(fsync.c)
00414ed0       fsync_
Module: C:\WATCOM\lib386\nt\clib3r.lib(qwrit.c)
00414f20       __qwrite_
Module: C:\WATCOM\lib386\nt\clib3r.lib(utoupper.c)
00415000       towupper_


                        +----------------------+
                        |   Imported Symbols   |
                        +----------------------+

Symbol                              Module
======                              ======

_GetVersion@0                       KERNEL32.DLL
_GetModuleHandleA@4                 KERNEL32.DLL
_GetProcAddress@8                   KERNEL32.DLL
_GetModuleFileNameA@12              KERNEL32.DLL
_GetCommandLineA@0                  KERNEL32.DLL
_GetCommandLineW@0                  KERNEL32.DLL
_ExitProcess@4                      KERNEL32.DLL
_RtlUnwind@16                       KERNEL32.DLL
_GetCurrentThreadId@0               KERNEL32.DLL
_SetStdHandle@8                     KERNEL32.DLL
_CreateEventA@16                    KERNEL32.DLL
_GetStdHandle@4                     KERNEL32.DLL
_CloseHandle@4                      KERNEL32.DLL
_GetModuleFileNameW@12              KERNEL32.DLL
_MultiByteToWideChar@24             KERNEL32.DLL
_LoadLibraryA@4                     KERNEL32.DLL
_WriteFile@20                       KERNEL32.DLL
_SetUnhandledExceptionFilter@4      KERNEL32.DLL
_UnhandledExceptionFilter@4         KERNEL32.DLL
_VirtualQuery@12                    KERNEL32.DLL
_MessageBoxA@16                     USER32.DLL
_GetFullPathNameA@16                KERNEL32.DLL
_GetFileType@4                      KERNEL32.DLL
_GetFileInformationByHandle@8       KERNEL32.DLL
_GetFileTime@16                     KERNEL32.DLL
_GetFileSize@8                      KERNEL32.DLL
_CreateFileA@28                     KERNEL32.DLL
_GetLastError@0                     KERNEL32.DLL
_GetDriveTypeA@4                    KERNEL32.DLL
_FindFirstFileA@8                   KERNEL32.DLL
_FindClose@4                        KERNEL32.DLL
_SetConsoleCtrlHandler@8            KERNEL32.DLL
_TlsGetValue@4                      KERNEL32.DLL
_TlsSetValue@8                      KERNEL32.DLL
_SetFilePointer@16                  KERNEL32.DLL
_GetFileAttributesA@4               KERNEL32.DLL
_GetCurrentDirectoryA@8             KERNEL32.DLL
_FileTimeToLocalFileTime@8          KERNEL32.DLL
_FileTimeToDosDateTime@12           KERNEL32.DLL
_DosDateTimeToFileTime@12           KERNEL32.DLL
_LocalFileTimeToFileTime@8          KERNEL32.DLL
_FormatMessageA@28                  KERNEL32.DLL
_DeleteFileA@4                      KERNEL32.DLL
_SetEndOfFile@4                     KERNEL32.DLL
_ReadFile@20                        KERNEL32.DLL
_CharUpperA@4                       USER32.DLL
_VirtualAlloc@16                    KERNEL32.DLL
_InitializeCriticalSection@4        KERNEL32.DLL
_DeleteCriticalSection@4            KERNEL32.DLL
_LeaveCriticalSection@4             KERNEL32.DLL
_EnterCriticalSection@4             KERNEL32.DLL
_SetLastError@4                     KERNEL32.DLL
_TlsAlloc@0                         KERNEL32.DLL
_TlsFree@4                          KERNEL32.DLL
_VirtualFree@12                     KERNEL32.DLL
_CreateThread@24                    KERNEL32.DLL
_ResumeThread@4                     KERNEL32.DLL
_ExitThread@4                       KERNEL32.DLL
_SetEnvironmentVariableA@8          KERNEL32.DLL
_GetTimeZoneInformation@4           KERNEL32.DLL
_GetACP@0                           KERNEL32.DLL
_GetOEMCP@0                         KERNEL32.DLL
_GetCPInfo@8                        KERNEL32.DLL
_WideCharToMultiByte@32             KERNEL32.DLL
_FlushFileBuffers@4                 KERNEL32.DLL


                        +--------------------+
                        |   Libraries Used   |
                        +--------------------+

C:\WATCOM\lib386\nt\kernel32.lib
C:\WATCOM\lib386\nt\user32.lib
C:\WATCOM\lib386\nt\flib7.lib
C:\WATCOM\lib386\math387r.lib
C:\WATCOM\lib386\nt\clib3r.lib
C:\WATCOM\lib386\nt\emu387.lib


                        +-----------------------+
                        |   Linker Statistics   |
                        +-----------------------+

Stack size:  00010000 (65536.)
Memory size:  0002cace (182990.)
Entry point address: 004016d0
Link time: 00:00.04
