Open Watcom Linker Version 2.0 beta Apr  2 2015 09:56:44 (64-bit)
Copyright (c) 2002-2015 The Open Watcom Contributors. All Rights Reserved.
Portions Copyright (c) 1985-2002 Sybase, Inc. All Rights Reserved.
Created on:       15/07/13 15:22:39
Executable Image: exercicio3.exe
creating a Windows NT character-mode executable


                        +------------+
                        |   Groups   |
                        +------------+

Group                           Address              Size
=====                           =======              ====

.idata                          00415000             00000708
DGROUP                          00416000             000130f0



                        +--------------+
                        |   Segments   |
                        +--------------+

Segment                Class          Group          Address         Size
=======                =====          =====          =======         ====

BEGTEXT                CODE           AUTO           00401000        00000007
_TEXT                  CODE           AUTO           00401010        00013460
TRANSFER CODE          CODE           AUTO           00414470        00000186
.idata                 .idata         .idata         00415000        00000708
_NULL                  BEGDATA        DGROUP         00416000        00000004
_AFTERNULL             BEGDATA        DGROUP         00416004        00000000
CONST                  DATA           DGROUP         00416010        00000140
_DATA                  DATA           DGROUP         00416150        00000fe0
XIB                    DATA           DGROUP         00417130        00000000
XI                     DATA           DGROUP         00417130        0000004e
XIE                    DATA           DGROUP         0041717e        00000000
YIB                    DATA           DGROUP         0041717e        00000000
YI                     DATA           DGROUP         0041717e        00000030
YIE                    DATA           DGROUP         004171ae        00000000
CONST2                 DATA           DGROUP         004171b0        00000000
TIB                    DATA           DGROUP         004171b0        00000000
TI                     DATA           DGROUP         004171b0        00000000
TIE                    DATA           DGROUP         004171b0        00000000
DATA                   DATA           DGROUP         004171b0        00000000
DATA32                 DATA           DGROUP         004171b0        0000011c
CONST32                CONST          DGROUP         00418000        00000000
_BSS                   BSS            DGROUP         00418000        000010ec
BSS32                  BSS            DGROUP         004190ec        00000000
STACK                  STACK          DGROUP         004190f0        00010000


                        +----------------+
                        |   Memory Map   |
                        +----------------+

* = unreferenced symbol
+ = symbol only referenced locally

Address        Symbol
=======        ======

Module: exercicio3.obj(C:\Users\Samsung\Desktop\2015.1\Comp2\Exercicio3\exercicio3.for)
00401010       FMAIN
Module: C:\WATCOM\lib386\nt\flib7.lib(cowrite.asm)
00401158       RT@IOWrite
00401167*      RT@OutLOG1
00401179*      RT@OutLOG4
00401187*      RT@OutINT1
00401199*      RT@OutINT2
004011a9       RT@OutINT4
004011b8*      RT@OutREAL
004011c8       RT@OutDBLE
004011d8*      RT@OutXTND
004011e8*      RT@OutCPLX
004011fe*      RT@OutDBCX
00401214*      RT@OutXTCX
0040122a       RT@OutCHAR
0040122f*      RT@OutSTR
00401234*      RT@PrtArr
00401239*      RT@PrtChArr
Module: C:\WATCOM\lib386\nt\flib7.lib(cortns.asm)
00416188*      _FRT_SaveESP
00401249*      SwitchToGen
00401267       SwitchToRT
00401285       RdWrCommon
00401329       IOType_
00401347       IOChar
00401362       IOStr
00401377       IOArr
00401392       IOChArr
004013b4       RT@EndIO
Module: C:\WATCOM\lib386\nt\flib7.lib(coread.asm)
004013be       RT@IORead
004013cd*      RT@InpLOG1
004013dc*      RT@InpLOG4
004013eb*      RT@InpINT1
004013fa*      RT@InpINT2
00401409       RT@InpINT4
00401418*      RT@InpREAL
00401427*      RT@InpDBLE
00401436*      RT@InpXTND
00401445*      RT@InpCPLX
00401454*      RT@InpDBCX
00401463*      RT@InpXTCX
00401472*      RT@InpCHAR
00401477*      RT@InpSTR
0040147c*      RT@InpArr
00401481*      RT@InpChArr
Module: C:\WATCOM\lib386\nt\clib3r.lib(cstrtwnt)
00401486       _cstart_
00401486*      mainCRTStartup
Module: C:\WATCOM\lib386\nt\clib3r.lib(_8087386.asm)
004161a8       __8087
004161a9       __real87
Module: C:\WATCOM\lib386\nt\emu387.lib(386stub.asm)
004014e4       __init_387_emulator
004014e5*      __fini_387_emulator
Module: C:\WATCOM\lib386\nt\flib7.lib(initeng.c)
00418000       __init_english
Module: C:\WATCOM\lib386\nt\flib7.lib(initerr.c)
00418004       __init_error
Module: C:\WATCOM\lib386\nt\flib7.lib(exwrite.c)
00401560       DoWrite_
Module: C:\WATCOM\lib386\nt\flib7.lib(setiocb.c)
00401590       RT@SetIOCB
Module: C:\WATCOM\lib386\nt\flib7.lib(rdata.c)
00418010       _IORslt
00418020       _FmtBuff
00418024*      _Fmt_revert
00418028*      _Fmt_start
0041802c*      _Fmt_paren_level
00418030*      _Fmt_charptr
00418034*      _FmtEmStruct
00418038       _IOTypeRtn
0041803c*      _Fmt_end
00418040*      _Fmt_rep_spec
00418044       _FmtRoutine
00418048       _IOCB
0041804c       _Files
00418050*      _Fmt_delimited
Module: C:\WATCOM\lib386\nt\flib7.lib(iomain.c)
00401620       __ReleaseIOSys_
00401640       IOMain_
Module: C:\WATCOM\lib386\nt\clib3r.lib(crwdata)
004161ed       __osmajor
004161ee       __osminor
004161ef       __osbuild
004161f1       __osver
004161f5       __winmajor
004161f9       __winminor
004161fd       __winver
004161bc       __LpDllName
004161c0       __LpwCmdLine
004161c4       __LpwPgmName
004161c8       __LpwDllName
004161b4       __LpCmdLine
004161b8       __LpPgmName
004161ac*      __dynend
004161b0       __curbrk
004161cc*      __STACKLOW
004161d0       __STACKTOP
004161d4       __ASTACKSIZ
004161d8       __ASTACKPTR
004161dc*      __cbyte
004161e0*      __cbyte2
004161e4*      __child
004161e9       __Envptr
004161e8       __no87
00416201       ___FPE_handler
Module: C:\WATCOM\lib386\nt\flib7.lib(thrdutil.c)
00401850*      __InitMultiThreadIO_
0041620c       ___SwitchStkLow
Module: C:\WATCOM\lib386\nt\flib7.lib(exread.c)
004018e0       DoRead_
Module: C:\WATCOM\lib386\nt\clib3r.lib(main2wnt.c)
00401910       __NTMain
Module: C:\WATCOM\lib386\nt\clib3r.lib(segdefns)
00401003       ___begtext
00416000*      __nullarea
00417130       __Start_XI
0041717e       __End_XI
0041717e       __Start_YI
004171ae       __End_YI
Module: C:\WATCOM\lib386\nt\clib3r.lib(chk8087.c)
00401990*      _fpreset_
004019d0       __chk8087_
004019e0*      __init_8087_
Module: C:\WATCOM\lib386\nt\flib7.lib(english.c)
00401a30       __UseEnglishCharSet_
Module: C:\WATCOM\lib386\nt\flib7.lib(errincl.c)
00401b40       __InitError_
00416210+      _PGroupTable
00416214+      _PErrWord
Module: C:\WATCOM\lib386\nt\flib7.lib(rdwr.c)
00401b60+      DoOpen_
00401b90+      _AllocBuffer_
00401bd0       IOPrologue_
00401e10       UpdateRecNum_
Module: C:\WATCOM\lib386\nt\flib7.lib(unfmtout.c)
00401f30       UnFmtOut_
Module: C:\WATCOM\lib386\nt\flib7.lib(freeout.c)
00402380       FreeOut_
00416218+      _OutRtn
Module: C:\WATCOM\lib386\nt\flib7.lib(rtutls.c)
00402480       FindFtnFile_
00402570       RChkAlloc_
004025a0       F_Connect_
00402620       ConnectFile_
00402630*      GetFileInfo_
00402720       DiscoFile_
00402790*      ChkFileName_
004027c0+      ChkLogFile_
00402800       ChkIOOperation_
00402840       GetIOErr_
00402850       ChkIOErr_
00402870       ChkUnitId_
004028b0*      ChkConnected_
004028d0       SetEOF_
00402900       ClearEOF_
00402940       SysEOF_
00402970       IsFixed_
00402980       IsCarriage_
00402990*      ChkRecordStructure_
004029c0*      ChkSequential_
004029e0*      ChkExist_
00402a10*      StrItem_
Module: C:\WATCOM\lib386\nt\flib7.lib(rtinit.c)
0041624c       ___FAppType
00416250       __ExceptionInit
00416254       __ExceptionFini
00402a50*      __InitFThreadData_
00402a90+      RTSysFini_
00402aa0       RTSysInit_
0041625c       __AccessFIO
00416260       __ReleaseFIO
00416264       __PartialReleaseFIO
00418058       ___FThreadDataOffset
0041714e*      ___fthread_data_size
Module: C:\WATCOM\lib386\nt\clib3r.lib(mainwnt.c)
00416268       ___TlsIndex
0041626c       ___FirstThreadData
00416270       ___GetThreadPtr
00416274       __AccessFileH
00416278       __ReleaseFileH
0041627c       __AccessIOB
00416280       __ReleaseIOB
00416284       __AccessNHeap
00416288       __AccessFHeap
0041628c       __ReleaseNHeap
00402b60*      __threadid_
00402b80+      __sig_null_rtn_
00402b90+      __NTInit_
00402da0+      __NTFini_
00402e20       __NTMainInit_
00402e80       __exit_
00416290       __ReleaseFHeap
00416294       __AccessTDList
00416298       __ReleaseTDList
0041629c       __AccessFList
004162a0       __ReleaseFList
004162a4       __ThreadExitRtn
004162a8       ___sig_init_rtn
004162ac       ___sig_fini_rtn
004162b0       ___process_fini
00418064       ___Is_DLL
Module: C:\WATCOM\lib386\nt\flib7.lib(ioinit.c)
00402ee0       IOSysInit_
Module: C:\WATCOM\lib386\nt\flib7.lib(rterr.c)
004162b8+      _TraceRoutine
00402f30+      FlushStdUnit_
00402f80+      WriteErr_
00403050       ErrHandler_
00403090       RTErr_
004162c4+      LG@ERR_HOOK
Module: C:\WATCOM\lib386\nt\flib7.lib(spawn.c)
004030c0       Spawn_
00403120       Suicide_
Module: C:\WATCOM\lib386\nt\flib7.lib(rtsysutl.c)
00403160       GetSysIOInfo_
00403180       GetSysFileInfo_
004031b0*      IsDevice_
00403380       OpenAction_
004033c0*      DfltRecType_
004033e0+      _FileAttrs_
004034a0       CloseFile_
00403510       Scrtched_
00403530*      CloseDeleteFile_
00403580       Errf_
004035a0       FPutBuff_
00403610       FGetBuff_
00403660       SeekFile_
00403680       NoEOF_
00403690       SysClearEOF_
004036a0*      SameFile_
004036b0*      Rewindf_
004036d0*      SysCreateFile_
00403710       CheckLogicalRecord_
00403730       SkipLogicalRecord_
00403750*      BackSpacef_
00403780*      EndFilef_
004037c0       GetIOErrMsg_
00403800       ReportNExist_
00403820       ReportEOF_
00403830*      WaitForEnter_
Module: C:\WATCOM\lib386\nt\flib7.lib(unfmtin.c)
00403840       UnFmtIn_
004038e0+      NextUnFmtRec_
Module: C:\WATCOM\lib386\nt\flib7.lib(freein.c)
00403cc0+      GetNum_
00403ec0       FreeIn_
00403ed0*      DoFreeIn_
00403f00+      BumpComma_
00403f30+      Blanks_
00403f50+      CheckEor_
Module: C:\WATCOM\lib386\nt\clib3r.lib(initrtns.c)
00404570       __InitRtns
004045c0       __FiniRtns
Module: C:\WATCOM\lib386\nt\clib3r.lib(mthrdini.c)
00404620       __InitThreadData_
004162c8       ___ThreadDataSize
Module: C:\WATCOM\lib386\nt\clib3r.lib(memset.c)
00404650       memset_
Module: C:\WATCOM\lib386\nt\clib3r.lib(cmain386.c)
00404670       __CMain
Module: C:\WATCOM\lib386\nt\clib3r.lib(dosseg)
00001234       __DOSseg__
Module: C:\WATCOM\lib386\nt\clib3r.lib(8087cw.c)
004162cc       __8087cw
Module: C:\WATCOM\lib386\nt\clib3r.lib(save8087.c)
004162d0       ___Save8087
004162d4       ___Rest8087
Module: C:\WATCOM\lib386\nt\clib3r.lib(ini87386.asm)
004046b4       __x87id
Module: C:\WATCOM\lib386\nt\flib7.lib(csetinfo.c)
00418680       _CharSetInfo
Module: C:\WATCOM\lib386\nt\flib7.lib(errmsg.c)
00404a20       _GroupTable
00404ad0       _ErrWord
Module: C:\WATCOM\lib386\nt\flib7.lib(blderr.c)
00405190       Substitute_
00405360       ErrCodOrg_
Module: C:\WATCOM\lib386\nt\flib7.lib(errrtns.c)
00418694       ___ErrorFini
00418698       ___ErrorInit
0041869c       ___BldErrMsg
Module: C:\WATCOM\lib386\nt\flib7.lib(sdfile.c)
004162d8*      _FFCtrlSeq
004162da*      _SkipCtrlSeq
004162dc       _NormalCtrlSeq
004162de       _SDTermIn
004162e2       _SDTermOut
004162e6*      _SDPrtName
Module: C:\WATCOM\lib386\nt\flib7.lib(ioerr.c)
004053a0       IOErr_
Module: C:\WATCOM\lib386\nt\flib7.lib(wrutils.c)
00405430       F_SendData_
00405490*      SendLine_
004054a0       SendEOR_
00405530*      SendInt_
00405560       SendStr_
00405580+      SendWSLStr_
004055a0       SendChar_
004055c0       Drop_
00405780       IOItemResult_
Module: C:\WATCOM\lib386\nt\flib7.lib(unfmtutl.c)
00405800       _SizeVars
Module: C:\WATCOM\lib386\nt\flib7.lib(undefcg.c)
004058a0       OutLogCG_
004058b0       OutIntCG_
004058f0+      FmtRealCG_
00405920+      FmtDoubleCG_
00405950+      FmtExtendedCG_
00405980+      UndefIntCG_
00405980+      UndefLogCG_
00405980+      UndefExtendedCG_
00405980+      UndefDoubleCG_
00405980+      UndefRealCG_
00405990+      GetRealCG_
004162ec       _FmtRealRtn
004162f0       _FmtDoubleRtn
004162f4       _FmtExtendedRtn
004162f8       _SendStrRtn
004162fc       _UndefRealRtn
00416300       _UndefDoubleRtn
00416304       _UndefExtendedRtn
00416308       _UndefLogRtn
0041630c       _UndefIntRtn
00416310       _GetRealRtn
Module: C:\WATCOM\lib386\nt\flib7.lib(cctrl.c)
004059a0       CheckCCtrl_
Module: C:\WATCOM\lib386\nt\flib7.lib(fdutil.c)
00405a10       LocFile_
00405a20       LocUnit_
00405a50       ExtractInfo_
Module: C:\WATCOM\lib386\nt\flib7.lib(rstdio.c)
00405b80       _InitStandardInput_
00405bb0       _InitStandardOutput_
Module: C:\WATCOM\lib386\nt\flib7.lib(rmemmgr.c)
00405be0       RMemAlloc_
00405bf0       RMemFree_
Module: C:\WATCOM\lib386\nt\flib7.lib(deffname.c)
00416314       _DefFName
Module: C:\WATCOM\lib386\nt\flib7.lib(stracc.c)
00405c00       TrimStr_
00405c40       GetStr_
Module: C:\WATCOM\lib386\nt\flib7.lib(rttraps.c)
00405d60       __EnableF77RTExceptionHandling_
00405d70       R_TrapInit_
00405e00       R_TrapFini_
00405e10*      __InitExceptionVectors_
Module: C:\WATCOM\lib386\nt\clib3r.lib(nodefwin.c)
0041631c*      __WindowsIsWindowedHandle
00416320*      __WindowsRemoveWindowedHandle
00416324*      __WindowsNewWindow
00416328*      __WindowsCloseWindow
0041632c*      __WindowsSetAbout
00416330*      __WindowsSetAppTitle
00416334*      __WindowsSetConTitle
00416338*      __WindowsDestroyOnClose
0041633c*      __WindowsYieldControl
00416340*      __WindowsShutDown
00416344*      __WindowsStdin
00416348       __WindowsStdout
0041634c*      __WindowsKbhit
00416350*      __WindowsGetch
00416354*      __WindowsGetche
00416358*      __WindowsPutch
00405e30*      _dwShutDown_
00405e30*      _dwYield_
00405e30*      _dwSetConTitle_
00405e30*      _dwSetAppTitle_
00405e30*      _dwSetAboutDlg_
00405e30       _dwDeleteOnClose_
0041635c*      __WindowsExitRtn
004186a0*      __init_default_win
Module: C:\WATCOM\lib386\nt\clib3r.lib(atexit.c)
00405e33       atexit_
Module: C:\WATCOM\lib386\nt\clib3r.lib(regdata.c)
00405e90       __RegisterThreadDataSize_
Module: C:\WATCOM\lib386\nt\clib3r.lib(hdlman.c)
00416360+      ___NHandles
00416364+      ___OSHandles
00416368+      ___FakeHandles
00405ec0+      __growPOSIXHandles_
00405f60       __allocPOSIXHandle_
00406020       __freePOSIXHandle_
00406040       __getOSHandle_
00406050       __setOSHandle_
004060a0+      __NTGetFakeHandle_
00406110       __initPOSIXHandles_
004061f0*      __set_handles_
00406200*      _grow_handles_
Module: C:\WATCOM\lib386\nt\clib3r.lib(environ.c)
00418728       ___env_mask
0041872c       _environ
00418730       __wenviron
Module: C:\WATCOM\lib386\nt\clib3r.lib(getmodfn.c)
00406240       __lib_GetModuleFileNameW_
Module: C:\WATCOM\lib386\nt\clib3r.lib(strdup.c)
004062e0       __clib_strdup_
Module: C:\WATCOM\lib386\nt\clib3r.lib(istable.c)
00406320       __IsTable
Module: C:\WATCOM\lib386\nt\clib3r.lib(ustrdup.c)
00406421       __clib_wcsdup_
Module: C:\WATCOM\lib386\nt\clib3r.lib(nfree.c)
00406450       _nfree_
00406450       free_
00418734       ___MiniHeapFreeRover
Module: C:\WATCOM\lib386\nt\clib3r.lib(excptwnt.c)
00406bc0+      ___ReportException@4
00407010       __DefaultExceptionHandler_
00407050+      ___ExceptionFilter
00407260       __NewExceptionFilter_
00407290       __DoneExceptionFilter_
00416374       ___oscode_check_func
00416378       ___raise_func
00418738*      _sw
0041873c       ___ExceptionHandled
0041873d+      ___ReportInvoked
Module: C:\WATCOM\lib386\nt\clib3r.lib(stklmwnt.c)
004072d0       __init_stack_limits_
Module: C:\WATCOM\lib386\nt\flib7.lib(runmain.c)
00407340*      __InitUnit6CC_
00407350       __DevicesCC_
00407360*      __InitAllowCommaSeparator_
00407370       __AllowCommaSep_
00407380+      _InitIO_
004073f0+      CloseAllFiles_
00407430*      _FiniEx_
00407430       RunExit_
00407470       RunEntry_
Module: C:\WATCOM\lib386\nt\flib7.lib(posdat.c)
00416574       _FStdIn
00416578       _FStdOut
0041657c       _FStdErr
Module: C:\WATCOM\lib386\nt\flib7.lib(posflush.c)
004074a0       FlushBuffer_
Module: C:\WATCOM\lib386\nt\flib7.lib(errutil.c)
00407550       BldErrCode_
004075b0*      MsgFormat_
004075e0*      MsgBuffer_
00416580+      _PGrpCodes
Module: C:\WATCOM\lib386\nt\clib3r.lib(enterdb.c)
00407610       __EnterWVIDEO_
00416584       ___WD_Present
Module: C:\WATCOM\lib386\nt\flib7.lib(stdio.c)
00407650       StdBuffer_
00407670+      StdWrite_
00407750       StdFlush_
00407780       StdWriteNL_
Module: C:\WATCOM\lib386\nt\clib3r.lib(stjmp386.asm)
004077a8       _setjmp_
004077e1       longjmp_
Module: C:\WATCOM\lib386\nt\clib3r.lib(exit.c)
00407863+      __null_int23_exit_
00407864       exit_
004078b4*      _exit_
00416990+      ___int23_exit
00416994+      ___FPE_handler_exit
Module: C:\WATCOM\lib386\nt\clib3r.lib(accsswnt.c)
004078d0       access_
Module: C:\WATCOM\lib386\nt\clib3r.lib(fullpath.c)
00407910+      _sys_fullpath_
00407990       _fullpath_
Module: C:\WATCOM\lib386\nt\clib3r.lib(fstatwnt.c)
00407a00       fstat_
Module: C:\WATCOM\lib386\nt\flib7.lib(poserr.c)
00407d60       Errorf_
00407d80*      EOFile_
00407da0       ErrorMsg_
00407de0       FSetTrunc_
00407df0       FSetSysErr_
00407e10       FSetErr_
00407e30       FSetEof_
00407e50       IOOk_
Module: C:\WATCOM\lib386\nt\clib3r.lib(statwnt.c)
00407f75       stat_
Module: C:\WATCOM\lib386\nt\flib7.lib(posopen.c)
004081b0       InitStd_
00408270       SetIOBufferSize_
00408290+      _AllocFile_
00408380       Openf_
00408480       Closef_
Module: C:\WATCOM\lib386\nt\flib7.lib(posdel.c)
00408500       Scratchf_
Module: C:\WATCOM\lib386\nt\flib7.lib(posput.c)
00408520       FPutRec_
00408560       ChopFile_
004085b0*      PutRec_
004086d0       writebytes_
00408750       SysWrite_
Module: C:\WATCOM\lib386\nt\flib7.lib(posget.c)
00408890       readbytes_
00408960       SysRead_
00408dc0       FGetRec_
00408df0*      GetRec_
00408e10       GetStdChar_
00408e60       FCheckLogical_
00408ee0       FSkipLogical_
00408fb0*      FGetVarRecLen_
Module: C:\WATCOM\lib386\nt\flib7.lib(posseek.c)
004090a0       FSeekRec_
004090e0       CurrFileOffset_
004090e0       FGetFilePos_
00409100       SysSeek_
004092f0*      FSeekAbs_
Module: C:\WATCOM\lib386\nt\clib3r.lib(stricmp.c)
00409300       stricmp_
Module: C:\WATCOM\lib386\nt\flib7.lib(posrew.c)
00409340       FRewind_
Module: C:\WATCOM\lib386\nt\flib7.lib(posback.c)
004093b0       FBackspace_
Module: C:\WATCOM\lib386\nt\flib7.lib(postrunc.c)
00409480       FTruncate_
Module: C:\WATCOM\lib386\nt\clib3r.lib(errno.c)
004094a0       __get_errno_ptr_
004094b0*      __get_doserrno_ptr_
Module: C:\WATCOM\lib386\nt\flib7.lib(rdutils.c)
004094c0       NextRec_
Module: C:\WATCOM\lib386\nt\flib7.lib(arrayio.c)
00409660       ArrayIOType_
Module: C:\WATCOM\lib386\nt\clib3r.lib(toupper.c)
004096e0       toupper_
Module: C:\WATCOM\lib386\nt\flib7.lib(chrutils.c)
004096f0       JmpBlanks_
Module: C:\WATCOM\lib386\nt\flib7.lib(fmtcnvt.c)
00409720       FmtS2I_
00409860       FmtS2F_
Module: C:\WATCOM\lib386\nt\clib3r.lib(__stos.asm)
00409c40       __STOSB
00409c77*      __STOSD
Module: C:\WATCOM\lib386\nt\clib3r.lib(cinit.c)
00409cf0       __CommonInit_
Module: C:\WATCOM\lib386\nt\clib3r.lib(___argc.c)
00418744       ____Argc
00418748       ____Argv
Module: C:\WATCOM\lib386\nt\flib7.lib(rtmain.c)
00409d00       main_
Module: C:\WATCOM\lib386\nt\clib3r.lib(memmove.c)
00409d20       memmove_
Module: C:\WATCOM\lib386\nt\clib3r.lib(sprintf.c)
00409d80       sprintf_
Module: C:\WATCOM\lib386\nt\flib7.lib(ifile.c)
00409db0       SendIFBuff_
00409de0       NextIFBuff_
Module: C:\WATCOM\lib386\nt\clib3r.lib(ltoa.c)
00409e10       ultoa_
00409e60       ltoa_
Module: C:\WATCOM\lib386\nt\flib7.lib(expchk.c)
00409e90       ToFFormat_
Module: C:\WATCOM\lib386\nt\flib7.lib(fmtrtns.c)
00409ee0       R_F2E_
0040a050       R_F2F_
0040a1e0       SetMaxPrec_
Module: C:\WATCOM\lib386\nt\flib7.lib(rfmtlog.c)
0040a200       R_FmtLog_
Module: C:\WATCOM\lib386\nt\flib7.lib(rfmtutil.c)
0040a260+      R_ChkType_
0040a290*      R_NewRec_
0040a2d0*      R_ChkIType_
0040a300*      R_ChkFType_
0040a330*      R_ChkRecLen_
0040a350+      GetLen_
0040a390*      R_FOStr_
0040a3a0*      FOString_
0040a410*      R_FIStr_
0040a4d0+      R_FOLog_
0040a520*      R_FILog_
0040a600*      R_FIFloat_
0040a7f0       GetReal_
0040a900*      R_FOF_
0040a980*      R_FOE_
0040aac0+      FmtH2B_
0040abb0*      R_FIHex_
0040ad30*      R_FOHex_
0040ad40*      FOHex_
0040ae40*      R_FIInt_
0040af50*      R_FOInt_
0040b1b0*      R_FOG_
0040b430+      ChkBuffLen_
Module: C:\WATCOM\lib386\nt\clib3r.lib(getenv.c)
0040b460       getenv_
Module: C:\WATCOM\lib386\nt\clib3r.lib(nmalloc.c)
0040b500       _nmalloc_
0040b500       malloc_
004169a0       ___nheapbeg
004169a4       ___MiniHeapRover
004169a8       ___LargestSizeB4MiniHeapRover
Module: C:\WATCOM\lib386\nt\clib3r.lib(signlwnt.c)
004169ac+      __SignalTable
0040b600+      __SetSignalFunc_
0040b650+      __GetSignalFunc_
0040b680+      __GetSignalOSCode_
0040b6b0+      __CheckSignalExCode_
0040b7f0+      __sigabort_
0040b800       __sigfpe_handler_
0040b850       signal_
0040b8e0+      raise_
0040b950+      __SigInit_
0040b9a0+      __SigFini_
0040b9e0+      __sig_init_
Module: C:\WATCOM\lib386\nt\flib7.lib(fptraps.c)
0040bac0*      __MaskDefaultFPE_
0040bae0       FPTrapInit_
0040bb10       FPTrapFini_
Module: C:\WATCOM\lib386\nt\clib3r.lib(trdlist.c)
0040bb80       __GetThreadData_
0040bbd0       __ReallocThreadData_
0040bcc0       __AddThreadData_
0040bd40       __RemoveThreadData_
0040bda0       __ResizeThreadDataList_
0040bdd0       __FreeThreadDataList_
0040be00*      __ActiveThreads_
Module: C:\WATCOM\lib386\nt\clib3r.lib(seterrno.c)
0040be17       __set_errno_
0040be25*      __set_EDOM_
0040be33       __set_ERANGE_
0040be41*      __set_EINVAL_
0040be54       __set_doserrno_
Module: C:\WATCOM\lib386\nt\clib3r.lib(nrealloc.c)
0040be70*      _nrealloc_
0040be70       realloc_
Module: C:\WATCOM\lib386\nt\clib3r.lib(iomode.c)
0040bef0       __GetIOMode_
0040bf10       __SetIOMode_nogrow_
00416a18       ___NFiles
00416a1c       ___init_mode
00416a6c       ___io_mode
Module: C:\WATCOM\lib386\nt\clib3r.lib(stiomode.c)
0040bf30       __grow_iomode_
0040c000+      __shrink_iomode_
0040c040       __SetIOMode_
Module: C:\WATCOM\lib386\nt\clib3r.lib(setenvp.c)
0040c0c0       __setenvp_
0040c190       __freeenvp_
Module: C:\WATCOM\lib386\nt\clib3r.lib(ustrlen.c)
0040c1dd       wcslen_
Module: C:\WATCOM\lib386\nt\clib3r.lib(memcpy.c)
0040c1f0       memcpy_
Module: C:\WATCOM\lib386\nt\clib3r.lib(mem.c)
0040c210       __MemAllocator
0040c2c0       __MemFree
Module: C:\WATCOM\lib386\nt\clib3r.lib(conutwnt.c)
0040c410*      __NTRealKey_
0040c4c0*      __NTConsoleInput_
0040c4d0       __NTConsoleOutput_
Module: C:\WATCOM\lib386\nt\clib3r.lib(fclex387.c)
0040c4e0       _ClearFPE_
Module: C:\WATCOM\lib386\nt\clib3r.lib(lseek.c)
0040c4f0       lseek_
Module: C:\WATCOM\lib386\nt\clib3r.lib(write.c)
0040c790       write_
Module: C:\WATCOM\lib386\nt\flib7.lib(errgrp.c)
0040c9f0       _GrpCodes
Module: C:\WATCOM\lib386\nt\clib3r.lib(iob.c)
00416a78       ___iob
00418758       ___OpenStreams
0041875c       ___ClosedStreams
Module: C:\WATCOM\lib386\nt\clib3r.lib(setmd.c)
0040ca80       setmode_
Module: C:\WATCOM\lib386\nt\clib3r.lib(ljmphdl.c)
00416c80       ___longjmp_handler
Module: C:\WATCOM\lib386\nt\clib3r.lib(fgtattr.c)
0040cb80       __fixed_GetFileAttributesA_
Module: C:\WATCOM\lib386\nt\clib3r.lib(dosret.c)
0040cc20*      __dosretax
0040cc30*      __dosret0
0040cc40       __set_errno_dos_
0040cc70*      __set_errno_dos_reterr_
0040cc80       __set_errno_nt_
0040cc90*      __set_errno_nt_reterr_
Module: C:\WATCOM\lib386\nt\clib3r.lib(gtcwdwnt.c)
0040ccb0       getcwd_
Module: C:\WATCOM\lib386\nt\clib3r.lib(iomodtty.c)
0040cd40       __ChkTTYIOMode_
0040cd80       __IOMode_
Module: C:\WATCOM\lib386\nt\clib3r.lib(ntdosdt.c)
0040cda0       __MakeDOSDT_
0040cdd0*      __FromDOSDT_
Module: C:\WATCOM\lib386\nt\clib3r.lib(d2ttime.c)
0040ce00       _d2ttime_
Module: C:\WATCOM\lib386\nt\clib3r.lib(strerror.c)
0040d1a0       strerror_
0040d1c0*      _strerror_
0040d290*      _doserror_
00416d88+      __sys_errlist
00416e2c+      __sys_nerr
Module: C:\WATCOM\lib386\nt\clib3r.lib(cmp386.asm)
0040d2c0       strcmp_
Module: C:\WATCOM\lib386\nt\clib3r.lib(mbspbrk.c)
0040d400       _mbspbrk_
Module: C:\WATCOM\lib386\nt\clib3r.lib(mbsinc.c)
0040d450       _mbsinc_
Module: C:\WATCOM\lib386\nt\clib3r.lib(tolower.c)
0040d480       tolower_
Module: C:\WATCOM\lib386\nt\clib3r.lib(close.c)
0040d490       close_
Module: C:\WATCOM\lib386\nt\clib3r.lib(openwnt.c)
0040d6b0*      open_
0040d6d0       sopen_
Module: C:\WATCOM\lib386\nt\flib7.lib(poscc.c)
0040d700*      __LineFeedWithFormFeed_
0040d710       FSetCC_
Module: C:\WATCOM\lib386\nt\clib3r.lib(unlnkwnt.c)
0040d770       unlink_
Module: C:\WATCOM\lib386\nt\clib3r.lib(chsizwnt.c)
0040d7f0       chsize_
Module: C:\WATCOM\lib386\nt\clib3r.lib(read.c)
0040d8e0       read_
Module: C:\WATCOM\lib386\nt\flib7.lib(intarith.c)
0040da70       AddIOFlo_
0040da80*      SubIOFlo_
0040da90       MulIOFlo_
Module: C:\WATCOM\lib386\math387r.lib(strtod.c)
0040dfb3+      __Strtold_
0040e11a       strtod_
Module: C:\WATCOM\lib386\nt\clib3r.lib(argcv.c)
00418860       __argc
00418864       __argv
00418868       ___argc
0041886c       ___argv
Module: C:\WATCOM\lib386\nt\clib3r.lib(vsprintf.c)
0040e280       vsprintf_
Module: C:\WATCOM\lib386\nt\clib3r.lib(alphabet.c)
004160ec       ___Alphabet
Module: C:\WATCOM\lib386\math387r.lib(ldcvt.c)
0040e37f       _LDScale10x_
0040e926       __LDcvt_
Module: C:\WATCOM\lib386\nt\flib7.lib(flt86.c)
0040ed80       _P1d100
0040ed88       _P1d_99
Module: C:\WATCOM\lib386\math387r.lib(pow87.asm)
0040eee9*      pow_
0040ed90       IF@DPOW
0040ed90*      IF@POW
Module: C:\WATCOM\lib386\nt\flib7.lib(hexcnv.c)
0040ef10       Hex_
0040ef30*      HSToB_
0040efa0       BToHS_
Module: C:\WATCOM\lib386\nt\clib3r.lib(strupr.c)
0040eff0       strupr_
Module: C:\WATCOM\lib386\nt\clib3r.lib(mbterm.c)
0040f010       _mbterm_
Module: C:\WATCOM\lib386\nt\clib3r.lib(mbsnextc.c)
0040f050       _mbsnextc_
Module: C:\WATCOM\lib386\nt\clib3r.lib(mbcupper.c)
0040f090       _mbctoupper_
Module: C:\WATCOM\lib386\nt\clib3r.lib(nmemneed.c)
0040f0c0       __nmemneed_
Module: C:\WATCOM\lib386\nt\clib3r.lib(grownear.c)
0040f230       __ExpandDGROUP_
Module: C:\WATCOM\lib386\nt\clib3r.lib(abort.c)
0040f256*      abort_
0040f268       __terminate_
00416ee0       ___abort
Module: C:\WATCOM\lib386\nt\clib3r.lib(cntrl87.c)
0040f280       _control87_
Module: C:\WATCOM\lib386\nt\clib3r.lib(mthread.c)
0040f460+      __CloseSemaphore_
0040f4a0+      __AccessIOB_
0040f4b0+      __ReleaseIOB_
0040f4c0+      __AccessFileH_
0040f4d0+      __ReleaseFileH_
0040f4e0+      __AccessNHeap_
0040f4f0+      __ReleaseNHeap_
0040f500+      __AccessFHeap_
0040f510+      __ReleaseFHeap_
0040f520+      __AccessTDList_
0040f530+      __ReleaseTDList_
0040f540+      __AccessFList_
0040f550+      __AccessSemaphore_
0040f5b0+      __ReleaseFList_
0040f5c0+      __ReleaseSemaphore_
0040f5f0+      __MultipleThread_
0040f640+      __AllocInitThreadData_
0040f690+      __FreeInitThreadData_
0040f6a0       __NTThreadInit_
0040f710       __NTAddThread_
0040f760       __NTRemoveThread_
0040f7f0       __InitMultipleThread_
00416ee4+      ___AccessSema4
00416ee8+      ___ReleaseSema4
00416eec+      ___CloseSema4
Module: C:\WATCOM\lib386\nt\clib3r.lib(xmsgwnt.c)
0040f9b0+      __exit_with_msg_
0040fa10       __fatal_runtime_error_
Module: C:\WATCOM\lib386\nt\clib3r.lib(calloc.c)
0040fa30       calloc_
Module: C:\WATCOM\lib386\nt\clib3r.lib(register.c)
0040fa60       __initthread_
0040fa70*      _beginthread_
0040fa80       _endthread_
0040fa90*      __RegisterThreadData_
Module: C:\WATCOM\lib386\nt\clib3r.lib(nmsize.c)
0040fae0       _nmsize_
0040fae0*      _msize_
Module: C:\WATCOM\lib386\nt\clib3r.lib(nexpand.c)
0040faf0       _nexpand_
0040faf0*      _expand_
0040fb30+      __HeapManager_expand_
Module: C:\WATCOM\lib386\nt\clib3r.lib(dofilstr.c)
0040fd20       __ParsePosixHandleStr_
Module: C:\WATCOM\lib386\nt\clib3r.lib(clearenv.c)
0040fe40       clearenv_
Module: C:\WATCOM\lib386\nt\clib3r.lib(__lseek.c)
0040fed0       __lseek_
Module: C:\WATCOM\lib386\nt\clib3r.lib(stackwnt.c)
0040ff10       stackavail_
Module: C:\WATCOM\lib386\nt\clib3r.lib(stkwnt.asm)
0040ff21*      __CHK
0040ff31*      __STK
0040ff50       __STKOVERFLOW_
0040ff60*      __GRO
0040ff80*      __alloca_probe
Module: C:\WATCOM\lib386\nt\clib3r.lib(initfile.c)
0040ffd0       __InitFiles_
Module: C:\WATCOM\lib386\nt\clib3r.lib(ioexit.c)
004100d0*      fcloseall_
004100e0       __full_io_exit_
Module: C:\WATCOM\lib386\nt\clib3r.lib(isattwnt.c)
004100f0       isatty_
Module: C:\WATCOM\lib386\nt\clib3r.lib(mktime.c)
00410110       mktime_
Module: C:\WATCOM\lib386\nt\clib3r.lib(strncpy.c)
004101a0       strncpy_
Module: C:\WATCOM\lib386\nt\clib3r.lib(mbschr.c)
004101e0       _mbschr_
Module: C:\WATCOM\lib386\nt\clib3r.lib(mbisdbcs.c)
00416f0c       ___IsDBCS
Module: C:\WATCOM\lib386\nt\clib3r.lib(mbislead.c)
00410240*      _ismbblead_
00418fdc       ___MBCSIsTable
Module: C:\WATCOM\lib386\nt\clib3r.lib(_clsewnt.c)
00410260       __close_
Module: C:\WATCOM\lib386\nt\clib3r.lib(ntfio.c)
004102c0*      __GetNTCreateAttr_
00410300       __GetNTAccessAttr_
00410330       __GetNTShareAttr_
Module: C:\WATCOM\lib386\nt\clib3r.lib(umaskval.c)
00416f10       ___umaskval
Module: C:\WATCOM\lib386\nt\clib3r.lib(textmode.c)
00416f14       __fmode
Module: C:\WATCOM\lib386\math387r.lib(bufld386.asm)
00410390       __ZBuf2LD
Module: C:\WATCOM\lib386\math387r.lib(inf_nan.c)
00410433*      ___f_infinity
00410437*      ___f_posqnan
0041043b       ___d_infinity
00410443       ___d_posqnan
0041044b*      ___ld_infinity
00410453*      ___ld_posqnan
Module: C:\WATCOM\lib386\nt\clib3r.lib(hugeval.c)
00410460       __HugeValue
Module: C:\WATCOM\lib386\nt\clib3r.lib(initargv.c)
00410470       __Init_Argv_
004104c0+      _getargv_
00410660       __Fini_Argv_
Module: C:\WATCOM\lib386\nt\clib3r.lib(prtf.c)
00410670       __prtf_
Module: C:\WATCOM\lib386\math387r.lib(ldclass.c)
00411334       __LDClass_
00411384*      _FLClass_
Module: C:\WATCOM\lib386\nt\clib3r.lib(chipvar)
00416f18       ___chipbug
00416f18       __chipbug
Module: C:\WATCOM\lib386\math387r.lib(pow87e.c)
00411394       __pow87_err_
Module: C:\WATCOM\lib386\math387r.lib(exp87.asm)
00411483*      exp_
0041141c*      __@DEXP1
00411424*      IF@EXP
00411424*      IF@DEXP
00411426       __@DEXP
Module: C:\WATCOM\lib386\nt\clib3r.lib(chipd32.asm)
004115a7       __fdiv_fpr
00411a69*      __fdiv_chk
00411a7c*      __fdiv_m32
00411ac9*      __fdiv_m64
00411b16*      __fdiv_m32r
00411b63*      __fdiv_m64r
Module: C:\WATCOM\lib386\nt\clib3r.lib(mbconv.c)
00411bb0       _mbvtop_
Module: C:\WATCOM\lib386\nt\clib3r.lib(amblksiz.c)
00416f2c       __amblksiz
Module: C:\WATCOM\lib386\nt\clib3r.lib(heapen.c)
00411bd0*      _heapenable_
00416f30       ___heap_enabled
Module: C:\WATCOM\lib386\nt\clib3r.lib(nheapmin.c)
00411c00       _nheapshrink_
00411c00*      _nheapmin_
00411c00*      _heapmin_
00411c00       _heapshrink_
Module: C:\WATCOM\lib386\nt\clib3r.lib(trdalloc.c)
00411cf0       __FiniThreadProcessing_
Module: C:\WATCOM\lib386\nt\clib3r.lib(thredwnt.c)
00411db0       __CBeginThread_
00411e50       __CEndThread_
Module: C:\WATCOM\lib386\nt\clib3r.lib(strtol.c)
004120b0*      strtoul_
004120c0       strtol_
Module: C:\WATCOM\lib386\nt\clib3r.lib(putenv.c)
004120d0       putenv_
Module: C:\WATCOM\lib386\nt\clib3r.lib(fclose.c)
00412270+      __doclose_
00412310       __shutdown_stream_
00412330*      fclose_
004190e4+      ___RmTmpFileFn
Module: C:\WATCOM\lib386\nt\clib3r.lib(freefp.c)
00412380       __freefp_
004123d0       __purgefp_
Module: C:\WATCOM\lib386\nt\clib3r.lib(locmktim.c)
00412400       __local_mktime_
Module: C:\WATCOM\lib386\nt\clib3r.lib(gmtime.c)
00412580       __brktime_
00412680+      _gmtime_
004126a0*      gmtime_
Module: C:\WATCOM\lib386\nt\clib3r.lib(tzset.c)
00416fc0       ___start_dst
00416fe4       ___end_dst
0041710c*      _tzname
00417114       _timezone
00417118       _daylight
0041711c       ___dst_adjust
00412710*      __DontCacheOSTZ_
00412720*      __CacheOSTZ_
00412bf0+      __parse_tz_
00412fe0       tzset_
Module: C:\WATCOM\lib386\nt\clib3r.lib(timeutil.c)
00413150       __isindst_
Module: C:\WATCOM\lib386\nt\clib3r.lib(mbclen.c)
00413480       _mbclen_
Module: C:\WATCOM\lib386\nt\clib3r.lib(mbccmp.c)
004134b0       _mbccmp_
Module: C:\WATCOM\lib386\nt\clib3r.lib(mbinit.c)
00413526       __mbinit_
00417124       ___MBCodePage
Module: C:\WATCOM\lib386\nt\clib3r.lib(histsplt.c)
004190e8       ___historical_splitparms
Module: C:\WATCOM\lib386\nt\clib3r.lib(wctomb.c)
00413620       wctomb_
Module: C:\WATCOM\lib386\nt\clib3r.lib(itoa.c)
00413660+      utoa_
004136b0       itoa_
Module: C:\WATCOM\lib386\nt\clib3r.lib(noefgfmt.c)
00417128       ___EFG_printf
0041712c*      ___EFG_scanf
Module: C:\WATCOM\lib386\nt\clib3r.lib(lltoa.c)
00413730       ulltoa_
004137a0*      lltoa_
Module: C:\WATCOM\lib386\nt\clib3r.lib(chipbug.c)
004137d0       __verify_pentium_fdiv_bug_
Module: C:\WATCOM\lib386\nt\flib7.lib(_matherr.c)
00413830*      __imath2err_
00413870*      __amath1err_
004138a0*      __amath2err_
004138d0       __math2err_
004139e0       __math1err_
004139f0*      __zmath2err_
00413a50*      __qmath2err_
Module: C:\WATCOM\lib386\math387r.lib(math87e.c)
00413ab6       __math87_err_
Module: C:\WATCOM\lib386\nt\clib3r.lib(mbslen.c)
00413b30       _mbslen_
Module: C:\WATCOM\lib386\nt\clib3r.lib(_putenv.c)
00413b60       __putenv_
Module: C:\WATCOM\lib386\nt\clib3r.lib(mbstowcs.c)
00413bf0       mbstowcs_
Module: C:\WATCOM\lib386\nt\clib3r.lib(_uputenv.c)
00413c70       __wputenv_
Module: C:\WATCOM\lib386\nt\clib3r.lib(flush.c)
00413ce0       __flush_
Module: C:\WATCOM\lib386\nt\clib3r.lib(leapyear.c)
00413de0       __leapyear_
0041611c       ___diyr
00416136       ___dilyr
Module: C:\WATCOM\lib386\nt\clib3r.lib(wcstombs.c)
00413e20       wcstombs_
Module: C:\WATCOM\lib386\nt\clib3r.lib(_findenv.c)
00414020       __findenv_
Module: C:\WATCOM\lib386\nt\clib3r.lib(mbtowc.c)
00414140       mbtowc_
Module: C:\WATCOM\lib386\nt\clib3r.lib(_ufinden.c)
00414290       __wfindenv_
Module: C:\WATCOM\lib386\nt\clib3r.lib(fsync.c)
00414330       fsync_
Module: C:\WATCOM\lib386\nt\clib3r.lib(qwrit.c)
00414380       __qwrite_
Module: C:\WATCOM\lib386\nt\clib3r.lib(utoupper.c)
00414460       towupper_


                        +----------------------+
                        |   Imported Symbols   |
                        +----------------------+

Symbol                              Module
======                              ======

_GetVersion@0                       KERNEL32.DLL
_GetModuleHandleA@4                 KERNEL32.DLL
_GetProcAddress@8                   KERNEL32.DLL
_GetModuleFileNameA@12              KERNEL32.DLL
_GetCommandLineA@0                  KERNEL32.DLL
_GetCommandLineW@0                  KERNEL32.DLL
_ExitProcess@4                      KERNEL32.DLL
_RtlUnwind@16                       KERNEL32.DLL
_GetCurrentThreadId@0               KERNEL32.DLL
_SetStdHandle@8                     KERNEL32.DLL
_CreateEventA@16                    KERNEL32.DLL
_GetStdHandle@4                     KERNEL32.DLL
_CloseHandle@4                      KERNEL32.DLL
_GetModuleFileNameW@12              KERNEL32.DLL
_MultiByteToWideChar@24             KERNEL32.DLL
_LoadLibraryA@4                     KERNEL32.DLL
_WriteFile@20                       KERNEL32.DLL
_SetUnhandledExceptionFilter@4      KERNEL32.DLL
_UnhandledExceptionFilter@4         KERNEL32.DLL
_VirtualQuery@12                    KERNEL32.DLL
_MessageBoxA@16                     USER32.DLL
_GetFullPathNameA@16                KERNEL32.DLL
_GetFileType@4                      KERNEL32.DLL
_GetFileInformationByHandle@8       KERNEL32.DLL
_GetFileTime@16                     KERNEL32.DLL
_GetFileSize@8                      KERNEL32.DLL
_CreateFileA@28                     KERNEL32.DLL
_GetLastError@0                     KERNEL32.DLL
_GetDriveTypeA@4                    KERNEL32.DLL
_FindFirstFileA@8                   KERNEL32.DLL
_FindClose@4                        KERNEL32.DLL
_SetConsoleCtrlHandler@8            KERNEL32.DLL
_TlsGetValue@4                      KERNEL32.DLL
_TlsSetValue@8                      KERNEL32.DLL
_SetFilePointer@16                  KERNEL32.DLL
_GetFileAttributesA@4               KERNEL32.DLL
_GetCurrentDirectoryA@8             KERNEL32.DLL
_FileTimeToLocalFileTime@8          KERNEL32.DLL
_FileTimeToDosDateTime@12           KERNEL32.DLL
_DosDateTimeToFileTime@12           KERNEL32.DLL
_LocalFileTimeToFileTime@8          KERNEL32.DLL
_FormatMessageA@28                  KERNEL32.DLL
_DeleteFileA@4                      KERNEL32.DLL
_SetEndOfFile@4                     KERNEL32.DLL
_ReadFile@20                        KERNEL32.DLL
_CharUpperA@4                       USER32.DLL
_VirtualAlloc@16                    KERNEL32.DLL
_InitializeCriticalSection@4        KERNEL32.DLL
_DeleteCriticalSection@4            KERNEL32.DLL
_LeaveCriticalSection@4             KERNEL32.DLL
_EnterCriticalSection@4             KERNEL32.DLL
_SetLastError@4                     KERNEL32.DLL
_TlsAlloc@0                         KERNEL32.DLL
_TlsFree@4                          KERNEL32.DLL
_VirtualFree@12                     KERNEL32.DLL
_CreateThread@24                    KERNEL32.DLL
_ResumeThread@4                     KERNEL32.DLL
_ExitThread@4                       KERNEL32.DLL
_SetEnvironmentVariableA@8          KERNEL32.DLL
_GetTimeZoneInformation@4           KERNEL32.DLL
_GetACP@0                           KERNEL32.DLL
_GetOEMCP@0                         KERNEL32.DLL
_GetCPInfo@8                        KERNEL32.DLL
_WideCharToMultiByte@32             KERNEL32.DLL
_FlushFileBuffers@4                 KERNEL32.DLL


                        +--------------------+
                        |   Libraries Used   |
                        +--------------------+

C:\WATCOM\lib386\nt\kernel32.lib
C:\WATCOM\lib386\nt\user32.lib
C:\WATCOM\lib386\nt\flib7.lib
C:\WATCOM\lib386\math387r.lib
C:\WATCOM\lib386\nt\clib3r.lib
C:\WATCOM\lib386\nt\emu387.lib


                        +-----------------------+
                        |   Linker Statistics   |
                        +-----------------------+

Stack size:  00010000 (65536.)
Memory size:  00026dee (159214.)
Entry point address: 00401486
Link time: 00:00.77
