Open Watcom Linker Version 2.0 beta Apr  2 2015 09:56:44 (64-bit)
Copyright (c) 2002-2015 The Open Watcom Contributors. All Rights Reserved.
Portions Copyright (c) 1985-2002 Sybase, Inc. All Rights Reserved.
Created on:       15/07/13 15:21:35
Executable Image: exercicio4.exe
creating a Windows NT character-mode executable


                        +------------+
                        |   Groups   |
                        +------------+

Group                           Address              Size
=====                           =======              ====

.idata                          00415000             00000708
DGROUP                          00416000             000130f0



                        +--------------+
                        |   Segments   |
                        +--------------+

Segment                Class          Group          Address         Size
=======                =====          =====          =======         ====

BEGTEXT                CODE           AUTO           00401000        00000007
_TEXT                  CODE           AUTO           00401010        00013480
TRANSFER CODE          CODE           AUTO           00414490        00000186
.idata                 .idata         .idata         00415000        00000708
_NULL                  BEGDATA        DGROUP         00416000        00000004
_AFTERNULL             BEGDATA        DGROUP         00416004        00000000
CONST                  DATA           DGROUP         00416010        00000144
_DATA                  DATA           DGROUP         00416160        00000fe0
XIB                    DATA           DGROUP         00417140        00000000
XI                     DATA           DGROUP         00417140        0000004e
XIE                    DATA           DGROUP         0041718e        00000000
YIB                    DATA           DGROUP         0041718e        00000000
YI                     DATA           DGROUP         0041718e        00000030
YIE                    DATA           DGROUP         004171be        00000000
CONST2                 DATA           DGROUP         004171c0        00000000
TIB                    DATA           DGROUP         004171c0        00000000
TI                     DATA           DGROUP         004171c0        00000000
TIE                    DATA           DGROUP         004171c0        00000000
DATA                   DATA           DGROUP         004171c0        00000000
DATA32                 DATA           DGROUP         004171c0        0000011c
CONST32                CONST          DGROUP         00418000        00000000
_BSS                   BSS            DGROUP         00418000        000010ec
BSS32                  BSS            DGROUP         004190ec        00000000
STACK                  STACK          DGROUP         004190f0        00010000


                        +----------------+
                        |   Memory Map   |
                        +----------------+

* = unreferenced symbol
+ = symbol only referenced locally

Address        Symbol
=======        ======

Module: exercicio4.obj(C:\Users\Samsung\Desktop\2015.1\Comp2\Exercicio4\exercicio4.for)
00401010       FMAIN
Module: C:\WATCOM\lib386\nt\flib7.lib(cowrite.asm)
00401182       RT@IOWrite
00401191*      RT@OutLOG1
004011a3*      RT@OutLOG4
004011b1*      RT@OutINT1
004011c3*      RT@OutINT2
004011d3       RT@OutINT4
004011e2*      RT@OutREAL
004011f2       RT@OutDBLE
00401202*      RT@OutXTND
00401212*      RT@OutCPLX
00401228*      RT@OutDBCX
0040123e*      RT@OutXTCX
00401254       RT@OutCHAR
00401259*      RT@OutSTR
0040125e*      RT@PrtArr
00401263*      RT@PrtChArr
Module: C:\WATCOM\lib386\nt\flib7.lib(cortns.asm)
00416198*      _FRT_SaveESP
00401273*      SwitchToGen
00401291       SwitchToRT
004012af       RdWrCommon
00401353       IOType_
00401371       IOChar
0040138c       IOStr
004013a1       IOArr
004013bc       IOChArr
004013de       RT@EndIO
Module: C:\WATCOM\lib386\nt\flib7.lib(coread.asm)
004013e8       RT@IORead
004013f7*      RT@InpLOG1
00401406*      RT@InpLOG4
00401415*      RT@InpINT1
00401424*      RT@InpINT2
00401433       RT@InpINT4
00401442*      RT@InpREAL
00401451       RT@InpDBLE
00401460*      RT@InpXTND
0040146f*      RT@InpCPLX
0040147e*      RT@InpDBCX
0040148d*      RT@InpXTCX
0040149c*      RT@InpCHAR
004014a1*      RT@InpSTR
004014a6*      RT@InpArr
004014ab*      RT@InpChArr
Module: C:\WATCOM\lib386\nt\clib3r.lib(cstrtwnt)
004014b0       _cstart_
004014b0*      mainCRTStartup
Module: C:\WATCOM\lib386\nt\clib3r.lib(_8087386.asm)
004161b8       __8087
004161b9       __real87
Module: C:\WATCOM\lib386\nt\emu387.lib(386stub.asm)
0040150c       __init_387_emulator
0040150d*      __fini_387_emulator
Module: C:\WATCOM\lib386\nt\flib7.lib(initeng.c)
00418000       __init_english
Module: C:\WATCOM\lib386\nt\flib7.lib(initerr.c)
00418004       __init_error
Module: C:\WATCOM\lib386\nt\flib7.lib(exwrite.c)
00401580       DoWrite_
Module: C:\WATCOM\lib386\nt\flib7.lib(setiocb.c)
004015b0       RT@SetIOCB
Module: C:\WATCOM\lib386\nt\flib7.lib(rdata.c)
00418010       _IORslt
00418020       _FmtBuff
00418024*      _Fmt_revert
00418028*      _Fmt_start
0041802c*      _Fmt_paren_level
00418030*      _Fmt_charptr
00418034*      _FmtEmStruct
00418038       _IOTypeRtn
0041803c*      _Fmt_end
00418040*      _Fmt_rep_spec
00418044       _FmtRoutine
00418048       _IOCB
0041804c       _Files
00418050*      _Fmt_delimited
Module: C:\WATCOM\lib386\nt\flib7.lib(iomain.c)
00401640       __ReleaseIOSys_
00401660       IOMain_
Module: C:\WATCOM\lib386\nt\clib3r.lib(crwdata)
004161fd       __osmajor
004161fe       __osminor
004161ff       __osbuild
00416201       __osver
00416205       __winmajor
00416209       __winminor
0041620d       __winver
004161cc       __LpDllName
004161d0       __LpwCmdLine
004161d4       __LpwPgmName
004161d8       __LpwDllName
004161c4       __LpCmdLine
004161c8       __LpPgmName
004161bc*      __dynend
004161c0       __curbrk
004161dc*      __STACKLOW
004161e0       __STACKTOP
004161e4       __ASTACKSIZ
004161e8       __ASTACKPTR
004161ec*      __cbyte
004161f0*      __cbyte2
004161f4*      __child
004161f9       __Envptr
004161f8       __no87
00416211       ___FPE_handler
Module: C:\WATCOM\lib386\nt\flib7.lib(thrdutil.c)
00401870*      __InitMultiThreadIO_
0041621c       ___SwitchStkLow
Module: C:\WATCOM\lib386\nt\flib7.lib(exread.c)
00401900       DoRead_
Module: C:\WATCOM\lib386\nt\clib3r.lib(main2wnt.c)
00401930       __NTMain
Module: C:\WATCOM\lib386\nt\clib3r.lib(segdefns)
00401003       ___begtext
00416000*      __nullarea
00417140       __Start_XI
0041718e       __End_XI
0041718e       __Start_YI
004171be       __End_YI
Module: C:\WATCOM\lib386\nt\clib3r.lib(chk8087.c)
004019b0*      _fpreset_
004019f0       __chk8087_
00401a00*      __init_8087_
Module: C:\WATCOM\lib386\nt\flib7.lib(english.c)
00401a50       __UseEnglishCharSet_
Module: C:\WATCOM\lib386\nt\flib7.lib(errincl.c)
00401b60       __InitError_
00416220+      _PGroupTable
00416224+      _PErrWord
Module: C:\WATCOM\lib386\nt\flib7.lib(rdwr.c)
00401b80+      DoOpen_
00401bb0+      _AllocBuffer_
00401bf0       IOPrologue_
00401e30       UpdateRecNum_
Module: C:\WATCOM\lib386\nt\flib7.lib(unfmtout.c)
00401f50       UnFmtOut_
Module: C:\WATCOM\lib386\nt\flib7.lib(freeout.c)
004023a0       FreeOut_
00416228+      _OutRtn
Module: C:\WATCOM\lib386\nt\flib7.lib(rtutls.c)
004024a0       FindFtnFile_
00402590       RChkAlloc_
004025c0       F_Connect_
00402640       ConnectFile_
00402650*      GetFileInfo_
00402740       DiscoFile_
004027b0*      ChkFileName_
004027e0+      ChkLogFile_
00402820       ChkIOOperation_
00402860       GetIOErr_
00402870       ChkIOErr_
00402890       ChkUnitId_
004028d0*      ChkConnected_
004028f0       SetEOF_
00402920       ClearEOF_
00402960       SysEOF_
00402990       IsFixed_
004029a0       IsCarriage_
004029b0*      ChkRecordStructure_
004029e0*      ChkSequential_
00402a00*      ChkExist_
00402a30*      StrItem_
Module: C:\WATCOM\lib386\nt\flib7.lib(rtinit.c)
0041625c       ___FAppType
00416260       __ExceptionInit
00416264       __ExceptionFini
00402a70*      __InitFThreadData_
00402ab0+      RTSysFini_
00402ac0       RTSysInit_
0041626c       __AccessFIO
00416270       __ReleaseFIO
00416274       __PartialReleaseFIO
00418058       ___FThreadDataOffset
0041715e*      ___fthread_data_size
Module: C:\WATCOM\lib386\nt\clib3r.lib(mainwnt.c)
00416278       ___TlsIndex
0041627c       ___FirstThreadData
00416280       ___GetThreadPtr
00416284       __AccessFileH
00416288       __ReleaseFileH
0041628c       __AccessIOB
00416290       __ReleaseIOB
00416294       __AccessNHeap
00416298       __AccessFHeap
0041629c       __ReleaseNHeap
00402b80*      __threadid_
00402ba0+      __sig_null_rtn_
00402bb0+      __NTInit_
00402dc0+      __NTFini_
00402e40       __NTMainInit_
00402ea0       __exit_
004162a0       __ReleaseFHeap
004162a4       __AccessTDList
004162a8       __ReleaseTDList
004162ac       __AccessFList
004162b0       __ReleaseFList
004162b4       __ThreadExitRtn
004162b8       ___sig_init_rtn
004162bc       ___sig_fini_rtn
004162c0       ___process_fini
00418064       ___Is_DLL
Module: C:\WATCOM\lib386\nt\flib7.lib(ioinit.c)
00402f00       IOSysInit_
Module: C:\WATCOM\lib386\nt\flib7.lib(rterr.c)
004162c8+      _TraceRoutine
00402f50+      FlushStdUnit_
00402fa0+      WriteErr_
00403070       ErrHandler_
004030b0       RTErr_
004162d4+      LG@ERR_HOOK
Module: C:\WATCOM\lib386\nt\flib7.lib(spawn.c)
004030e0       Spawn_
00403140       Suicide_
Module: C:\WATCOM\lib386\nt\flib7.lib(rtsysutl.c)
00403180       GetSysIOInfo_
004031a0       GetSysFileInfo_
004031d0*      IsDevice_
004033a0       OpenAction_
004033e0*      DfltRecType_
00403400+      _FileAttrs_
004034c0       CloseFile_
00403530       Scrtched_
00403550*      CloseDeleteFile_
004035a0       Errf_
004035c0       FPutBuff_
00403630       FGetBuff_
00403680       SeekFile_
004036a0       NoEOF_
004036b0       SysClearEOF_
004036c0*      SameFile_
004036d0*      Rewindf_
004036f0*      SysCreateFile_
00403730       CheckLogicalRecord_
00403750       SkipLogicalRecord_
00403770*      BackSpacef_
004037a0*      EndFilef_
004037e0       GetIOErrMsg_
00403820       ReportNExist_
00403840       ReportEOF_
00403850*      WaitForEnter_
Module: C:\WATCOM\lib386\nt\flib7.lib(unfmtin.c)
00403860       UnFmtIn_
00403900+      NextUnFmtRec_
Module: C:\WATCOM\lib386\nt\flib7.lib(freein.c)
00403ce0+      GetNum_
00403ee0       FreeIn_
00403ef0*      DoFreeIn_
00403f20+      BumpComma_
00403f50+      Blanks_
00403f70+      CheckEor_
Module: C:\WATCOM\lib386\nt\clib3r.lib(initrtns.c)
00404590       __InitRtns
004045e0       __FiniRtns
Module: C:\WATCOM\lib386\nt\clib3r.lib(mthrdini.c)
00404640       __InitThreadData_
004162d8       ___ThreadDataSize
Module: C:\WATCOM\lib386\nt\clib3r.lib(memset.c)
00404670       memset_
Module: C:\WATCOM\lib386\nt\clib3r.lib(cmain386.c)
00404690       __CMain
Module: C:\WATCOM\lib386\nt\clib3r.lib(dosseg)
00001234       __DOSseg__
Module: C:\WATCOM\lib386\nt\clib3r.lib(8087cw.c)
004162dc       __8087cw
Module: C:\WATCOM\lib386\nt\clib3r.lib(save8087.c)
004162e0       ___Save8087
004162e4       ___Rest8087
Module: C:\WATCOM\lib386\nt\clib3r.lib(ini87386.asm)
004046d4       __x87id
Module: C:\WATCOM\lib386\nt\flib7.lib(csetinfo.c)
00418680       _CharSetInfo
Module: C:\WATCOM\lib386\nt\flib7.lib(errmsg.c)
00404a40       _GroupTable
00404af0       _ErrWord
Module: C:\WATCOM\lib386\nt\flib7.lib(blderr.c)
004051b0       Substitute_
00405380       ErrCodOrg_
Module: C:\WATCOM\lib386\nt\flib7.lib(errrtns.c)
00418694       ___ErrorFini
00418698       ___ErrorInit
0041869c       ___BldErrMsg
Module: C:\WATCOM\lib386\nt\flib7.lib(sdfile.c)
004162e8*      _FFCtrlSeq
004162ea*      _SkipCtrlSeq
004162ec       _NormalCtrlSeq
004162ee       _SDTermIn
004162f2       _SDTermOut
004162f6*      _SDPrtName
Module: C:\WATCOM\lib386\nt\flib7.lib(ioerr.c)
004053c0       IOErr_
Module: C:\WATCOM\lib386\nt\flib7.lib(wrutils.c)
00405450       F_SendData_
004054b0*      SendLine_
004054c0       SendEOR_
00405550*      SendInt_
00405580       SendStr_
004055a0+      SendWSLStr_
004055c0       SendChar_
004055e0       Drop_
004057a0       IOItemResult_
Module: C:\WATCOM\lib386\nt\flib7.lib(unfmtutl.c)
00405820       _SizeVars
Module: C:\WATCOM\lib386\nt\flib7.lib(undefcg.c)
004058c0       OutLogCG_
004058d0       OutIntCG_
00405910+      FmtRealCG_
00405940+      FmtDoubleCG_
00405970+      FmtExtendedCG_
004059a0+      UndefIntCG_
004059a0+      UndefLogCG_
004059a0+      UndefExtendedCG_
004059a0+      UndefDoubleCG_
004059a0+      UndefRealCG_
004059b0+      GetRealCG_
004162fc       _FmtRealRtn
00416300       _FmtDoubleRtn
00416304       _FmtExtendedRtn
00416308       _SendStrRtn
0041630c       _UndefRealRtn
00416310       _UndefDoubleRtn
00416314       _UndefExtendedRtn
00416318       _UndefLogRtn
0041631c       _UndefIntRtn
00416320       _GetRealRtn
Module: C:\WATCOM\lib386\nt\flib7.lib(cctrl.c)
004059c0       CheckCCtrl_
Module: C:\WATCOM\lib386\nt\flib7.lib(fdutil.c)
00405a30       LocFile_
00405a40       LocUnit_
00405a70       ExtractInfo_
Module: C:\WATCOM\lib386\nt\flib7.lib(rstdio.c)
00405ba0       _InitStandardInput_
00405bd0       _InitStandardOutput_
Module: C:\WATCOM\lib386\nt\flib7.lib(rmemmgr.c)
00405c00       RMemAlloc_
00405c10       RMemFree_
Module: C:\WATCOM\lib386\nt\flib7.lib(deffname.c)
00416324       _DefFName
Module: C:\WATCOM\lib386\nt\flib7.lib(stracc.c)
00405c20       TrimStr_
00405c60       GetStr_
Module: C:\WATCOM\lib386\nt\flib7.lib(rttraps.c)
00405d80       __EnableF77RTExceptionHandling_
00405d90       R_TrapInit_
00405e20       R_TrapFini_
00405e30*      __InitExceptionVectors_
Module: C:\WATCOM\lib386\nt\clib3r.lib(nodefwin.c)
0041632c*      __WindowsIsWindowedHandle
00416330*      __WindowsRemoveWindowedHandle
00416334*      __WindowsNewWindow
00416338*      __WindowsCloseWindow
0041633c*      __WindowsSetAbout
00416340*      __WindowsSetAppTitle
00416344*      __WindowsSetConTitle
00416348*      __WindowsDestroyOnClose
0041634c*      __WindowsYieldControl
00416350*      __WindowsShutDown
00416354*      __WindowsStdin
00416358       __WindowsStdout
0041635c*      __WindowsKbhit
00416360*      __WindowsGetch
00416364*      __WindowsGetche
00416368*      __WindowsPutch
00405e50*      _dwShutDown_
00405e50*      _dwYield_
00405e50*      _dwSetConTitle_
00405e50*      _dwSetAppTitle_
00405e50*      _dwSetAboutDlg_
00405e50       _dwDeleteOnClose_
0041636c*      __WindowsExitRtn
004186a0*      __init_default_win
Module: C:\WATCOM\lib386\nt\clib3r.lib(atexit.c)
00405e53       atexit_
Module: C:\WATCOM\lib386\nt\clib3r.lib(regdata.c)
00405eb0       __RegisterThreadDataSize_
Module: C:\WATCOM\lib386\nt\clib3r.lib(hdlman.c)
00416370+      ___NHandles
00416374+      ___OSHandles
00416378+      ___FakeHandles
00405ee0+      __growPOSIXHandles_
00405f80       __allocPOSIXHandle_
00406040       __freePOSIXHandle_
00406060       __getOSHandle_
00406070       __setOSHandle_
004060c0+      __NTGetFakeHandle_
00406130       __initPOSIXHandles_
00406210*      __set_handles_
00406220*      _grow_handles_
Module: C:\WATCOM\lib386\nt\clib3r.lib(environ.c)
00418728       ___env_mask
0041872c       _environ
00418730       __wenviron
Module: C:\WATCOM\lib386\nt\clib3r.lib(getmodfn.c)
00406260       __lib_GetModuleFileNameW_
Module: C:\WATCOM\lib386\nt\clib3r.lib(strdup.c)
00406300       __clib_strdup_
Module: C:\WATCOM\lib386\nt\clib3r.lib(istable.c)
00406340       __IsTable
Module: C:\WATCOM\lib386\nt\clib3r.lib(ustrdup.c)
00406441       __clib_wcsdup_
Module: C:\WATCOM\lib386\nt\clib3r.lib(nfree.c)
00406470       _nfree_
00406470       free_
00418734       ___MiniHeapFreeRover
Module: C:\WATCOM\lib386\nt\clib3r.lib(excptwnt.c)
00406be0+      ___ReportException@4
00407030       __DefaultExceptionHandler_
00407070+      ___ExceptionFilter
00407280       __NewExceptionFilter_
004072b0       __DoneExceptionFilter_
00416384       ___oscode_check_func
00416388       ___raise_func
00418738*      _sw
0041873c       ___ExceptionHandled
0041873d+      ___ReportInvoked
Module: C:\WATCOM\lib386\nt\clib3r.lib(stklmwnt.c)
004072f0       __init_stack_limits_
Module: C:\WATCOM\lib386\nt\flib7.lib(runmain.c)
00407360*      __InitUnit6CC_
00407370       __DevicesCC_
00407380*      __InitAllowCommaSeparator_
00407390       __AllowCommaSep_
004073a0+      _InitIO_
00407410+      CloseAllFiles_
00407450*      _FiniEx_
00407450       RunExit_
00407490       RunEntry_
Module: C:\WATCOM\lib386\nt\flib7.lib(posdat.c)
00416584       _FStdIn
00416588       _FStdOut
0041658c       _FStdErr
Module: C:\WATCOM\lib386\nt\flib7.lib(posflush.c)
004074c0       FlushBuffer_
Module: C:\WATCOM\lib386\nt\flib7.lib(errutil.c)
00407570       BldErrCode_
004075d0*      MsgFormat_
00407600*      MsgBuffer_
00416590+      _PGrpCodes
Module: C:\WATCOM\lib386\nt\clib3r.lib(enterdb.c)
00407630       __EnterWVIDEO_
00416594       ___WD_Present
Module: C:\WATCOM\lib386\nt\flib7.lib(stdio.c)
00407670       StdBuffer_
00407690+      StdWrite_
00407770       StdFlush_
004077a0       StdWriteNL_
Module: C:\WATCOM\lib386\nt\clib3r.lib(stjmp386.asm)
004077c8       _setjmp_
00407801       longjmp_
Module: C:\WATCOM\lib386\nt\clib3r.lib(exit.c)
00407883+      __null_int23_exit_
00407884       exit_
004078d4*      _exit_
004169a0+      ___int23_exit
004169a4+      ___FPE_handler_exit
Module: C:\WATCOM\lib386\nt\clib3r.lib(accsswnt.c)
004078f0       access_
Module: C:\WATCOM\lib386\nt\clib3r.lib(fullpath.c)
00407930+      _sys_fullpath_
004079b0       _fullpath_
Module: C:\WATCOM\lib386\nt\clib3r.lib(fstatwnt.c)
00407a20       fstat_
Module: C:\WATCOM\lib386\nt\flib7.lib(poserr.c)
00407d80       Errorf_
00407da0*      EOFile_
00407dc0       ErrorMsg_
00407e00       FSetTrunc_
00407e10       FSetSysErr_
00407e30       FSetErr_
00407e50       FSetEof_
00407e70       IOOk_
Module: C:\WATCOM\lib386\nt\clib3r.lib(statwnt.c)
00407f95       stat_
Module: C:\WATCOM\lib386\nt\flib7.lib(posopen.c)
004081d0       InitStd_
00408290       SetIOBufferSize_
004082b0+      _AllocFile_
004083a0       Openf_
004084a0       Closef_
Module: C:\WATCOM\lib386\nt\flib7.lib(posdel.c)
00408520       Scratchf_
Module: C:\WATCOM\lib386\nt\flib7.lib(posput.c)
00408540       FPutRec_
00408580       ChopFile_
004085d0*      PutRec_
004086f0       writebytes_
00408770       SysWrite_
Module: C:\WATCOM\lib386\nt\flib7.lib(posget.c)
004088b0       readbytes_
00408980       SysRead_
00408de0       FGetRec_
00408e10*      GetRec_
00408e30       GetStdChar_
00408e80       FCheckLogical_
00408f00       FSkipLogical_
00408fd0*      FGetVarRecLen_
Module: C:\WATCOM\lib386\nt\flib7.lib(posseek.c)
004090c0       FSeekRec_
00409100       CurrFileOffset_
00409100       FGetFilePos_
00409120       SysSeek_
00409310*      FSeekAbs_
Module: C:\WATCOM\lib386\nt\clib3r.lib(stricmp.c)
00409320       stricmp_
Module: C:\WATCOM\lib386\nt\flib7.lib(posrew.c)
00409360       FRewind_
Module: C:\WATCOM\lib386\nt\flib7.lib(posback.c)
004093d0       FBackspace_
Module: C:\WATCOM\lib386\nt\flib7.lib(postrunc.c)
004094a0       FTruncate_
Module: C:\WATCOM\lib386\nt\clib3r.lib(errno.c)
004094c0       __get_errno_ptr_
004094d0*      __get_doserrno_ptr_
Module: C:\WATCOM\lib386\nt\flib7.lib(rdutils.c)
004094e0       NextRec_
Module: C:\WATCOM\lib386\nt\flib7.lib(arrayio.c)
00409680       ArrayIOType_
Module: C:\WATCOM\lib386\nt\clib3r.lib(toupper.c)
00409700       toupper_
Module: C:\WATCOM\lib386\nt\flib7.lib(chrutils.c)
00409710       JmpBlanks_
Module: C:\WATCOM\lib386\nt\flib7.lib(fmtcnvt.c)
00409740       FmtS2I_
00409880       FmtS2F_
Module: C:\WATCOM\lib386\nt\clib3r.lib(__stos.asm)
00409c60       __STOSB
00409c97*      __STOSD
Module: C:\WATCOM\lib386\nt\clib3r.lib(cinit.c)
00409d10       __CommonInit_
Module: C:\WATCOM\lib386\nt\clib3r.lib(___argc.c)
00418744       ____Argc
00418748       ____Argv
Module: C:\WATCOM\lib386\nt\flib7.lib(rtmain.c)
00409d20       main_
Module: C:\WATCOM\lib386\nt\clib3r.lib(memmove.c)
00409d40       memmove_
Module: C:\WATCOM\lib386\nt\clib3r.lib(sprintf.c)
00409da0       sprintf_
Module: C:\WATCOM\lib386\nt\flib7.lib(ifile.c)
00409dd0       SendIFBuff_
00409e00       NextIFBuff_
Module: C:\WATCOM\lib386\nt\clib3r.lib(ltoa.c)
00409e30       ultoa_
00409e80       ltoa_
Module: C:\WATCOM\lib386\nt\flib7.lib(expchk.c)
00409eb0       ToFFormat_
Module: C:\WATCOM\lib386\nt\flib7.lib(fmtrtns.c)
00409f00       R_F2E_
0040a070       R_F2F_
0040a200       SetMaxPrec_
Module: C:\WATCOM\lib386\nt\flib7.lib(rfmtlog.c)
0040a220       R_FmtLog_
Module: C:\WATCOM\lib386\nt\flib7.lib(rfmtutil.c)
0040a280+      R_ChkType_
0040a2b0*      R_NewRec_
0040a2f0*      R_ChkIType_
0040a320*      R_ChkFType_
0040a350*      R_ChkRecLen_
0040a370+      GetLen_
0040a3b0*      R_FOStr_
0040a3c0*      FOString_
0040a430*      R_FIStr_
0040a4f0+      R_FOLog_
0040a540*      R_FILog_
0040a620*      R_FIFloat_
0040a810       GetReal_
0040a920*      R_FOF_
0040a9a0*      R_FOE_
0040aae0+      FmtH2B_
0040abd0*      R_FIHex_
0040ad50*      R_FOHex_
0040ad60*      FOHex_
0040ae60*      R_FIInt_
0040af70*      R_FOInt_
0040b1d0*      R_FOG_
0040b450+      ChkBuffLen_
Module: C:\WATCOM\lib386\nt\clib3r.lib(getenv.c)
0040b480       getenv_
Module: C:\WATCOM\lib386\nt\clib3r.lib(nmalloc.c)
0040b520       _nmalloc_
0040b520       malloc_
004169b0       ___nheapbeg
004169b4       ___MiniHeapRover
004169b8       ___LargestSizeB4MiniHeapRover
Module: C:\WATCOM\lib386\nt\clib3r.lib(signlwnt.c)
004169bc+      __SignalTable
0040b620+      __SetSignalFunc_
0040b670+      __GetSignalFunc_
0040b6a0+      __GetSignalOSCode_
0040b6d0+      __CheckSignalExCode_
0040b810+      __sigabort_
0040b820       __sigfpe_handler_
0040b870       signal_
0040b900+      raise_
0040b970+      __SigInit_
0040b9c0+      __SigFini_
0040ba00+      __sig_init_
Module: C:\WATCOM\lib386\nt\flib7.lib(fptraps.c)
0040bae0*      __MaskDefaultFPE_
0040bb00       FPTrapInit_
0040bb30       FPTrapFini_
Module: C:\WATCOM\lib386\nt\clib3r.lib(trdlist.c)
0040bba0       __GetThreadData_
0040bbf0       __ReallocThreadData_
0040bce0       __AddThreadData_
0040bd60       __RemoveThreadData_
0040bdc0       __ResizeThreadDataList_
0040bdf0       __FreeThreadDataList_
0040be20*      __ActiveThreads_
Module: C:\WATCOM\lib386\nt\clib3r.lib(seterrno.c)
0040be37       __set_errno_
0040be45*      __set_EDOM_
0040be53       __set_ERANGE_
0040be61*      __set_EINVAL_
0040be74       __set_doserrno_
Module: C:\WATCOM\lib386\nt\clib3r.lib(nrealloc.c)
0040be90*      _nrealloc_
0040be90       realloc_
Module: C:\WATCOM\lib386\nt\clib3r.lib(iomode.c)
0040bf10       __GetIOMode_
0040bf30       __SetIOMode_nogrow_
00416a28       ___NFiles
00416a2c       ___init_mode
00416a7c       ___io_mode
Module: C:\WATCOM\lib386\nt\clib3r.lib(stiomode.c)
0040bf50       __grow_iomode_
0040c020+      __shrink_iomode_
0040c060       __SetIOMode_
Module: C:\WATCOM\lib386\nt\clib3r.lib(setenvp.c)
0040c0e0       __setenvp_
0040c1b0       __freeenvp_
Module: C:\WATCOM\lib386\nt\clib3r.lib(ustrlen.c)
0040c1fd       wcslen_
Module: C:\WATCOM\lib386\nt\clib3r.lib(memcpy.c)
0040c210       memcpy_
Module: C:\WATCOM\lib386\nt\clib3r.lib(mem.c)
0040c230       __MemAllocator
0040c2e0       __MemFree
Module: C:\WATCOM\lib386\nt\clib3r.lib(conutwnt.c)
0040c430*      __NTRealKey_
0040c4e0*      __NTConsoleInput_
0040c4f0       __NTConsoleOutput_
Module: C:\WATCOM\lib386\nt\clib3r.lib(fclex387.c)
0040c500       _ClearFPE_
Module: C:\WATCOM\lib386\nt\clib3r.lib(lseek.c)
0040c510       lseek_
Module: C:\WATCOM\lib386\nt\clib3r.lib(write.c)
0040c7b0       write_
Module: C:\WATCOM\lib386\nt\flib7.lib(errgrp.c)
0040ca10       _GrpCodes
Module: C:\WATCOM\lib386\nt\clib3r.lib(iob.c)
00416a88       ___iob
00418758       ___OpenStreams
0041875c       ___ClosedStreams
Module: C:\WATCOM\lib386\nt\clib3r.lib(setmd.c)
0040caa0       setmode_
Module: C:\WATCOM\lib386\nt\clib3r.lib(ljmphdl.c)
00416c90       ___longjmp_handler
Module: C:\WATCOM\lib386\nt\clib3r.lib(fgtattr.c)
0040cba0       __fixed_GetFileAttributesA_
Module: C:\WATCOM\lib386\nt\clib3r.lib(dosret.c)
0040cc40*      __dosretax
0040cc50*      __dosret0
0040cc60       __set_errno_dos_
0040cc90*      __set_errno_dos_reterr_
0040cca0       __set_errno_nt_
0040ccb0*      __set_errno_nt_reterr_
Module: C:\WATCOM\lib386\nt\clib3r.lib(gtcwdwnt.c)
0040ccd0       getcwd_
Module: C:\WATCOM\lib386\nt\clib3r.lib(iomodtty.c)
0040cd60       __ChkTTYIOMode_
0040cda0       __IOMode_
Module: C:\WATCOM\lib386\nt\clib3r.lib(ntdosdt.c)
0040cdc0       __MakeDOSDT_
0040cdf0*      __FromDOSDT_
Module: C:\WATCOM\lib386\nt\clib3r.lib(d2ttime.c)
0040ce20       _d2ttime_
Module: C:\WATCOM\lib386\nt\clib3r.lib(strerror.c)
0040d1c0       strerror_
0040d1e0*      _strerror_
0040d2b0*      _doserror_
00416d98+      __sys_errlist
00416e3c+      __sys_nerr
Module: C:\WATCOM\lib386\nt\clib3r.lib(cmp386.asm)
0040d2e0       strcmp_
Module: C:\WATCOM\lib386\nt\clib3r.lib(mbspbrk.c)
0040d420       _mbspbrk_
Module: C:\WATCOM\lib386\nt\clib3r.lib(mbsinc.c)
0040d470       _mbsinc_
Module: C:\WATCOM\lib386\nt\clib3r.lib(tolower.c)
0040d4a0       tolower_
Module: C:\WATCOM\lib386\nt\clib3r.lib(close.c)
0040d4b0       close_
Module: C:\WATCOM\lib386\nt\clib3r.lib(openwnt.c)
0040d6d0*      open_
0040d6f0       sopen_
Module: C:\WATCOM\lib386\nt\flib7.lib(poscc.c)
0040d720*      __LineFeedWithFormFeed_
0040d730       FSetCC_
Module: C:\WATCOM\lib386\nt\clib3r.lib(unlnkwnt.c)
0040d790       unlink_
Module: C:\WATCOM\lib386\nt\clib3r.lib(chsizwnt.c)
0040d810       chsize_
Module: C:\WATCOM\lib386\nt\clib3r.lib(read.c)
0040d900       read_
Module: C:\WATCOM\lib386\nt\flib7.lib(intarith.c)
0040da90       AddIOFlo_
0040daa0*      SubIOFlo_
0040dab0       MulIOFlo_
Module: C:\WATCOM\lib386\math387r.lib(strtod.c)
0040dfd3+      __Strtold_
0040e13a       strtod_
Module: C:\WATCOM\lib386\nt\clib3r.lib(argcv.c)
00418860       __argc
00418864       __argv
00418868       ___argc
0041886c       ___argv
Module: C:\WATCOM\lib386\nt\clib3r.lib(vsprintf.c)
0040e2a0       vsprintf_
Module: C:\WATCOM\lib386\nt\clib3r.lib(alphabet.c)
004160f0       ___Alphabet
Module: C:\WATCOM\lib386\math387r.lib(ldcvt.c)
0040e39f       _LDScale10x_
0040e946       __LDcvt_
Module: C:\WATCOM\lib386\nt\flib7.lib(flt86.c)
0040eda0       _P1d100
0040eda8       _P1d_99
Module: C:\WATCOM\lib386\math387r.lib(pow87.asm)
0040ef09*      pow_
0040edb0       IF@DPOW
0040edb0*      IF@POW
Module: C:\WATCOM\lib386\nt\flib7.lib(hexcnv.c)
0040ef30       Hex_
0040ef50*      HSToB_
0040efc0       BToHS_
Module: C:\WATCOM\lib386\nt\clib3r.lib(strupr.c)
0040f010       strupr_
Module: C:\WATCOM\lib386\nt\clib3r.lib(mbterm.c)
0040f030       _mbterm_
Module: C:\WATCOM\lib386\nt\clib3r.lib(mbsnextc.c)
0040f070       _mbsnextc_
Module: C:\WATCOM\lib386\nt\clib3r.lib(mbcupper.c)
0040f0b0       _mbctoupper_
Module: C:\WATCOM\lib386\nt\clib3r.lib(nmemneed.c)
0040f0e0       __nmemneed_
Module: C:\WATCOM\lib386\nt\clib3r.lib(grownear.c)
0040f250       __ExpandDGROUP_
Module: C:\WATCOM\lib386\nt\clib3r.lib(abort.c)
0040f276*      abort_
0040f288       __terminate_
00416ef0       ___abort
Module: C:\WATCOM\lib386\nt\clib3r.lib(cntrl87.c)
0040f2a0       _control87_
Module: C:\WATCOM\lib386\nt\clib3r.lib(mthread.c)
0040f480+      __CloseSemaphore_
0040f4c0+      __AccessIOB_
0040f4d0+      __ReleaseIOB_
0040f4e0+      __AccessFileH_
0040f4f0+      __ReleaseFileH_
0040f500+      __AccessNHeap_
0040f510+      __ReleaseNHeap_
0040f520+      __AccessFHeap_
0040f530+      __ReleaseFHeap_
0040f540+      __AccessTDList_
0040f550+      __ReleaseTDList_
0040f560+      __AccessFList_
0040f570+      __AccessSemaphore_
0040f5d0+      __ReleaseFList_
0040f5e0+      __ReleaseSemaphore_
0040f610+      __MultipleThread_
0040f660+      __AllocInitThreadData_
0040f6b0+      __FreeInitThreadData_
0040f6c0       __NTThreadInit_
0040f730       __NTAddThread_
0040f780       __NTRemoveThread_
0040f810       __InitMultipleThread_
00416ef4+      ___AccessSema4
00416ef8+      ___ReleaseSema4
00416efc+      ___CloseSema4
Module: C:\WATCOM\lib386\nt\clib3r.lib(xmsgwnt.c)
0040f9d0+      __exit_with_msg_
0040fa30       __fatal_runtime_error_
Module: C:\WATCOM\lib386\nt\clib3r.lib(calloc.c)
0040fa50       calloc_
Module: C:\WATCOM\lib386\nt\clib3r.lib(register.c)
0040fa80       __initthread_
0040fa90*      _beginthread_
0040faa0       _endthread_
0040fab0*      __RegisterThreadData_
Module: C:\WATCOM\lib386\nt\clib3r.lib(nmsize.c)
0040fb00       _nmsize_
0040fb00*      _msize_
Module: C:\WATCOM\lib386\nt\clib3r.lib(nexpand.c)
0040fb10       _nexpand_
0040fb10*      _expand_
0040fb50+      __HeapManager_expand_
Module: C:\WATCOM\lib386\nt\clib3r.lib(dofilstr.c)
0040fd40       __ParsePosixHandleStr_
Module: C:\WATCOM\lib386\nt\clib3r.lib(clearenv.c)
0040fe60       clearenv_
Module: C:\WATCOM\lib386\nt\clib3r.lib(__lseek.c)
0040fef0       __lseek_
Module: C:\WATCOM\lib386\nt\clib3r.lib(stackwnt.c)
0040ff30       stackavail_
Module: C:\WATCOM\lib386\nt\clib3r.lib(stkwnt.asm)
0040ff41*      __CHK
0040ff51*      __STK
0040ff70       __STKOVERFLOW_
0040ff80*      __GRO
0040ffa0*      __alloca_probe
Module: C:\WATCOM\lib386\nt\clib3r.lib(initfile.c)
0040fff0       __InitFiles_
Module: C:\WATCOM\lib386\nt\clib3r.lib(ioexit.c)
004100f0*      fcloseall_
00410100       __full_io_exit_
Module: C:\WATCOM\lib386\nt\clib3r.lib(isattwnt.c)
00410110       isatty_
Module: C:\WATCOM\lib386\nt\clib3r.lib(mktime.c)
00410130       mktime_
Module: C:\WATCOM\lib386\nt\clib3r.lib(strncpy.c)
004101c0       strncpy_
Module: C:\WATCOM\lib386\nt\clib3r.lib(mbschr.c)
00410200       _mbschr_
Module: C:\WATCOM\lib386\nt\clib3r.lib(mbisdbcs.c)
00416f1c       ___IsDBCS
Module: C:\WATCOM\lib386\nt\clib3r.lib(mbislead.c)
00410260*      _ismbblead_
00418fdc       ___MBCSIsTable
Module: C:\WATCOM\lib386\nt\clib3r.lib(_clsewnt.c)
00410280       __close_
Module: C:\WATCOM\lib386\nt\clib3r.lib(ntfio.c)
004102e0*      __GetNTCreateAttr_
00410320       __GetNTAccessAttr_
00410350       __GetNTShareAttr_
Module: C:\WATCOM\lib386\nt\clib3r.lib(umaskval.c)
00416f20       ___umaskval
Module: C:\WATCOM\lib386\nt\clib3r.lib(textmode.c)
00416f24       __fmode
Module: C:\WATCOM\lib386\math387r.lib(bufld386.asm)
004103b0       __ZBuf2LD
Module: C:\WATCOM\lib386\math387r.lib(inf_nan.c)
00410453*      ___f_infinity
00410457*      ___f_posqnan
0041045b       ___d_infinity
00410463       ___d_posqnan
0041046b*      ___ld_infinity
00410473*      ___ld_posqnan
Module: C:\WATCOM\lib386\nt\clib3r.lib(hugeval.c)
00410480       __HugeValue
Module: C:\WATCOM\lib386\nt\clib3r.lib(initargv.c)
00410490       __Init_Argv_
004104e0+      _getargv_
00410680       __Fini_Argv_
Module: C:\WATCOM\lib386\nt\clib3r.lib(prtf.c)
00410690       __prtf_
Module: C:\WATCOM\lib386\math387r.lib(ldclass.c)
00411354       __LDClass_
004113a4*      _FLClass_
Module: C:\WATCOM\lib386\nt\clib3r.lib(chipvar)
00416f28       ___chipbug
00416f28       __chipbug
Module: C:\WATCOM\lib386\math387r.lib(pow87e.c)
004113b4       __pow87_err_
Module: C:\WATCOM\lib386\math387r.lib(exp87.asm)
004114a3*      exp_
0041143c*      __@DEXP1
00411444*      IF@EXP
00411444*      IF@DEXP
00411446       __@DEXP
Module: C:\WATCOM\lib386\nt\clib3r.lib(chipd32.asm)
004115c7       __fdiv_fpr
00411a89*      __fdiv_chk
00411a9c*      __fdiv_m32
00411ae9*      __fdiv_m64
00411b36*      __fdiv_m32r
00411b83*      __fdiv_m64r
Module: C:\WATCOM\lib386\nt\clib3r.lib(mbconv.c)
00411bd0       _mbvtop_
Module: C:\WATCOM\lib386\nt\clib3r.lib(amblksiz.c)
00416f3c       __amblksiz
Module: C:\WATCOM\lib386\nt\clib3r.lib(heapen.c)
00411bf0*      _heapenable_
00416f40       ___heap_enabled
Module: C:\WATCOM\lib386\nt\clib3r.lib(nheapmin.c)
00411c20       _nheapshrink_
00411c20*      _nheapmin_
00411c20*      _heapmin_
00411c20       _heapshrink_
Module: C:\WATCOM\lib386\nt\clib3r.lib(trdalloc.c)
00411d10       __FiniThreadProcessing_
Module: C:\WATCOM\lib386\nt\clib3r.lib(thredwnt.c)
00411dd0       __CBeginThread_
00411e70       __CEndThread_
Module: C:\WATCOM\lib386\nt\clib3r.lib(strtol.c)
004120d0*      strtoul_
004120e0       strtol_
Module: C:\WATCOM\lib386\nt\clib3r.lib(putenv.c)
004120f0       putenv_
Module: C:\WATCOM\lib386\nt\clib3r.lib(fclose.c)
00412290+      __doclose_
00412330       __shutdown_stream_
00412350*      fclose_
004190e4+      ___RmTmpFileFn
Module: C:\WATCOM\lib386\nt\clib3r.lib(freefp.c)
004123a0       __freefp_
004123f0       __purgefp_
Module: C:\WATCOM\lib386\nt\clib3r.lib(locmktim.c)
00412420       __local_mktime_
Module: C:\WATCOM\lib386\nt\clib3r.lib(gmtime.c)
004125a0       __brktime_
004126a0+      _gmtime_
004126c0*      gmtime_
Module: C:\WATCOM\lib386\nt\clib3r.lib(tzset.c)
00416fd0       ___start_dst
00416ff4       ___end_dst
0041711c*      _tzname
00417124       _timezone
00417128       _daylight
0041712c       ___dst_adjust
00412730*      __DontCacheOSTZ_
00412740*      __CacheOSTZ_
00412c10+      __parse_tz_
00413000       tzset_
Module: C:\WATCOM\lib386\nt\clib3r.lib(timeutil.c)
00413170       __isindst_
Module: C:\WATCOM\lib386\nt\clib3r.lib(mbclen.c)
004134a0       _mbclen_
Module: C:\WATCOM\lib386\nt\clib3r.lib(mbccmp.c)
004134d0       _mbccmp_
Module: C:\WATCOM\lib386\nt\clib3r.lib(mbinit.c)
00413546       __mbinit_
00417134       ___MBCodePage
Module: C:\WATCOM\lib386\nt\clib3r.lib(histsplt.c)
004190e8       ___historical_splitparms
Module: C:\WATCOM\lib386\nt\clib3r.lib(wctomb.c)
00413640       wctomb_
Module: C:\WATCOM\lib386\nt\clib3r.lib(itoa.c)
00413680+      utoa_
004136d0       itoa_
Module: C:\WATCOM\lib386\nt\clib3r.lib(noefgfmt.c)
00417138       ___EFG_printf
0041713c*      ___EFG_scanf
Module: C:\WATCOM\lib386\nt\clib3r.lib(lltoa.c)
00413750       ulltoa_
004137c0*      lltoa_
Module: C:\WATCOM\lib386\nt\clib3r.lib(chipbug.c)
004137f0       __verify_pentium_fdiv_bug_
Module: C:\WATCOM\lib386\nt\flib7.lib(_matherr.c)
00413850*      __imath2err_
00413890*      __amath1err_
004138c0*      __amath2err_
004138f0       __math2err_
00413a00       __math1err_
00413a10*      __zmath2err_
00413a70*      __qmath2err_
Module: C:\WATCOM\lib386\math387r.lib(math87e.c)
00413ad6       __math87_err_
Module: C:\WATCOM\lib386\nt\clib3r.lib(mbslen.c)
00413b50       _mbslen_
Module: C:\WATCOM\lib386\nt\clib3r.lib(_putenv.c)
00413b80       __putenv_
Module: C:\WATCOM\lib386\nt\clib3r.lib(mbstowcs.c)
00413c10       mbstowcs_
Module: C:\WATCOM\lib386\nt\clib3r.lib(_uputenv.c)
00413c90       __wputenv_
Module: C:\WATCOM\lib386\nt\clib3r.lib(flush.c)
00413d00       __flush_
Module: C:\WATCOM\lib386\nt\clib3r.lib(leapyear.c)
00413e00       __leapyear_
00416120       ___diyr
0041613a       ___dilyr
Module: C:\WATCOM\lib386\nt\clib3r.lib(wcstombs.c)
00413e40       wcstombs_
Module: C:\WATCOM\lib386\nt\clib3r.lib(_findenv.c)
00414040       __findenv_
Module: C:\WATCOM\lib386\nt\clib3r.lib(mbtowc.c)
00414160       mbtowc_
Module: C:\WATCOM\lib386\nt\clib3r.lib(_ufinden.c)
004142b0       __wfindenv_
Module: C:\WATCOM\lib386\nt\clib3r.lib(fsync.c)
00414350       fsync_
Module: C:\WATCOM\lib386\nt\clib3r.lib(qwrit.c)
004143a0       __qwrite_
Module: C:\WATCOM\lib386\nt\clib3r.lib(utoupper.c)
00414480       towupper_


                        +----------------------+
                        |   Imported Symbols   |
                        +----------------------+

Symbol                              Module
======                              ======

_GetVersion@0                       KERNEL32.DLL
_GetModuleHandleA@4                 KERNEL32.DLL
_GetProcAddress@8                   KERNEL32.DLL
_GetModuleFileNameA@12              KERNEL32.DLL
_GetCommandLineA@0                  KERNEL32.DLL
_GetCommandLineW@0                  KERNEL32.DLL
_ExitProcess@4                      KERNEL32.DLL
_RtlUnwind@16                       KERNEL32.DLL
_GetCurrentThreadId@0               KERNEL32.DLL
_SetStdHandle@8                     KERNEL32.DLL
_CreateEventA@16                    KERNEL32.DLL
_GetStdHandle@4                     KERNEL32.DLL
_CloseHandle@4                      KERNEL32.DLL
_GetModuleFileNameW@12              KERNEL32.DLL
_MultiByteToWideChar@24             KERNEL32.DLL
_LoadLibraryA@4                     KERNEL32.DLL
_WriteFile@20                       KERNEL32.DLL
_SetUnhandledExceptionFilter@4      KERNEL32.DLL
_UnhandledExceptionFilter@4         KERNEL32.DLL
_VirtualQuery@12                    KERNEL32.DLL
_MessageBoxA@16                     USER32.DLL
_GetFullPathNameA@16                KERNEL32.DLL
_GetFileType@4                      KERNEL32.DLL
_GetFileInformationByHandle@8       KERNEL32.DLL
_GetFileTime@16                     KERNEL32.DLL
_GetFileSize@8                      KERNEL32.DLL
_CreateFileA@28                     KERNEL32.DLL
_GetLastError@0                     KERNEL32.DLL
_GetDriveTypeA@4                    KERNEL32.DLL
_FindFirstFileA@8                   KERNEL32.DLL
_FindClose@4                        KERNEL32.DLL
_SetConsoleCtrlHandler@8            KERNEL32.DLL
_TlsGetValue@4                      KERNEL32.DLL
_TlsSetValue@8                      KERNEL32.DLL
_SetFilePointer@16                  KERNEL32.DLL
_GetFileAttributesA@4               KERNEL32.DLL
_GetCurrentDirectoryA@8             KERNEL32.DLL
_FileTimeToLocalFileTime@8          KERNEL32.DLL
_FileTimeToDosDateTime@12           KERNEL32.DLL
_DosDateTimeToFileTime@12           KERNEL32.DLL
_LocalFileTimeToFileTime@8          KERNEL32.DLL
_FormatMessageA@28                  KERNEL32.DLL
_DeleteFileA@4                      KERNEL32.DLL
_SetEndOfFile@4                     KERNEL32.DLL
_ReadFile@20                        KERNEL32.DLL
_CharUpperA@4                       USER32.DLL
_VirtualAlloc@16                    KERNEL32.DLL
_InitializeCriticalSection@4        KERNEL32.DLL
_DeleteCriticalSection@4            KERNEL32.DLL
_LeaveCriticalSection@4             KERNEL32.DLL
_EnterCriticalSection@4             KERNEL32.DLL
_SetLastError@4                     KERNEL32.DLL
_TlsAlloc@0                         KERNEL32.DLL
_TlsFree@4                          KERNEL32.DLL
_VirtualFree@12                     KERNEL32.DLL
_CreateThread@24                    KERNEL32.DLL
_ResumeThread@4                     KERNEL32.DLL
_ExitThread@4                       KERNEL32.DLL
_SetEnvironmentVariableA@8          KERNEL32.DLL
_GetTimeZoneInformation@4           KERNEL32.DLL
_GetACP@0                           KERNEL32.DLL
_GetOEMCP@0                         KERNEL32.DLL
_GetCPInfo@8                        KERNEL32.DLL
_WideCharToMultiByte@32             KERNEL32.DLL
_FlushFileBuffers@4                 KERNEL32.DLL


                        +--------------------+
                        |   Libraries Used   |
                        +--------------------+

C:\WATCOM\lib386\nt\kernel32.lib
C:\WATCOM\lib386\nt\user32.lib
C:\WATCOM\lib386\nt\flib7.lib
C:\WATCOM\lib386\math387r.lib
C:\WATCOM\lib386\nt\clib3r.lib
C:\WATCOM\lib386\nt\emu387.lib


                        +-----------------------+
                        |   Linker Statistics   |
                        +-----------------------+

Stack size:  00010000 (65536.)
Memory size:  00026e0e (159246.)
Entry point address: 004014b0
Link time: 00:00.93
