Open Watcom Linker Version 2.0 beta Apr  2 2015 09:56:44 (64-bit)
Copyright (c) 2002-2015 The Open Watcom Contributors. All Rights Reserved.
Portions Copyright (c) 1985-2002 Sybase, Inc. All Rights Reserved.
Created on:       15/07/13 15:45:24
Executable Image: exercicio6.exe
creating a Windows NT character-mode executable


                        +------------+
                        |   Groups   |
                        +------------+

Group                           Address              Size
=====                           =======              ====

.idata                          00416000             00000708
DGROUP                          00417000             00013410



                        +--------------+
                        |   Segments   |
                        +--------------+

Segment                Class          Group          Address         Size
=======                =====          =====          =======         ====

BEGTEXT                CODE           AUTO           00401000        00000007
_TEXT                  CODE           AUTO           00401010        00013f80
TRANSFER CODE          CODE           AUTO           00414f90        00000186
.idata                 .idata         .idata         00416000        00000708
_NULL                  BEGDATA        DGROUP         00417000        00000004
_AFTERNULL             BEGDATA        DGROUP         00417004        00000000
CONST                  DATA           DGROUP         00417010        00000150
_DATA                  DATA           DGROUP         00417160        00000fe0
XIB                    DATA           DGROUP         00418140        00000000
XI                     DATA           DGROUP         00418140        0000004e
XIE                    DATA           DGROUP         0041818e        00000000
YIB                    DATA           DGROUP         0041818e        00000000
YI                     DATA           DGROUP         0041818e        00000030
YIE                    DATA           DGROUP         004181be        00000000
CONST2                 DATA           DGROUP         004181c0        00000000
TIB                    DATA           DGROUP         004181c0        00000000
TI                     DATA           DGROUP         004181c0        00000000
TIE                    DATA           DGROUP         004181c0        00000000
DATA                   DATA           DGROUP         004181c0        00000000
DATA32                 DATA           DGROUP         004181c0        0000011c
CONST32                CONST          DGROUP         00419000        00000000
_BSS                   BSS            DGROUP         00419000        000010ec
GDATA@0                BSS            DGROUP         0041a0f0        00000320
BSS32                  BSS            DGROUP         0041a410        00000000
STACK                  STACK          DGROUP         0041a410        00010000


                        +----------------+
                        |   Memory Map   |
                        +----------------+

* = unreferenced symbol
+ = symbol only referenced locally

Address        Symbol
=======        ======

Module: exercicio6.obj(C:\Users\Samsung\Desktop\2015.1\Comp2\exercicio6\exercicio6.for)
00401010       FMAIN
Module: C:\WATCOM\lib386\nt\flib7.lib(cowrite.asm)
00401288       RT@IOWrite
00401297*      RT@OutLOG1
004012a9*      RT@OutLOG4
004012b7*      RT@OutINT1
004012c9*      RT@OutINT2
004012d9       RT@OutINT4
004012e8*      RT@OutREAL
004012f8       RT@OutDBLE
00401308*      RT@OutXTND
00401318*      RT@OutCPLX
0040132e*      RT@OutDBCX
00401344*      RT@OutXTCX
0040135a       RT@OutCHAR
0040135f*      RT@OutSTR
00401364*      RT@PrtArr
00401369*      RT@PrtChArr
Module: C:\WATCOM\lib386\nt\flib7.lib(cortns.asm)
00417198*      _FRT_SaveESP
00401379*      SwitchToGen
00401397       SwitchToRT
004013b5       RdWrCommon
00401459       IOType_
00401477       IOChar
00401492       IOStr
004014a7       IOArr
004014c2       IOChArr
004014e4       RT@EndIO
Module: C:\WATCOM\lib386\nt\flib7.lib(coread.asm)
004014ee       RT@IORead
004014fd*      RT@InpLOG1
0040150c*      RT@InpLOG4
0040151b*      RT@InpINT1
0040152a*      RT@InpINT2
00401539       RT@InpINT4
00401548*      RT@InpREAL
00401557       RT@InpDBLE
00401566*      RT@InpXTND
00401575*      RT@InpCPLX
00401584*      RT@InpDBCX
00401593*      RT@InpXTCX
004015a2*      RT@InpCHAR
004015a7*      RT@InpSTR
004015ac*      RT@InpArr
004015b1*      RT@InpChArr
Module: C:\WATCOM\lib386\nt\flib7.lib(setfmt.c)
004015c0       RT@SetFmt
Module: C:\WATCOM\lib386\math387r.lib(sqrt87.asm)
004015e0*      sqrt_
00401610*      IF@SQRT
00401610       IF@DSQRT
00401612*      __@DSQRT
Module: C:\WATCOM\lib386\nt\clib3r.lib(cstrtwnt)
00401644       _cstart_
00401644*      mainCRTStartup
Module: C:\WATCOM\lib386\nt\clib3r.lib(_8087386.asm)
004171b8       __8087
004171b9       __real87
Module: C:\WATCOM\lib386\nt\emu387.lib(386stub.asm)
004016a0       __init_387_emulator
004016a1*      __fini_387_emulator
Module: C:\WATCOM\lib386\nt\flib7.lib(initeng.c)
00419000       __init_english
Module: C:\WATCOM\lib386\nt\flib7.lib(initerr.c)
00419004       __init_error
Module: C:\WATCOM\lib386\nt\flib7.lib(exwrite.c)
00401720       DoWrite_
Module: C:\WATCOM\lib386\nt\flib7.lib(setiocb.c)
00401750       RT@SetIOCB
Module: C:\WATCOM\lib386\nt\flib7.lib(rdata.c)
00419010       _IORslt
00419020       _FmtBuff
00419024*      _Fmt_revert
00419028*      _Fmt_start
0041902c*      _Fmt_paren_level
00419030*      _Fmt_charptr
00419034*      _FmtEmStruct
00419038       _IOTypeRtn
0041903c*      _Fmt_end
00419040*      _Fmt_rep_spec
00419044       _FmtRoutine
00419048       _IOCB
0041904c       _Files
00419050*      _Fmt_delimited
Module: C:\WATCOM\lib386\nt\flib7.lib(iomain.c)
004017e0       __ReleaseIOSys_
00401800       IOMain_
Module: C:\WATCOM\lib386\nt\clib3r.lib(crwdata)
004171fd       __osmajor
004171fe       __osminor
004171ff       __osbuild
00417201       __osver
00417205       __winmajor
00417209       __winminor
0041720d       __winver
004171cc       __LpDllName
004171d0       __LpwCmdLine
004171d4       __LpwPgmName
004171d8       __LpwDllName
004171c4       __LpCmdLine
004171c8       __LpPgmName
004171bc*      __dynend
004171c0       __curbrk
004171dc*      __STACKLOW
004171e0       __STACKTOP
004171e4       __ASTACKSIZ
004171e8       __ASTACKPTR
004171ec*      __cbyte
004171f0*      __cbyte2
004171f4*      __child
004171f9       __Envptr
004171f8       __no87
00417211       ___FPE_handler
Module: C:\WATCOM\lib386\nt\flib7.lib(thrdutil.c)
00401a10*      __InitMultiThreadIO_
0041721c       ___SwitchStkLow
Module: C:\WATCOM\lib386\nt\flib7.lib(exread.c)
00401aa0       DoRead_
Module: C:\WATCOM\lib386\nt\flib7.lib(rfmtexec.c)
00402400       R_FExec_
Module: C:\WATCOM\lib386\math387r.lib(math87e.c)
00402429       __math87_err_
Module: C:\WATCOM\lib386\nt\clib3r.lib(main2wnt.c)
004024a0       __NTMain
Module: C:\WATCOM\lib386\nt\clib3r.lib(segdefns)
00401003       ___begtext
00417000*      __nullarea
00418140       __Start_XI
0041818e       __End_XI
0041818e       __Start_YI
004181be       __End_YI
Module: C:\WATCOM\lib386\nt\clib3r.lib(chk8087.c)
00402520*      _fpreset_
00402560       __chk8087_
00402570*      __init_8087_
Module: C:\WATCOM\lib386\nt\flib7.lib(english.c)
004025c0       __UseEnglishCharSet_
Module: C:\WATCOM\lib386\nt\flib7.lib(errincl.c)
004026d0       __InitError_
00417220+      _PGroupTable
00417224+      _PErrWord
Module: C:\WATCOM\lib386\nt\flib7.lib(rdwr.c)
004026f0+      DoOpen_
00402720+      _AllocBuffer_
00402760       IOPrologue_
004029a0       UpdateRecNum_
Module: C:\WATCOM\lib386\nt\flib7.lib(unfmtout.c)
00402ac0       UnFmtOut_
Module: C:\WATCOM\lib386\nt\flib7.lib(freeout.c)
00402f10       FreeOut_
00417228+      _OutRtn
Module: C:\WATCOM\lib386\nt\flib7.lib(rtutls.c)
00403010       FindFtnFile_
00403100       RChkAlloc_
00403130       F_Connect_
004031b0       ConnectFile_
004031c0*      GetFileInfo_
004032b0       DiscoFile_
00403320*      ChkFileName_
00403350+      ChkLogFile_
00403390       ChkIOOperation_
004033d0       GetIOErr_
004033e0       ChkIOErr_
00403400       ChkUnitId_
00403440*      ChkConnected_
00403460       SetEOF_
00403490       ClearEOF_
004034d0       SysEOF_
00403500       IsFixed_
00403510       IsCarriage_
00403520*      ChkRecordStructure_
00403550*      ChkSequential_
00403570*      ChkExist_
004035a0*      StrItem_
Module: C:\WATCOM\lib386\nt\flib7.lib(rtinit.c)
0041725c       ___FAppType
00417260       __ExceptionInit
00417264       __ExceptionFini
004035e0*      __InitFThreadData_
00403620+      RTSysFini_
00403630       RTSysInit_
0041726c       __AccessFIO
00417270       __ReleaseFIO
00417274       __PartialReleaseFIO
00419058       ___FThreadDataOffset
0041815e*      ___fthread_data_size
Module: C:\WATCOM\lib386\nt\clib3r.lib(mainwnt.c)
00417278       ___TlsIndex
0041727c       ___FirstThreadData
00417280       ___GetThreadPtr
00417284       __AccessFileH
00417288       __ReleaseFileH
0041728c       __AccessIOB
00417290       __ReleaseIOB
00417294       __AccessNHeap
00417298       __AccessFHeap
0041729c       __ReleaseNHeap
004036f0*      __threadid_
00403710+      __sig_null_rtn_
00403720+      __NTInit_
00403930+      __NTFini_
004039b0       __NTMainInit_
00403a10       __exit_
004172a0       __ReleaseFHeap
004172a4       __AccessTDList
004172a8       __ReleaseTDList
004172ac       __AccessFList
004172b0       __ReleaseFList
004172b4       __ThreadExitRtn
004172b8       ___sig_init_rtn
004172bc       ___sig_fini_rtn
004172c0       ___process_fini
00419064       ___Is_DLL
Module: C:\WATCOM\lib386\nt\flib7.lib(ioinit.c)
00403a70       IOSysInit_
Module: C:\WATCOM\lib386\nt\flib7.lib(rterr.c)
004172c8+      _TraceRoutine
00403ac0+      FlushStdUnit_
00403b10+      WriteErr_
00403be0       ErrHandler_
00403c20       RTErr_
004172d4+      LG@ERR_HOOK
Module: C:\WATCOM\lib386\nt\flib7.lib(spawn.c)
00403c50       Spawn_
00403cb0       Suicide_
Module: C:\WATCOM\lib386\nt\flib7.lib(rtsysutl.c)
00403cf0       GetSysIOInfo_
00403d10       GetSysFileInfo_
00403d40*      IsDevice_
00403f10       OpenAction_
00403f50*      DfltRecType_
00403f70+      _FileAttrs_
00404030       CloseFile_
004040a0       Scrtched_
004040c0*      CloseDeleteFile_
00404110       Errf_
00404130       FPutBuff_
004041a0       FGetBuff_
004041f0       SeekFile_
00404210       NoEOF_
00404220       SysClearEOF_
00404230*      SameFile_
00404240*      Rewindf_
00404260*      SysCreateFile_
004042a0       CheckLogicalRecord_
004042c0       SkipLogicalRecord_
004042e0*      BackSpacef_
00404310*      EndFilef_
00404350       GetIOErrMsg_
00404390       ReportNExist_
004043b0       ReportEOF_
004043c0*      WaitForEnter_
Module: C:\WATCOM\lib386\nt\flib7.lib(unfmtin.c)
004043d0       UnFmtIn_
00404470+      NextUnFmtRec_
Module: C:\WATCOM\lib386\nt\flib7.lib(freein.c)
00404850+      GetNum_
00404a50       FreeIn_
00404a60*      DoFreeIn_
00404a90+      BumpComma_
00404ac0+      Blanks_
00404ae0+      CheckEor_
Module: C:\WATCOM\lib386\nt\flib7.lib(ioerr.c)
00405120       IOErr_
Module: C:\WATCOM\lib386\nt\flib7.lib(wrutils.c)
004051b0       F_SendData_
00405210*      SendLine_
00405220       SendEOR_
004052b0*      SendInt_
004052e0       SendStr_
00405300+      SendWSLStr_
00405320       SendChar_
00405340       Drop_
00405500       IOItemResult_
Module: C:\WATCOM\lib386\nt\flib7.lib(rfmtutil.c)
004055b0       R_ChkType_
004055e0       R_NewRec_
00405620       R_ChkIType_
00405650       R_ChkFType_
00405680       R_ChkRecLen_
004056a0+      GetLen_
004056e0       R_FOStr_
004056f0*      FOString_
00405760       R_FIStr_
00405820       R_FOLog_
00405870       R_FILog_
00405950       R_FIFloat_
00405b40       GetReal_
00405c50       R_FOF_
00405cd0       R_FOE_
00405e10+      FmtH2B_
00405f00       R_FIHex_
00406080       R_FOHex_
00406090*      FOHex_
00406190       R_FIInt_
004062a0       R_FOInt_
00406500       R_FOG_
00406780+      ChkBuffLen_
Module: C:\WATCOM\lib386\nt\flib7.lib(arrayio.c)
00406840       ArrayIOType_
Module: C:\WATCOM\lib386\nt\flib7.lib(_matherr.c)
004068c0*      __imath2err_
00406900*      __amath1err_
00406930*      __amath2err_
00406960       __math2err_
00406a70       __math1err_
00406a80*      __zmath2err_
00406ae0*      __qmath2err_
Module: C:\WATCOM\lib386\nt\clib3r.lib(initrtns.c)
00406b60       __InitRtns
00406bb0       __FiniRtns
Module: C:\WATCOM\lib386\nt\clib3r.lib(mthrdini.c)
00406c10       __InitThreadData_
004172d8       ___ThreadDataSize
Module: C:\WATCOM\lib386\nt\clib3r.lib(memset.c)
00406c40       memset_
Module: C:\WATCOM\lib386\nt\clib3r.lib(cmain386.c)
00406c60       __CMain
Module: C:\WATCOM\lib386\nt\clib3r.lib(dosseg)
00001234       __DOSseg__
Module: C:\WATCOM\lib386\nt\clib3r.lib(8087cw.c)
004172dc       __8087cw
Module: C:\WATCOM\lib386\nt\clib3r.lib(save8087.c)
004172e0       ___Save8087
004172e4       ___Rest8087
Module: C:\WATCOM\lib386\nt\clib3r.lib(ini87386.asm)
00406ca4       __x87id
Module: C:\WATCOM\lib386\nt\flib7.lib(csetinfo.c)
00419680       _CharSetInfo
Module: C:\WATCOM\lib386\nt\flib7.lib(errmsg.c)
00407010       _GroupTable
004070c0       _ErrWord
Module: C:\WATCOM\lib386\nt\flib7.lib(blderr.c)
00407780       Substitute_
00407950       ErrCodOrg_
Module: C:\WATCOM\lib386\nt\flib7.lib(errrtns.c)
00419694       ___ErrorFini
00419698       ___ErrorInit
0041969c       ___BldErrMsg
Module: C:\WATCOM\lib386\nt\flib7.lib(sdfile.c)
004172e8*      _FFCtrlSeq
004172ea*      _SkipCtrlSeq
004172ec       _NormalCtrlSeq
004172ee       _SDTermIn
004172f2       _SDTermOut
004172f6*      _SDPrtName
Module: C:\WATCOM\lib386\nt\flib7.lib(unfmtutl.c)
00407960       _SizeVars
Module: C:\WATCOM\lib386\nt\flib7.lib(undefcg.c)
00407a00       OutLogCG_
00407a10       OutIntCG_
00407a50+      FmtRealCG_
00407a80+      FmtDoubleCG_
00407ab0+      FmtExtendedCG_
00407ae0+      UndefIntCG_
00407ae0+      UndefLogCG_
00407ae0+      UndefExtendedCG_
00407ae0+      UndefDoubleCG_
00407ae0+      UndefRealCG_
00407af0+      GetRealCG_
004172fc       _FmtRealRtn
00417300       _FmtDoubleRtn
00417304       _FmtExtendedRtn
00417308       _SendStrRtn
0041730c       _UndefRealRtn
00417310       _UndefDoubleRtn
00417314       _UndefExtendedRtn
00417318       _UndefLogRtn
0041731c       _UndefIntRtn
00417320       _GetRealRtn
Module: C:\WATCOM\lib386\nt\flib7.lib(cctrl.c)
00407b00       CheckCCtrl_
Module: C:\WATCOM\lib386\nt\flib7.lib(fdutil.c)
00407b70       LocFile_
00407b80       LocUnit_
00407bb0       ExtractInfo_
Module: C:\WATCOM\lib386\nt\flib7.lib(rstdio.c)
00407ce0       _InitStandardInput_
00407d10       _InitStandardOutput_
Module: C:\WATCOM\lib386\nt\flib7.lib(rmemmgr.c)
00407d40       RMemAlloc_
00407d50       RMemFree_
Module: C:\WATCOM\lib386\nt\flib7.lib(deffname.c)
00417324       _DefFName
Module: C:\WATCOM\lib386\nt\flib7.lib(stracc.c)
00407d60       TrimStr_
00407da0       GetStr_
Module: C:\WATCOM\lib386\nt\flib7.lib(rttraps.c)
00407ec0       __EnableF77RTExceptionHandling_
00407ed0       R_TrapInit_
00407f60       R_TrapFini_
00407f70*      __InitExceptionVectors_
Module: C:\WATCOM\lib386\nt\clib3r.lib(nodefwin.c)
0041732c*      __WindowsIsWindowedHandle
00417330*      __WindowsRemoveWindowedHandle
00417334*      __WindowsNewWindow
00417338*      __WindowsCloseWindow
0041733c*      __WindowsSetAbout
00417340*      __WindowsSetAppTitle
00417344*      __WindowsSetConTitle
00417348*      __WindowsDestroyOnClose
0041734c*      __WindowsYieldControl
00417350*      __WindowsShutDown
00417354*      __WindowsStdin
00417358       __WindowsStdout
0041735c*      __WindowsKbhit
00417360*      __WindowsGetch
00417364*      __WindowsGetche
00417368*      __WindowsPutch
00407f90*      _dwShutDown_
00407f90*      _dwYield_
00407f90*      _dwSetConTitle_
00407f90*      _dwSetAppTitle_
00407f90*      _dwSetAboutDlg_
00407f90       _dwDeleteOnClose_
0041736c*      __WindowsExitRtn
004196a0*      __init_default_win
Module: C:\WATCOM\lib386\nt\clib3r.lib(atexit.c)
00407f93       atexit_
Module: C:\WATCOM\lib386\nt\clib3r.lib(regdata.c)
00407ff0       __RegisterThreadDataSize_
Module: C:\WATCOM\lib386\nt\clib3r.lib(hdlman.c)
00417370+      ___NHandles
00417374+      ___OSHandles
00417378+      ___FakeHandles
00408020+      __growPOSIXHandles_
004080c0       __allocPOSIXHandle_
00408180       __freePOSIXHandle_
004081a0       __getOSHandle_
004081b0       __setOSHandle_
00408200+      __NTGetFakeHandle_
00408270       __initPOSIXHandles_
00408350*      __set_handles_
00408360*      _grow_handles_
Module: C:\WATCOM\lib386\nt\clib3r.lib(environ.c)
00419728       ___env_mask
0041972c       _environ
00419730       __wenviron
Module: C:\WATCOM\lib386\nt\clib3r.lib(getmodfn.c)
004083a0       __lib_GetModuleFileNameW_
Module: C:\WATCOM\lib386\nt\clib3r.lib(strdup.c)
00408440       __clib_strdup_
Module: C:\WATCOM\lib386\nt\clib3r.lib(istable.c)
00408480       __IsTable
Module: C:\WATCOM\lib386\nt\clib3r.lib(ustrdup.c)
00408581       __clib_wcsdup_
Module: C:\WATCOM\lib386\nt\clib3r.lib(nfree.c)
004085b0       _nfree_
004085b0       free_
00419734       ___MiniHeapFreeRover
Module: C:\WATCOM\lib386\nt\clib3r.lib(excptwnt.c)
00408d20+      ___ReportException@4
00409170       __DefaultExceptionHandler_
004091b0+      ___ExceptionFilter
004093c0       __NewExceptionFilter_
004093f0       __DoneExceptionFilter_
00417384       ___oscode_check_func
00417388       ___raise_func
00419738*      _sw
0041973c       ___ExceptionHandled
0041973d+      ___ReportInvoked
Module: C:\WATCOM\lib386\nt\clib3r.lib(stklmwnt.c)
00409430       __init_stack_limits_
Module: C:\WATCOM\lib386\nt\flib7.lib(runmain.c)
004094a0*      __InitUnit6CC_
004094b0       __DevicesCC_
004094c0*      __InitAllowCommaSeparator_
004094d0       __AllowCommaSep_
004094e0+      _InitIO_
00409550+      CloseAllFiles_
00409590*      _FiniEx_
00409590       RunExit_
004095d0       RunEntry_
Module: C:\WATCOM\lib386\nt\flib7.lib(posdat.c)
00417584       _FStdIn
00417588       _FStdOut
0041758c       _FStdErr
Module: C:\WATCOM\lib386\nt\flib7.lib(posflush.c)
00409600       FlushBuffer_
Module: C:\WATCOM\lib386\nt\flib7.lib(errutil.c)
004096b0       BldErrCode_
00409710*      MsgFormat_
00409740*      MsgBuffer_
00417590+      _PGrpCodes
Module: C:\WATCOM\lib386\nt\clib3r.lib(enterdb.c)
00409770       __EnterWVIDEO_
00417594       ___WD_Present
Module: C:\WATCOM\lib386\nt\flib7.lib(stdio.c)
004097b0       StdBuffer_
004097d0+      StdWrite_
004098b0       StdFlush_
004098e0       StdWriteNL_
Module: C:\WATCOM\lib386\nt\clib3r.lib(stjmp386.asm)
00409908       _setjmp_
00409941       longjmp_
Module: C:\WATCOM\lib386\nt\clib3r.lib(exit.c)
004099c3+      __null_int23_exit_
004099c4       exit_
00409a14*      _exit_
004179a0+      ___int23_exit
004179a4+      ___FPE_handler_exit
Module: C:\WATCOM\lib386\nt\clib3r.lib(accsswnt.c)
00409a30       access_
Module: C:\WATCOM\lib386\nt\clib3r.lib(fullpath.c)
00409a70+      _sys_fullpath_
00409af0       _fullpath_
Module: C:\WATCOM\lib386\nt\clib3r.lib(fstatwnt.c)
00409b60       fstat_
Module: C:\WATCOM\lib386\nt\flib7.lib(poserr.c)
00409ec0       Errorf_
00409ee0*      EOFile_
00409f00       ErrorMsg_
00409f40       FSetTrunc_
00409f50       FSetSysErr_
00409f70       FSetErr_
00409f90       FSetEof_
00409fb0       IOOk_
Module: C:\WATCOM\lib386\nt\clib3r.lib(statwnt.c)
0040a0d5       stat_
Module: C:\WATCOM\lib386\nt\flib7.lib(posopen.c)
0040a310       InitStd_
0040a3d0       SetIOBufferSize_
0040a3f0+      _AllocFile_
0040a4e0       Openf_
0040a5e0       Closef_
Module: C:\WATCOM\lib386\nt\flib7.lib(posdel.c)
0040a660       Scratchf_
Module: C:\WATCOM\lib386\nt\flib7.lib(posput.c)
0040a680       FPutRec_
0040a6c0       ChopFile_
0040a710*      PutRec_
0040a830       writebytes_
0040a8b0       SysWrite_
Module: C:\WATCOM\lib386\nt\flib7.lib(posget.c)
0040a9f0       readbytes_
0040aac0       SysRead_
0040af20       FGetRec_
0040af50*      GetRec_
0040af70       GetStdChar_
0040afc0       FCheckLogical_
0040b040       FSkipLogical_
0040b110*      FGetVarRecLen_
Module: C:\WATCOM\lib386\nt\flib7.lib(posseek.c)
0040b200       FSeekRec_
0040b240       CurrFileOffset_
0040b240       FGetFilePos_
0040b260       SysSeek_
0040b450*      FSeekAbs_
Module: C:\WATCOM\lib386\nt\clib3r.lib(stricmp.c)
0040b460       stricmp_
Module: C:\WATCOM\lib386\nt\flib7.lib(posrew.c)
0040b4a0       FRewind_
Module: C:\WATCOM\lib386\nt\flib7.lib(posback.c)
0040b510       FBackspace_
Module: C:\WATCOM\lib386\nt\flib7.lib(postrunc.c)
0040b5e0       FTruncate_
Module: C:\WATCOM\lib386\nt\clib3r.lib(errno.c)
0040b600       __get_errno_ptr_
0040b610*      __get_doserrno_ptr_
Module: C:\WATCOM\lib386\nt\flib7.lib(rdutils.c)
0040b620       NextRec_
Module: C:\WATCOM\lib386\nt\clib3r.lib(toupper.c)
0040b730       toupper_
Module: C:\WATCOM\lib386\nt\flib7.lib(chrutils.c)
0040b740       JmpBlanks_
Module: C:\WATCOM\lib386\nt\flib7.lib(fmtcnvt.c)
0040b770       FmtS2I_
0040b8b0       FmtS2F_
Module: C:\WATCOM\lib386\nt\flib7.lib(ifile.c)
0040bc90       SendIFBuff_
0040bcc0       NextIFBuff_
Module: C:\WATCOM\lib386\nt\clib3r.lib(ltoa.c)
0040bcf0       ultoa_
0040bd40       ltoa_
Module: C:\WATCOM\lib386\nt\flib7.lib(rfmtlog.c)
0040bd80       R_FmtLog_
Module: C:\WATCOM\lib386\nt\flib7.lib(fmtrtns.c)
0040bdb0       R_F2E_
0040bf20       R_F2F_
0040c0b0       SetMaxPrec_
Module: C:\WATCOM\lib386\nt\flib7.lib(flt86.c)
0040c0c0       _P1d100
0040c0c8       _P1d_99
Module: C:\WATCOM\lib386\math387r.lib(pow87.asm)
0040c229*      pow_
0040c0d0       IF@DPOW
0040c0d0*      IF@POW
Module: C:\WATCOM\lib386\nt\flib7.lib(hexcnv.c)
0040c250       Hex_
0040c270*      HSToB_
0040c2e0       BToHS_
Module: C:\WATCOM\lib386\nt\clib3r.lib(strupr.c)
0040c330       strupr_
Module: C:\WATCOM\lib386\nt\clib3r.lib(__stos.asm)
0040c350       __STOSB
0040c387*      __STOSD
Module: C:\WATCOM\lib386\nt\clib3r.lib(cinit.c)
0040c400       __CommonInit_
Module: C:\WATCOM\lib386\nt\clib3r.lib(___argc.c)
00419744       ____Argc
00419748       ____Argv
Module: C:\WATCOM\lib386\nt\flib7.lib(rtmain.c)
0040c410       main_
Module: C:\WATCOM\lib386\nt\clib3r.lib(memmove.c)
0040c430       memmove_
Module: C:\WATCOM\lib386\nt\clib3r.lib(sprintf.c)
0040c490       sprintf_
Module: C:\WATCOM\lib386\nt\flib7.lib(expchk.c)
0040c4c0       ToFFormat_
Module: C:\WATCOM\lib386\nt\clib3r.lib(getenv.c)
0040c510       getenv_
Module: C:\WATCOM\lib386\nt\clib3r.lib(nmalloc.c)
0040c5b0       _nmalloc_
0040c5b0       malloc_
004179b0       ___nheapbeg
004179b4       ___MiniHeapRover
004179b8       ___LargestSizeB4MiniHeapRover
Module: C:\WATCOM\lib386\nt\clib3r.lib(signlwnt.c)
004179bc+      __SignalTable
0040c6b0+      __SetSignalFunc_
0040c700+      __GetSignalFunc_
0040c730+      __GetSignalOSCode_
0040c760+      __CheckSignalExCode_
0040c8a0+      __sigabort_
0040c8b0       __sigfpe_handler_
0040c900       signal_
0040c990+      raise_
0040ca00+      __SigInit_
0040ca50+      __SigFini_
0040ca90+      __sig_init_
Module: C:\WATCOM\lib386\nt\flib7.lib(fptraps.c)
0040cb70*      __MaskDefaultFPE_
0040cb90       FPTrapInit_
0040cbc0       FPTrapFini_
Module: C:\WATCOM\lib386\nt\clib3r.lib(trdlist.c)
0040cc30       __GetThreadData_
0040cc80       __ReallocThreadData_
0040cd70       __AddThreadData_
0040cdf0       __RemoveThreadData_
0040ce50       __ResizeThreadDataList_
0040ce80       __FreeThreadDataList_
0040ceb0*      __ActiveThreads_
Module: C:\WATCOM\lib386\nt\clib3r.lib(seterrno.c)
0040cec7       __set_errno_
0040ced5*      __set_EDOM_
0040cee3       __set_ERANGE_
0040cef1*      __set_EINVAL_
0040cf04       __set_doserrno_
Module: C:\WATCOM\lib386\nt\clib3r.lib(nrealloc.c)
0040cf20*      _nrealloc_
0040cf20       realloc_
Module: C:\WATCOM\lib386\nt\clib3r.lib(iomode.c)
0040cfa0       __GetIOMode_
0040cfc0       __SetIOMode_nogrow_
00417a28       ___NFiles
00417a2c       ___init_mode
00417a7c       ___io_mode
Module: C:\WATCOM\lib386\nt\clib3r.lib(stiomode.c)
0040cfe0       __grow_iomode_
0040d0b0+      __shrink_iomode_
0040d0f0       __SetIOMode_
Module: C:\WATCOM\lib386\nt\clib3r.lib(setenvp.c)
0040d170       __setenvp_
0040d240       __freeenvp_
Module: C:\WATCOM\lib386\nt\clib3r.lib(ustrlen.c)
0040d28d       wcslen_
Module: C:\WATCOM\lib386\nt\clib3r.lib(memcpy.c)
0040d2a0       memcpy_
Module: C:\WATCOM\lib386\nt\clib3r.lib(mem.c)
0040d2c0       __MemAllocator
0040d370       __MemFree
Module: C:\WATCOM\lib386\nt\clib3r.lib(conutwnt.c)
0040d4c0*      __NTRealKey_
0040d570*      __NTConsoleInput_
0040d580       __NTConsoleOutput_
Module: C:\WATCOM\lib386\nt\clib3r.lib(fclex387.c)
0040d590       _ClearFPE_
Module: C:\WATCOM\lib386\nt\clib3r.lib(lseek.c)
0040d5a0       lseek_
Module: C:\WATCOM\lib386\nt\clib3r.lib(write.c)
0040d840       write_
Module: C:\WATCOM\lib386\nt\flib7.lib(errgrp.c)
0040daa0       _GrpCodes
Module: C:\WATCOM\lib386\nt\clib3r.lib(iob.c)
00417a88       ___iob
00419758       ___OpenStreams
0041975c       ___ClosedStreams
Module: C:\WATCOM\lib386\nt\clib3r.lib(setmd.c)
0040db30       setmode_
Module: C:\WATCOM\lib386\nt\clib3r.lib(ljmphdl.c)
00417c90       ___longjmp_handler
Module: C:\WATCOM\lib386\nt\clib3r.lib(fgtattr.c)
0040dc30       __fixed_GetFileAttributesA_
Module: C:\WATCOM\lib386\nt\clib3r.lib(dosret.c)
0040dcd0*      __dosretax
0040dce0*      __dosret0
0040dcf0       __set_errno_dos_
0040dd20*      __set_errno_dos_reterr_
0040dd30       __set_errno_nt_
0040dd40*      __set_errno_nt_reterr_
Module: C:\WATCOM\lib386\nt\clib3r.lib(gtcwdwnt.c)
0040dd60       getcwd_
Module: C:\WATCOM\lib386\nt\clib3r.lib(iomodtty.c)
0040ddf0       __ChkTTYIOMode_
0040de30       __IOMode_
Module: C:\WATCOM\lib386\nt\clib3r.lib(ntdosdt.c)
0040de50       __MakeDOSDT_
0040de80*      __FromDOSDT_
Module: C:\WATCOM\lib386\nt\clib3r.lib(d2ttime.c)
0040deb0       _d2ttime_
Module: C:\WATCOM\lib386\nt\clib3r.lib(strerror.c)
0040e250       strerror_
0040e270*      _strerror_
0040e340*      _doserror_
00417d98+      __sys_errlist
00417e3c+      __sys_nerr
Module: C:\WATCOM\lib386\nt\clib3r.lib(cmp386.asm)
0040e370       strcmp_
Module: C:\WATCOM\lib386\nt\clib3r.lib(mbspbrk.c)
0040e4b0       _mbspbrk_
Module: C:\WATCOM\lib386\nt\clib3r.lib(mbsinc.c)
0040e500       _mbsinc_
Module: C:\WATCOM\lib386\nt\clib3r.lib(tolower.c)
0040e530       tolower_
Module: C:\WATCOM\lib386\nt\clib3r.lib(close.c)
0040e540       close_
Module: C:\WATCOM\lib386\nt\clib3r.lib(openwnt.c)
0040e760*      open_
0040e780       sopen_
Module: C:\WATCOM\lib386\nt\flib7.lib(poscc.c)
0040e7b0*      __LineFeedWithFormFeed_
0040e7c0       FSetCC_
Module: C:\WATCOM\lib386\nt\clib3r.lib(unlnkwnt.c)
0040e820       unlink_
Module: C:\WATCOM\lib386\nt\clib3r.lib(chsizwnt.c)
0040e8a0       chsize_
Module: C:\WATCOM\lib386\nt\clib3r.lib(read.c)
0040e990       read_
Module: C:\WATCOM\lib386\nt\flib7.lib(intarith.c)
0040eb20       AddIOFlo_
0040eb30*      SubIOFlo_
0040eb40       MulIOFlo_
Module: C:\WATCOM\lib386\math387r.lib(strtod.c)
0040f063+      __Strtold_
0040f1ca       strtod_
Module: C:\WATCOM\lib386\nt\clib3r.lib(alphabet.c)
004170fc       ___Alphabet
Module: C:\WATCOM\lib386\math387r.lib(ldcvt.c)
0040f3ef       _LDScale10x_
0040f996       __LDcvt_
Module: C:\WATCOM\lib386\nt\clib3r.lib(chipvar)
00417ef0       ___chipbug
00417ef0       __chipbug
Module: C:\WATCOM\lib386\math387r.lib(pow87e.c)
0040fde4       __pow87_err_
Module: C:\WATCOM\lib386\math387r.lib(exp87.asm)
0040fed3*      exp_
0040fe6c*      __@DEXP1
0040fe74*      IF@EXP
0040fe74*      IF@DEXP
0040fe76       __@DEXP
Module: C:\WATCOM\lib386\nt\clib3r.lib(chipd32.asm)
0040fff7       __fdiv_fpr
004104b9*      __fdiv_chk
004104cc*      __fdiv_m32
00410519*      __fdiv_m64
00410566*      __fdiv_m32r
004105b3*      __fdiv_m64r
Module: C:\WATCOM\lib386\nt\clib3r.lib(argcv.c)
00419860       __argc
00419864       __argv
00419868       ___argc
0041986c       ___argv
Module: C:\WATCOM\lib386\nt\clib3r.lib(vsprintf.c)
00410620       vsprintf_
Module: C:\WATCOM\lib386\nt\clib3r.lib(mbterm.c)
00410640       _mbterm_
Module: C:\WATCOM\lib386\nt\clib3r.lib(mbsnextc.c)
00410680       _mbsnextc_
Module: C:\WATCOM\lib386\nt\clib3r.lib(mbcupper.c)
004106c0       _mbctoupper_
Module: C:\WATCOM\lib386\nt\clib3r.lib(nmemneed.c)
004106f0       __nmemneed_
Module: C:\WATCOM\lib386\nt\clib3r.lib(grownear.c)
00410860       __ExpandDGROUP_
Module: C:\WATCOM\lib386\nt\clib3r.lib(abort.c)
00410886*      abort_
00410898       __terminate_
00417f04       ___abort
Module: C:\WATCOM\lib386\nt\clib3r.lib(cntrl87.c)
004108b0       _control87_
Module: C:\WATCOM\lib386\nt\clib3r.lib(mthread.c)
00410a90+      __CloseSemaphore_
00410ad0+      __AccessIOB_
00410ae0+      __ReleaseIOB_
00410af0+      __AccessFileH_
00410b00+      __ReleaseFileH_
00410b10+      __AccessNHeap_
00410b20+      __ReleaseNHeap_
00410b30+      __AccessFHeap_
00410b40+      __ReleaseFHeap_
00410b50+      __AccessTDList_
00410b60+      __ReleaseTDList_
00410b70+      __AccessFList_
00410b80+      __AccessSemaphore_
00410be0+      __ReleaseFList_
00410bf0+      __ReleaseSemaphore_
00410c20+      __MultipleThread_
00410c70+      __AllocInitThreadData_
00410cc0+      __FreeInitThreadData_
00410cd0       __NTThreadInit_
00410d40       __NTAddThread_
00410d90       __NTRemoveThread_
00410e20       __InitMultipleThread_
00417f08+      ___AccessSema4
00417f0c+      ___ReleaseSema4
00417f10+      ___CloseSema4
Module: C:\WATCOM\lib386\nt\clib3r.lib(xmsgwnt.c)
00410fe0+      __exit_with_msg_
00411040       __fatal_runtime_error_
Module: C:\WATCOM\lib386\nt\clib3r.lib(calloc.c)
00411060       calloc_
Module: C:\WATCOM\lib386\nt\clib3r.lib(register.c)
00411090       __initthread_
004110a0*      _beginthread_
004110b0       _endthread_
004110c0*      __RegisterThreadData_
Module: C:\WATCOM\lib386\nt\clib3r.lib(nmsize.c)
00411110       _nmsize_
00411110*      _msize_
Module: C:\WATCOM\lib386\nt\clib3r.lib(nexpand.c)
00411120       _nexpand_
00411120*      _expand_
00411160+      __HeapManager_expand_
Module: C:\WATCOM\lib386\nt\clib3r.lib(dofilstr.c)
00411350       __ParsePosixHandleStr_
Module: C:\WATCOM\lib386\nt\clib3r.lib(clearenv.c)
00411470       clearenv_
Module: C:\WATCOM\lib386\nt\clib3r.lib(__lseek.c)
00411500       __lseek_
Module: C:\WATCOM\lib386\nt\clib3r.lib(stackwnt.c)
00411540       stackavail_
Module: C:\WATCOM\lib386\nt\clib3r.lib(stkwnt.asm)
00411551*      __CHK
00411561*      __STK
00411580       __STKOVERFLOW_
00411590*      __GRO
004115b0*      __alloca_probe
Module: C:\WATCOM\lib386\nt\clib3r.lib(initfile.c)
00411600       __InitFiles_
Module: C:\WATCOM\lib386\nt\clib3r.lib(ioexit.c)
00411700*      fcloseall_
00411710       __full_io_exit_
Module: C:\WATCOM\lib386\nt\clib3r.lib(isattwnt.c)
00411720       isatty_
Module: C:\WATCOM\lib386\nt\clib3r.lib(mktime.c)
00411740       mktime_
Module: C:\WATCOM\lib386\nt\clib3r.lib(strncpy.c)
004117d0       strncpy_
Module: C:\WATCOM\lib386\nt\clib3r.lib(mbschr.c)
00411810       _mbschr_
Module: C:\WATCOM\lib386\nt\clib3r.lib(mbisdbcs.c)
00417f30       ___IsDBCS
Module: C:\WATCOM\lib386\nt\clib3r.lib(mbislead.c)
00411870*      _ismbblead_
00419fdc       ___MBCSIsTable
Module: C:\WATCOM\lib386\nt\clib3r.lib(_clsewnt.c)
00411890       __close_
Module: C:\WATCOM\lib386\nt\clib3r.lib(ntfio.c)
004118f0*      __GetNTCreateAttr_
00411930       __GetNTAccessAttr_
00411960       __GetNTShareAttr_
Module: C:\WATCOM\lib386\nt\clib3r.lib(umaskval.c)
00417f34       ___umaskval
Module: C:\WATCOM\lib386\nt\clib3r.lib(textmode.c)
00417f38       __fmode
Module: C:\WATCOM\lib386\math387r.lib(bufld386.asm)
004119c0       __ZBuf2LD
Module: C:\WATCOM\lib386\math387r.lib(inf_nan.c)
00411a63*      ___f_infinity
00411a67*      ___f_posqnan
00411a6b       ___d_infinity
00411a73       ___d_posqnan
00411a7b*      ___ld_infinity
00411a83*      ___ld_posqnan
Module: C:\WATCOM\lib386\nt\clib3r.lib(hugeval.c)
00411a90       __HugeValue
Module: C:\WATCOM\lib386\math387r.lib(ldclass.c)
00411a98       __LDClass_
00411ae8*      _FLClass_
Module: C:\WATCOM\lib386\nt\clib3r.lib(chipbug.c)
00411b00       __verify_pentium_fdiv_bug_
Module: C:\WATCOM\lib386\nt\clib3r.lib(initargv.c)
00411b60       __Init_Argv_
00411bb0+      _getargv_
00411d50       __Fini_Argv_
Module: C:\WATCOM\lib386\nt\clib3r.lib(prtf.c)
00411d60       __prtf_
Module: C:\WATCOM\lib386\nt\clib3r.lib(mbconv.c)
00412a30       _mbvtop_
Module: C:\WATCOM\lib386\nt\clib3r.lib(amblksiz.c)
00417f3c       __amblksiz
Module: C:\WATCOM\lib386\nt\clib3r.lib(heapen.c)
00412a50*      _heapenable_
00417f40       ___heap_enabled
Module: C:\WATCOM\lib386\nt\clib3r.lib(nheapmin.c)
00412a80       _nheapshrink_
00412a80*      _nheapmin_
00412a80*      _heapmin_
00412a80       _heapshrink_
Module: C:\WATCOM\lib386\nt\clib3r.lib(trdalloc.c)
00412b70       __FiniThreadProcessing_
Module: C:\WATCOM\lib386\nt\clib3r.lib(thredwnt.c)
00412c30       __CBeginThread_
00412cd0       __CEndThread_
Module: C:\WATCOM\lib386\nt\clib3r.lib(strtol.c)
00412f30*      strtoul_
00412f40       strtol_
Module: C:\WATCOM\lib386\nt\clib3r.lib(putenv.c)
00412f50       putenv_
Module: C:\WATCOM\lib386\nt\clib3r.lib(fclose.c)
004130f0+      __doclose_
00413190       __shutdown_stream_
004131b0*      fclose_
0041a0e4+      ___RmTmpFileFn
Module: C:\WATCOM\lib386\nt\clib3r.lib(freefp.c)
00413200       __freefp_
00413250       __purgefp_
Module: C:\WATCOM\lib386\nt\clib3r.lib(locmktim.c)
00413280       __local_mktime_
Module: C:\WATCOM\lib386\nt\clib3r.lib(gmtime.c)
00413400       __brktime_
00413500+      _gmtime_
00413520*      gmtime_
Module: C:\WATCOM\lib386\nt\clib3r.lib(tzset.c)
00417fd0       ___start_dst
00417ff4       ___end_dst
0041811c*      _tzname
00418124       _timezone
00418128       _daylight
0041812c       ___dst_adjust
00413590*      __DontCacheOSTZ_
004135a0*      __CacheOSTZ_
00413a70+      __parse_tz_
00413e60       tzset_
Module: C:\WATCOM\lib386\nt\clib3r.lib(timeutil.c)
00413fd0       __isindst_
Module: C:\WATCOM\lib386\nt\clib3r.lib(mbclen.c)
00414300       _mbclen_
Module: C:\WATCOM\lib386\nt\clib3r.lib(mbccmp.c)
00414330       _mbccmp_
Module: C:\WATCOM\lib386\nt\clib3r.lib(mbinit.c)
004143a6       __mbinit_
00418134       ___MBCodePage
Module: C:\WATCOM\lib386\nt\clib3r.lib(histsplt.c)
0041a0e8       ___historical_splitparms
Module: C:\WATCOM\lib386\nt\clib3r.lib(wctomb.c)
004144a0       wctomb_
Module: C:\WATCOM\lib386\nt\clib3r.lib(itoa.c)
004144e0+      utoa_
00414530       itoa_
Module: C:\WATCOM\lib386\nt\clib3r.lib(noefgfmt.c)
00418138       ___EFG_printf
0041813c*      ___EFG_scanf
Module: C:\WATCOM\lib386\nt\clib3r.lib(lltoa.c)
004145b0       ulltoa_
00414620*      lltoa_
Module: C:\WATCOM\lib386\nt\clib3r.lib(mbslen.c)
00414650       _mbslen_
Module: C:\WATCOM\lib386\nt\clib3r.lib(_putenv.c)
00414680       __putenv_
Module: C:\WATCOM\lib386\nt\clib3r.lib(mbstowcs.c)
00414710       mbstowcs_
Module: C:\WATCOM\lib386\nt\clib3r.lib(_uputenv.c)
00414790       __wputenv_
Module: C:\WATCOM\lib386\nt\clib3r.lib(flush.c)
00414800       __flush_
Module: C:\WATCOM\lib386\nt\clib3r.lib(leapyear.c)
00414900       __leapyear_
0041712c       ___diyr
00417146       ___dilyr
Module: C:\WATCOM\lib386\nt\clib3r.lib(wcstombs.c)
00414940       wcstombs_
Module: C:\WATCOM\lib386\nt\clib3r.lib(_findenv.c)
00414b40       __findenv_
Module: C:\WATCOM\lib386\nt\clib3r.lib(mbtowc.c)
00414c60       mbtowc_
Module: C:\WATCOM\lib386\nt\clib3r.lib(_ufinden.c)
00414db0       __wfindenv_
Module: C:\WATCOM\lib386\nt\clib3r.lib(fsync.c)
00414e50       fsync_
Module: C:\WATCOM\lib386\nt\clib3r.lib(qwrit.c)
00414ea0       __qwrite_
Module: C:\WATCOM\lib386\nt\clib3r.lib(utoupper.c)
00414f80       towupper_


                        +----------------------+
                        |   Imported Symbols   |
                        +----------------------+

Symbol                              Module
======                              ======

_GetVersion@0                       KERNEL32.DLL
_GetModuleHandleA@4                 KERNEL32.DLL
_GetProcAddress@8                   KERNEL32.DLL
_GetModuleFileNameA@12              KERNEL32.DLL
_GetCommandLineA@0                  KERNEL32.DLL
_GetCommandLineW@0                  KERNEL32.DLL
_ExitProcess@4                      KERNEL32.DLL
_RtlUnwind@16                       KERNEL32.DLL
_GetCurrentThreadId@0               KERNEL32.DLL
_SetStdHandle@8                     KERNEL32.DLL
_CreateEventA@16                    KERNEL32.DLL
_GetStdHandle@4                     KERNEL32.DLL
_CloseHandle@4                      KERNEL32.DLL
_GetModuleFileNameW@12              KERNEL32.DLL
_MultiByteToWideChar@24             KERNEL32.DLL
_LoadLibraryA@4                     KERNEL32.DLL
_WriteFile@20                       KERNEL32.DLL
_SetUnhandledExceptionFilter@4      KERNEL32.DLL
_UnhandledExceptionFilter@4         KERNEL32.DLL
_VirtualQuery@12                    KERNEL32.DLL
_MessageBoxA@16                     USER32.DLL
_GetFullPathNameA@16                KERNEL32.DLL
_GetFileType@4                      KERNEL32.DLL
_GetFileInformationByHandle@8       KERNEL32.DLL
_GetFileTime@16                     KERNEL32.DLL
_GetFileSize@8                      KERNEL32.DLL
_CreateFileA@28                     KERNEL32.DLL
_GetLastError@0                     KERNEL32.DLL
_GetDriveTypeA@4                    KERNEL32.DLL
_FindFirstFileA@8                   KERNEL32.DLL
_FindClose@4                        KERNEL32.DLL
_SetConsoleCtrlHandler@8            KERNEL32.DLL
_TlsGetValue@4                      KERNEL32.DLL
_TlsSetValue@8                      KERNEL32.DLL
_SetFilePointer@16                  KERNEL32.DLL
_GetFileAttributesA@4               KERNEL32.DLL
_GetCurrentDirectoryA@8             KERNEL32.DLL
_FileTimeToLocalFileTime@8          KERNEL32.DLL
_FileTimeToDosDateTime@12           KERNEL32.DLL
_DosDateTimeToFileTime@12           KERNEL32.DLL
_LocalFileTimeToFileTime@8          KERNEL32.DLL
_FormatMessageA@28                  KERNEL32.DLL
_DeleteFileA@4                      KERNEL32.DLL
_SetEndOfFile@4                     KERNEL32.DLL
_ReadFile@20                        KERNEL32.DLL
_CharUpperA@4                       USER32.DLL
_VirtualAlloc@16                    KERNEL32.DLL
_InitializeCriticalSection@4        KERNEL32.DLL
_DeleteCriticalSection@4            KERNEL32.DLL
_LeaveCriticalSection@4             KERNEL32.DLL
_EnterCriticalSection@4             KERNEL32.DLL
_SetLastError@4                     KERNEL32.DLL
_TlsAlloc@0                         KERNEL32.DLL
_TlsFree@4                          KERNEL32.DLL
_VirtualFree@12                     KERNEL32.DLL
_CreateThread@24                    KERNEL32.DLL
_ResumeThread@4                     KERNEL32.DLL
_ExitThread@4                       KERNEL32.DLL
_SetEnvironmentVariableA@8          KERNEL32.DLL
_GetTimeZoneInformation@4           KERNEL32.DLL
_GetACP@0                           KERNEL32.DLL
_GetOEMCP@0                         KERNEL32.DLL
_GetCPInfo@8                        KERNEL32.DLL
_WideCharToMultiByte@32             KERNEL32.DLL
_FlushFileBuffers@4                 KERNEL32.DLL


                        +--------------------+
                        |   Libraries Used   |
                        +--------------------+

C:\WATCOM\lib386\nt\kernel32.lib
C:\WATCOM\lib386\nt\user32.lib
C:\WATCOM\lib386\nt\flib7.lib
C:\WATCOM\lib386\math387r.lib
C:\WATCOM\lib386\nt\clib3r.lib
C:\WATCOM\lib386\nt\emu387.lib


                        +-----------------------+
                        |   Linker Statistics   |
                        +-----------------------+

Stack size:  00010000 (65536.)
Memory size:  00027c2e (162862.)
Entry point address: 00401644
Link time: 00:00.28
