Open Watcom Linker Version 2.0 beta Apr  2 2015 09:56:44 (64-bit)
Copyright (c) 2002-2015 The Open Watcom Contributors. All Rights Reserved.
Portions Copyright (c) 1985-2002 Sybase, Inc. All Rights Reserved.
Created on:       15/07/17 14:33:22
Executable Image: PR_2.exe
creating a Windows NT character-mode executable


                        +------------+
                        |   Groups   |
                        +------------+

Group                           Address              Size
=====                           =======              ====

.idata                          00415000             00000708
DGROUP                          00416000             000130f0



                        +--------------+
                        |   Segments   |
                        +--------------+

Segment                Class          Group          Address         Size
=======                =====          =====          =======         ====

BEGTEXT                CODE           AUTO           00401000        00000007
_TEXT                  CODE           AUTO           00401010        00013660
TRANSFER CODE          CODE           AUTO           00414670        00000186
.idata                 .idata         .idata         00415000        00000708
_NULL                  BEGDATA        DGROUP         00416000        00000004
_AFTERNULL             BEGDATA        DGROUP         00416004        00000000
CONST                  DATA           DGROUP         00416010        000001b4
_DATA                  DATA           DGROUP         004161d0        00000ff0
XIB                    DATA           DGROUP         004171c0        00000000
XI                     DATA           DGROUP         004171c0        0000004e
XIE                    DATA           DGROUP         0041720e        00000000
YIB                    DATA           DGROUP         0041720e        00000000
YI                     DATA           DGROUP         0041720e        00000030
YIE                    DATA           DGROUP         0041723e        00000000
CONST2                 DATA           DGROUP         00417240        00000000
TIB                    DATA           DGROUP         00417240        00000000
TI                     DATA           DGROUP         00417240        00000000
TIE                    DATA           DGROUP         00417240        00000000
DATA                   DATA           DGROUP         00417240        00000000
DATA32                 DATA           DGROUP         00417240        0000011c
CONST32                CONST          DGROUP         00418000        00000000
_BSS                   BSS            DGROUP         00418000        000010ec
BSS32                  BSS            DGROUP         004190ec        00000000
STACK                  STACK          DGROUP         004190f0        00010000


                        +----------------+
                        |   Memory Map   |
                        +----------------+

* = unreferenced symbol
+ = symbol only referenced locally

Address        Symbol
=======        ======

Module: PR_2.obj(C:\Users\Samsung\Desktop\2015.1\Comp2\PR_2\PR_2.for)
00401010       FMAIN
Module: C:\WATCOM\lib386\nt\flib7.lib(cowrite.asm)
0040135d       RT@IOWrite
0040136c*      RT@OutLOG1
0040137e*      RT@OutLOG4
0040138c*      RT@OutINT1
0040139e*      RT@OutINT2
004013ae       RT@OutINT4
004013bd*      RT@OutREAL
004013cd       RT@OutDBLE
004013dd*      RT@OutXTND
004013ed*      RT@OutCPLX
00401403*      RT@OutDBCX
00401419*      RT@OutXTCX
0040142f       RT@OutCHAR
00401434*      RT@OutSTR
00401439*      RT@PrtArr
0040143e*      RT@PrtChArr
Module: C:\WATCOM\lib386\nt\flib7.lib(cortns.asm)
00416218*      _FRT_SaveESP
0040144e*      SwitchToGen
0040146c       SwitchToRT
0040148a       RdWrCommon
0040152e       IOType_
0040154c       IOChar
00401567       IOStr
0040157c       IOArr
00401597       IOChArr
004015b9       RT@EndIO
Module: C:\WATCOM\lib386\nt\flib7.lib(coread.asm)
004015c3       RT@IORead
004015d2*      RT@InpLOG1
004015e1*      RT@InpLOG4
004015f0*      RT@InpINT1
004015ff*      RT@InpINT2
0040160e       RT@InpINT4
0040161d*      RT@InpREAL
0040162c       RT@InpDBLE
0040163b*      RT@InpXTND
0040164a*      RT@InpCPLX
00401659*      RT@InpDBCX
00401668*      RT@InpXTCX
00401677*      RT@InpCHAR
0040167c*      RT@InpSTR
00401681*      RT@InpArr
00401686*      RT@InpChArr
Module: C:\WATCOM\lib386\nt\clib3r.lib(cstrtwnt)
0040168c       _cstart_
0040168c*      mainCRTStartup
Module: C:\WATCOM\lib386\nt\clib3r.lib(_8087386.asm)
00416238       __8087
00416239       __real87
Module: C:\WATCOM\lib386\nt\emu387.lib(386stub.asm)
004016e8       __init_387_emulator
004016e9*      __fini_387_emulator
Module: C:\WATCOM\lib386\nt\flib7.lib(initeng.c)
00418000       __init_english
Module: C:\WATCOM\lib386\nt\flib7.lib(initerr.c)
00418004       __init_error
Module: C:\WATCOM\lib386\nt\flib7.lib(exwrite.c)
00401760       DoWrite_
Module: C:\WATCOM\lib386\nt\flib7.lib(setiocb.c)
00401790       RT@SetIOCB
Module: C:\WATCOM\lib386\nt\flib7.lib(rdata.c)
00418010       _IORslt
00418020       _FmtBuff
00418024*      _Fmt_revert
00418028*      _Fmt_start
0041802c*      _Fmt_paren_level
00418030*      _Fmt_charptr
00418034*      _FmtEmStruct
00418038       _IOTypeRtn
0041803c*      _Fmt_end
00418040*      _Fmt_rep_spec
00418044       _FmtRoutine
00418048       _IOCB
0041804c       _Files
00418050*      _Fmt_delimited
Module: C:\WATCOM\lib386\nt\flib7.lib(iomain.c)
00401820       __ReleaseIOSys_
00401840       IOMain_
Module: C:\WATCOM\lib386\nt\clib3r.lib(crwdata)
0041627d       __osmajor
0041627e       __osminor
0041627f       __osbuild
00416281       __osver
00416285       __winmajor
00416289       __winminor
0041628d       __winver
0041624c       __LpDllName
00416250       __LpwCmdLine
00416254       __LpwPgmName
00416258       __LpwDllName
00416244       __LpCmdLine
00416248       __LpPgmName
0041623c*      __dynend
00416240       __curbrk
0041625c*      __STACKLOW
00416260       __STACKTOP
00416264       __ASTACKSIZ
00416268       __ASTACKPTR
0041626c*      __cbyte
00416270*      __cbyte2
00416274*      __child
00416279       __Envptr
00416278       __no87
00416291       ___FPE_handler
Module: C:\WATCOM\lib386\nt\flib7.lib(thrdutil.c)
00401a50*      __InitMultiThreadIO_
0041629c       ___SwitchStkLow
Module: C:\WATCOM\lib386\nt\flib7.lib(exread.c)
00401ae0       DoRead_
Module: C:\WATCOM\lib386\nt\clib3r.lib(main2wnt.c)
00401b10       __NTMain
Module: C:\WATCOM\lib386\nt\clib3r.lib(segdefns)
00401003       ___begtext
00416000*      __nullarea
004171c0       __Start_XI
0041720e       __End_XI
0041720e       __Start_YI
0041723e       __End_YI
Module: C:\WATCOM\lib386\nt\clib3r.lib(chk8087.c)
00401b90*      _fpreset_
00401bd0       __chk8087_
00401be0*      __init_8087_
Module: C:\WATCOM\lib386\nt\flib7.lib(english.c)
00401c30       __UseEnglishCharSet_
Module: C:\WATCOM\lib386\nt\flib7.lib(errincl.c)
00401d40       __InitError_
004162a0+      _PGroupTable
004162a4+      _PErrWord
Module: C:\WATCOM\lib386\nt\flib7.lib(rdwr.c)
00401d60+      DoOpen_
00401d90+      _AllocBuffer_
00401dd0       IOPrologue_
00402010       UpdateRecNum_
Module: C:\WATCOM\lib386\nt\flib7.lib(unfmtout.c)
00402130       UnFmtOut_
Module: C:\WATCOM\lib386\nt\flib7.lib(freeout.c)
00402580       FreeOut_
004162a8+      _OutRtn
Module: C:\WATCOM\lib386\nt\flib7.lib(rtutls.c)
00402680       FindFtnFile_
00402770       RChkAlloc_
004027a0       F_Connect_
00402820       ConnectFile_
00402830*      GetFileInfo_
00402920       DiscoFile_
00402990*      ChkFileName_
004029c0+      ChkLogFile_
00402a00       ChkIOOperation_
00402a40       GetIOErr_
00402a50       ChkIOErr_
00402a70       ChkUnitId_
00402ab0*      ChkConnected_
00402ad0       SetEOF_
00402b00       ClearEOF_
00402b40       SysEOF_
00402b70       IsFixed_
00402b80       IsCarriage_
00402b90*      ChkRecordStructure_
00402bc0*      ChkSequential_
00402be0*      ChkExist_
00402c10*      StrItem_
Module: C:\WATCOM\lib386\nt\flib7.lib(rtinit.c)
004162dc       ___FAppType
004162e0       __ExceptionInit
004162e4       __ExceptionFini
00402c50*      __InitFThreadData_
00402c90+      RTSysFini_
00402ca0       RTSysInit_
004162ec       __AccessFIO
004162f0       __ReleaseFIO
004162f4       __PartialReleaseFIO
00418058       ___FThreadDataOffset
004171de*      ___fthread_data_size
Module: C:\WATCOM\lib386\nt\clib3r.lib(mainwnt.c)
004162f8       ___TlsIndex
004162fc       ___FirstThreadData
00416300       ___GetThreadPtr
00416304       __AccessFileH
00416308       __ReleaseFileH
0041630c       __AccessIOB
00416310       __ReleaseIOB
00416314       __AccessNHeap
00416318       __AccessFHeap
0041631c       __ReleaseNHeap
00402d60*      __threadid_
00402d80+      __sig_null_rtn_
00402d90+      __NTInit_
00402fa0+      __NTFini_
00403020       __NTMainInit_
00403080       __exit_
00416320       __ReleaseFHeap
00416324       __AccessTDList
00416328       __ReleaseTDList
0041632c       __AccessFList
00416330       __ReleaseFList
00416334       __ThreadExitRtn
00416338       ___sig_init_rtn
0041633c       ___sig_fini_rtn
00416340       ___process_fini
00418064       ___Is_DLL
Module: C:\WATCOM\lib386\nt\flib7.lib(ioinit.c)
004030e0       IOSysInit_
Module: C:\WATCOM\lib386\nt\flib7.lib(rterr.c)
00416348+      _TraceRoutine
00403130+      FlushStdUnit_
00403180+      WriteErr_
00403250       ErrHandler_
00403290       RTErr_
00416354+      LG@ERR_HOOK
Module: C:\WATCOM\lib386\nt\flib7.lib(spawn.c)
004032c0       Spawn_
00403320       Suicide_
Module: C:\WATCOM\lib386\nt\flib7.lib(rtsysutl.c)
00403360       GetSysIOInfo_
00403380       GetSysFileInfo_
004033b0*      IsDevice_
00403580       OpenAction_
004035c0*      DfltRecType_
004035e0+      _FileAttrs_
004036a0       CloseFile_
00403710       Scrtched_
00403730*      CloseDeleteFile_
00403780       Errf_
004037a0       FPutBuff_
00403810       FGetBuff_
00403860       SeekFile_
00403880       NoEOF_
00403890       SysClearEOF_
004038a0*      SameFile_
004038b0*      Rewindf_
004038d0*      SysCreateFile_
00403910       CheckLogicalRecord_
00403930       SkipLogicalRecord_
00403950*      BackSpacef_
00403980*      EndFilef_
004039c0       GetIOErrMsg_
00403a00       ReportNExist_
00403a20       ReportEOF_
00403a30*      WaitForEnter_
Module: C:\WATCOM\lib386\nt\flib7.lib(unfmtin.c)
00403a40       UnFmtIn_
00403ae0+      NextUnFmtRec_
Module: C:\WATCOM\lib386\nt\flib7.lib(freein.c)
00403ec0+      GetNum_
004040c0       FreeIn_
004040d0*      DoFreeIn_
00404100+      BumpComma_
00404130+      Blanks_
00404150+      CheckEor_
Module: C:\WATCOM\lib386\nt\clib3r.lib(initrtns.c)
00404770       __InitRtns
004047c0       __FiniRtns
Module: C:\WATCOM\lib386\nt\clib3r.lib(mthrdini.c)
00404820       __InitThreadData_
00416358       ___ThreadDataSize
Module: C:\WATCOM\lib386\nt\clib3r.lib(memset.c)
00404850       memset_
Module: C:\WATCOM\lib386\nt\clib3r.lib(cmain386.c)
00404870       __CMain
Module: C:\WATCOM\lib386\nt\clib3r.lib(dosseg)
00001234       __DOSseg__
Module: C:\WATCOM\lib386\nt\clib3r.lib(8087cw.c)
0041635c       __8087cw
Module: C:\WATCOM\lib386\nt\clib3r.lib(save8087.c)
00416360       ___Save8087
00416364       ___Rest8087
Module: C:\WATCOM\lib386\nt\clib3r.lib(ini87386.asm)
004048b4       __x87id
Module: C:\WATCOM\lib386\nt\flib7.lib(csetinfo.c)
00418680       _CharSetInfo
Module: C:\WATCOM\lib386\nt\flib7.lib(errmsg.c)
00404c20       _GroupTable
00404cd0       _ErrWord
Module: C:\WATCOM\lib386\nt\flib7.lib(blderr.c)
00405390       Substitute_
00405560       ErrCodOrg_
Module: C:\WATCOM\lib386\nt\flib7.lib(errrtns.c)
00418694       ___ErrorFini
00418698       ___ErrorInit
0041869c       ___BldErrMsg
Module: C:\WATCOM\lib386\nt\flib7.lib(sdfile.c)
00416368*      _FFCtrlSeq
0041636a*      _SkipCtrlSeq
0041636c       _NormalCtrlSeq
0041636e       _SDTermIn
00416372       _SDTermOut
00416376*      _SDPrtName
Module: C:\WATCOM\lib386\nt\flib7.lib(ioerr.c)
004055a0       IOErr_
Module: C:\WATCOM\lib386\nt\flib7.lib(wrutils.c)
00405630       F_SendData_
00405690*      SendLine_
004056a0       SendEOR_
00405730*      SendInt_
00405760       SendStr_
00405780+      SendWSLStr_
004057a0       SendChar_
004057c0       Drop_
00405980       IOItemResult_
Module: C:\WATCOM\lib386\nt\flib7.lib(unfmtutl.c)
00405a00       _SizeVars
Module: C:\WATCOM\lib386\nt\flib7.lib(undefcg.c)
00405aa0       OutLogCG_
00405ab0       OutIntCG_
00405af0+      FmtRealCG_
00405b20+      FmtDoubleCG_
00405b50+      FmtExtendedCG_
00405b80+      UndefIntCG_
00405b80+      UndefLogCG_
00405b80+      UndefExtendedCG_
00405b80+      UndefDoubleCG_
00405b80+      UndefRealCG_
00405b90+      GetRealCG_
0041637c       _FmtRealRtn
00416380       _FmtDoubleRtn
00416384       _FmtExtendedRtn
00416388       _SendStrRtn
0041638c       _UndefRealRtn
00416390       _UndefDoubleRtn
00416394       _UndefExtendedRtn
00416398       _UndefLogRtn
0041639c       _UndefIntRtn
004163a0       _GetRealRtn
Module: C:\WATCOM\lib386\nt\flib7.lib(cctrl.c)
00405ba0       CheckCCtrl_
Module: C:\WATCOM\lib386\nt\flib7.lib(fdutil.c)
00405c10       LocFile_
00405c20       LocUnit_
00405c50       ExtractInfo_
Module: C:\WATCOM\lib386\nt\flib7.lib(rstdio.c)
00405d80       _InitStandardInput_
00405db0       _InitStandardOutput_
Module: C:\WATCOM\lib386\nt\flib7.lib(rmemmgr.c)
00405de0       RMemAlloc_
00405df0       RMemFree_
Module: C:\WATCOM\lib386\nt\flib7.lib(deffname.c)
004163a4       _DefFName
Module: C:\WATCOM\lib386\nt\flib7.lib(stracc.c)
00405e00       TrimStr_
00405e40       GetStr_
Module: C:\WATCOM\lib386\nt\flib7.lib(rttraps.c)
00405f60       __EnableF77RTExceptionHandling_
00405f70       R_TrapInit_
00406000       R_TrapFini_
00406010*      __InitExceptionVectors_
Module: C:\WATCOM\lib386\nt\clib3r.lib(nodefwin.c)
004163ac*      __WindowsIsWindowedHandle
004163b0*      __WindowsRemoveWindowedHandle
004163b4*      __WindowsNewWindow
004163b8*      __WindowsCloseWindow
004163bc*      __WindowsSetAbout
004163c0*      __WindowsSetAppTitle
004163c4*      __WindowsSetConTitle
004163c8*      __WindowsDestroyOnClose
004163cc*      __WindowsYieldControl
004163d0*      __WindowsShutDown
004163d4*      __WindowsStdin
004163d8       __WindowsStdout
004163dc*      __WindowsKbhit
004163e0*      __WindowsGetch
004163e4*      __WindowsGetche
004163e8*      __WindowsPutch
00406030*      _dwShutDown_
00406030*      _dwYield_
00406030*      _dwSetConTitle_
00406030*      _dwSetAppTitle_
00406030*      _dwSetAboutDlg_
00406030       _dwDeleteOnClose_
004163ec*      __WindowsExitRtn
004186a0*      __init_default_win
Module: C:\WATCOM\lib386\nt\clib3r.lib(atexit.c)
00406033       atexit_
Module: C:\WATCOM\lib386\nt\clib3r.lib(regdata.c)
00406090       __RegisterThreadDataSize_
Module: C:\WATCOM\lib386\nt\clib3r.lib(hdlman.c)
004163f0+      ___NHandles
004163f4+      ___OSHandles
004163f8+      ___FakeHandles
004060c0+      __growPOSIXHandles_
00406160       __allocPOSIXHandle_
00406220       __freePOSIXHandle_
00406240       __getOSHandle_
00406250       __setOSHandle_
004062a0+      __NTGetFakeHandle_
00406310       __initPOSIXHandles_
004063f0*      __set_handles_
00406400*      _grow_handles_
Module: C:\WATCOM\lib386\nt\clib3r.lib(environ.c)
00418728       ___env_mask
0041872c       _environ
00418730       __wenviron
Module: C:\WATCOM\lib386\nt\clib3r.lib(getmodfn.c)
00406440       __lib_GetModuleFileNameW_
Module: C:\WATCOM\lib386\nt\clib3r.lib(strdup.c)
004064e0       __clib_strdup_
Module: C:\WATCOM\lib386\nt\clib3r.lib(istable.c)
00406520       __IsTable
Module: C:\WATCOM\lib386\nt\clib3r.lib(ustrdup.c)
00406621       __clib_wcsdup_
Module: C:\WATCOM\lib386\nt\clib3r.lib(nfree.c)
00406650       _nfree_
00406650       free_
00418734       ___MiniHeapFreeRover
Module: C:\WATCOM\lib386\nt\clib3r.lib(excptwnt.c)
00406dc0+      ___ReportException@4
00407210       __DefaultExceptionHandler_
00407250+      ___ExceptionFilter
00407460       __NewExceptionFilter_
00407490       __DoneExceptionFilter_
00416404       ___oscode_check_func
00416408       ___raise_func
00418738*      _sw
0041873c       ___ExceptionHandled
0041873d+      ___ReportInvoked
Module: C:\WATCOM\lib386\nt\clib3r.lib(stklmwnt.c)
004074d0       __init_stack_limits_
Module: C:\WATCOM\lib386\nt\flib7.lib(runmain.c)
00407540*      __InitUnit6CC_
00407550       __DevicesCC_
00407560*      __InitAllowCommaSeparator_
00407570       __AllowCommaSep_
00407580+      _InitIO_
004075f0+      CloseAllFiles_
00407630*      _FiniEx_
00407630       RunExit_
00407670       RunEntry_
Module: C:\WATCOM\lib386\nt\flib7.lib(posdat.c)
00416604       _FStdIn
00416608       _FStdOut
0041660c       _FStdErr
Module: C:\WATCOM\lib386\nt\flib7.lib(posflush.c)
004076a0       FlushBuffer_
Module: C:\WATCOM\lib386\nt\flib7.lib(errutil.c)
00407750       BldErrCode_
004077b0*      MsgFormat_
004077e0*      MsgBuffer_
00416610+      _PGrpCodes
Module: C:\WATCOM\lib386\nt\clib3r.lib(enterdb.c)
00407810       __EnterWVIDEO_
00416614       ___WD_Present
Module: C:\WATCOM\lib386\nt\flib7.lib(stdio.c)
00407850       StdBuffer_
00407870+      StdWrite_
00407950       StdFlush_
00407980       StdWriteNL_
Module: C:\WATCOM\lib386\nt\clib3r.lib(stjmp386.asm)
004079a8       _setjmp_
004079e1       longjmp_
Module: C:\WATCOM\lib386\nt\clib3r.lib(exit.c)
00407a63+      __null_int23_exit_
00407a64       exit_
00407ab4*      _exit_
00416a20+      ___int23_exit
00416a24+      ___FPE_handler_exit
Module: C:\WATCOM\lib386\nt\clib3r.lib(accsswnt.c)
00407ad0       access_
Module: C:\WATCOM\lib386\nt\clib3r.lib(fullpath.c)
00407b10+      _sys_fullpath_
00407b90       _fullpath_
Module: C:\WATCOM\lib386\nt\clib3r.lib(fstatwnt.c)
00407c00       fstat_
Module: C:\WATCOM\lib386\nt\flib7.lib(poserr.c)
00407f60       Errorf_
00407f80*      EOFile_
00407fa0       ErrorMsg_
00407fe0       FSetTrunc_
00407ff0       FSetSysErr_
00408010       FSetErr_
00408030       FSetEof_
00408050       IOOk_
Module: C:\WATCOM\lib386\nt\clib3r.lib(statwnt.c)
00408175       stat_
Module: C:\WATCOM\lib386\nt\flib7.lib(posopen.c)
004083b0       InitStd_
00408470       SetIOBufferSize_
00408490+      _AllocFile_
00408580       Openf_
00408680       Closef_
Module: C:\WATCOM\lib386\nt\flib7.lib(posdel.c)
00408700       Scratchf_
Module: C:\WATCOM\lib386\nt\flib7.lib(posput.c)
00408720       FPutRec_
00408760       ChopFile_
004087b0*      PutRec_
004088d0       writebytes_
00408950       SysWrite_
Module: C:\WATCOM\lib386\nt\flib7.lib(posget.c)
00408a90       readbytes_
00408b60       SysRead_
00408fc0       FGetRec_
00408ff0*      GetRec_
00409010       GetStdChar_
00409060       FCheckLogical_
004090e0       FSkipLogical_
004091b0*      FGetVarRecLen_
Module: C:\WATCOM\lib386\nt\flib7.lib(posseek.c)
004092a0       FSeekRec_
004092e0       CurrFileOffset_
004092e0       FGetFilePos_
00409300       SysSeek_
004094f0*      FSeekAbs_
Module: C:\WATCOM\lib386\nt\clib3r.lib(stricmp.c)
00409500       stricmp_
Module: C:\WATCOM\lib386\nt\flib7.lib(posrew.c)
00409540       FRewind_
Module: C:\WATCOM\lib386\nt\flib7.lib(posback.c)
004095b0       FBackspace_
Module: C:\WATCOM\lib386\nt\flib7.lib(postrunc.c)
00409680       FTruncate_
Module: C:\WATCOM\lib386\nt\clib3r.lib(errno.c)
004096a0       __get_errno_ptr_
004096b0*      __get_doserrno_ptr_
Module: C:\WATCOM\lib386\nt\flib7.lib(rdutils.c)
004096c0       NextRec_
Module: C:\WATCOM\lib386\nt\flib7.lib(arrayio.c)
00409860       ArrayIOType_
Module: C:\WATCOM\lib386\nt\clib3r.lib(toupper.c)
004098e0       toupper_
Module: C:\WATCOM\lib386\nt\flib7.lib(chrutils.c)
004098f0       JmpBlanks_
Module: C:\WATCOM\lib386\nt\flib7.lib(fmtcnvt.c)
00409920       FmtS2I_
00409a60       FmtS2F_
Module: C:\WATCOM\lib386\nt\clib3r.lib(__stos.asm)
00409e40       __STOSB
00409e77*      __STOSD
Module: C:\WATCOM\lib386\nt\clib3r.lib(cinit.c)
00409ef0       __CommonInit_
Module: C:\WATCOM\lib386\nt\clib3r.lib(___argc.c)
00418744       ____Argc
00418748       ____Argv
Module: C:\WATCOM\lib386\nt\flib7.lib(rtmain.c)
00409f00       main_
Module: C:\WATCOM\lib386\nt\clib3r.lib(memmove.c)
00409f20       memmove_
Module: C:\WATCOM\lib386\nt\clib3r.lib(sprintf.c)
00409f80       sprintf_
Module: C:\WATCOM\lib386\nt\flib7.lib(ifile.c)
00409fb0       SendIFBuff_
00409fe0       NextIFBuff_
Module: C:\WATCOM\lib386\nt\clib3r.lib(ltoa.c)
0040a010       ultoa_
0040a060       ltoa_
Module: C:\WATCOM\lib386\nt\flib7.lib(expchk.c)
0040a090       ToFFormat_
Module: C:\WATCOM\lib386\nt\flib7.lib(fmtrtns.c)
0040a0e0       R_F2E_
0040a250       R_F2F_
0040a3e0       SetMaxPrec_
Module: C:\WATCOM\lib386\nt\flib7.lib(rfmtlog.c)
0040a400       R_FmtLog_
Module: C:\WATCOM\lib386\nt\flib7.lib(rfmtutil.c)
0040a460+      R_ChkType_
0040a490*      R_NewRec_
0040a4d0*      R_ChkIType_
0040a500*      R_ChkFType_
0040a530*      R_ChkRecLen_
0040a550+      GetLen_
0040a590*      R_FOStr_
0040a5a0*      FOString_
0040a610*      R_FIStr_
0040a6d0+      R_FOLog_
0040a720*      R_FILog_
0040a800*      R_FIFloat_
0040a9f0       GetReal_
0040ab00*      R_FOF_
0040ab80*      R_FOE_
0040acc0+      FmtH2B_
0040adb0*      R_FIHex_
0040af30*      R_FOHex_
0040af40*      FOHex_
0040b040*      R_FIInt_
0040b150*      R_FOInt_
0040b3b0*      R_FOG_
0040b630+      ChkBuffLen_
Module: C:\WATCOM\lib386\nt\clib3r.lib(getenv.c)
0040b660       getenv_
Module: C:\WATCOM\lib386\nt\clib3r.lib(nmalloc.c)
0040b700       _nmalloc_
0040b700       malloc_
00416a30       ___nheapbeg
00416a34       ___MiniHeapRover
00416a38       ___LargestSizeB4MiniHeapRover
Module: C:\WATCOM\lib386\nt\clib3r.lib(signlwnt.c)
00416a3c+      __SignalTable
0040b800+      __SetSignalFunc_
0040b850+      __GetSignalFunc_
0040b880+      __GetSignalOSCode_
0040b8b0+      __CheckSignalExCode_
0040b9f0+      __sigabort_
0040ba00       __sigfpe_handler_
0040ba50       signal_
0040bae0+      raise_
0040bb50+      __SigInit_
0040bba0+      __SigFini_
0040bbe0+      __sig_init_
Module: C:\WATCOM\lib386\nt\flib7.lib(fptraps.c)
0040bcc0*      __MaskDefaultFPE_
0040bce0       FPTrapInit_
0040bd10       FPTrapFini_
Module: C:\WATCOM\lib386\nt\clib3r.lib(trdlist.c)
0040bd80       __GetThreadData_
0040bdd0       __ReallocThreadData_
0040bec0       __AddThreadData_
0040bf40       __RemoveThreadData_
0040bfa0       __ResizeThreadDataList_
0040bfd0       __FreeThreadDataList_
0040c000*      __ActiveThreads_
Module: C:\WATCOM\lib386\nt\clib3r.lib(seterrno.c)
0040c017       __set_errno_
0040c025*      __set_EDOM_
0040c033       __set_ERANGE_
0040c041*      __set_EINVAL_
0040c054       __set_doserrno_
Module: C:\WATCOM\lib386\nt\clib3r.lib(nrealloc.c)
0040c070*      _nrealloc_
0040c070       realloc_
Module: C:\WATCOM\lib386\nt\clib3r.lib(iomode.c)
0040c0f0       __GetIOMode_
0040c110       __SetIOMode_nogrow_
00416aa8       ___NFiles
00416aac       ___init_mode
00416afc       ___io_mode
Module: C:\WATCOM\lib386\nt\clib3r.lib(stiomode.c)
0040c130       __grow_iomode_
0040c200+      __shrink_iomode_
0040c240       __SetIOMode_
Module: C:\WATCOM\lib386\nt\clib3r.lib(setenvp.c)
0040c2c0       __setenvp_
0040c390       __freeenvp_
Module: C:\WATCOM\lib386\nt\clib3r.lib(ustrlen.c)
0040c3dd       wcslen_
Module: C:\WATCOM\lib386\nt\clib3r.lib(memcpy.c)
0040c3f0       memcpy_
Module: C:\WATCOM\lib386\nt\clib3r.lib(mem.c)
0040c410       __MemAllocator
0040c4c0       __MemFree
Module: C:\WATCOM\lib386\nt\clib3r.lib(conutwnt.c)
0040c610*      __NTRealKey_
0040c6c0*      __NTConsoleInput_
0040c6d0       __NTConsoleOutput_
Module: C:\WATCOM\lib386\nt\clib3r.lib(fclex387.c)
0040c6e0       _ClearFPE_
Module: C:\WATCOM\lib386\nt\clib3r.lib(lseek.c)
0040c6f0       lseek_
Module: C:\WATCOM\lib386\nt\clib3r.lib(write.c)
0040c990       write_
Module: C:\WATCOM\lib386\nt\flib7.lib(errgrp.c)
0040cbf0       _GrpCodes
Module: C:\WATCOM\lib386\nt\clib3r.lib(iob.c)
00416b08       ___iob
00418758       ___OpenStreams
0041875c       ___ClosedStreams
Module: C:\WATCOM\lib386\nt\clib3r.lib(setmd.c)
0040cc80       setmode_
Module: C:\WATCOM\lib386\nt\clib3r.lib(ljmphdl.c)
00416d10       ___longjmp_handler
Module: C:\WATCOM\lib386\nt\clib3r.lib(fgtattr.c)
0040cd80       __fixed_GetFileAttributesA_
Module: C:\WATCOM\lib386\nt\clib3r.lib(dosret.c)
0040ce20*      __dosretax
0040ce30*      __dosret0
0040ce40       __set_errno_dos_
0040ce70*      __set_errno_dos_reterr_
0040ce80       __set_errno_nt_
0040ce90*      __set_errno_nt_reterr_
Module: C:\WATCOM\lib386\nt\clib3r.lib(gtcwdwnt.c)
0040ceb0       getcwd_
Module: C:\WATCOM\lib386\nt\clib3r.lib(iomodtty.c)
0040cf40       __ChkTTYIOMode_
0040cf80       __IOMode_
Module: C:\WATCOM\lib386\nt\clib3r.lib(ntdosdt.c)
0040cfa0       __MakeDOSDT_
0040cfd0*      __FromDOSDT_
Module: C:\WATCOM\lib386\nt\clib3r.lib(d2ttime.c)
0040d000       _d2ttime_
Module: C:\WATCOM\lib386\nt\clib3r.lib(strerror.c)
0040d3a0       strerror_
0040d3c0*      _strerror_
0040d490*      _doserror_
00416e18+      __sys_errlist
00416ebc+      __sys_nerr
Module: C:\WATCOM\lib386\nt\clib3r.lib(cmp386.asm)
0040d4c0       strcmp_
Module: C:\WATCOM\lib386\nt\clib3r.lib(mbspbrk.c)
0040d600       _mbspbrk_
Module: C:\WATCOM\lib386\nt\clib3r.lib(mbsinc.c)
0040d650       _mbsinc_
Module: C:\WATCOM\lib386\nt\clib3r.lib(tolower.c)
0040d680       tolower_
Module: C:\WATCOM\lib386\nt\clib3r.lib(close.c)
0040d690       close_
Module: C:\WATCOM\lib386\nt\clib3r.lib(openwnt.c)
0040d8b0*      open_
0040d8d0       sopen_
Module: C:\WATCOM\lib386\nt\flib7.lib(poscc.c)
0040d900*      __LineFeedWithFormFeed_
0040d910       FSetCC_
Module: C:\WATCOM\lib386\nt\clib3r.lib(unlnkwnt.c)
0040d970       unlink_
Module: C:\WATCOM\lib386\nt\clib3r.lib(chsizwnt.c)
0040d9f0       chsize_
Module: C:\WATCOM\lib386\nt\clib3r.lib(read.c)
0040dae0       read_
Module: C:\WATCOM\lib386\nt\flib7.lib(intarith.c)
0040dc70       AddIOFlo_
0040dc80*      SubIOFlo_
0040dc90       MulIOFlo_
Module: C:\WATCOM\lib386\math387r.lib(strtod.c)
0040e1b3+      __Strtold_
0040e31a       strtod_
Module: C:\WATCOM\lib386\nt\clib3r.lib(argcv.c)
00418860       __argc
00418864       __argv
00418868       ___argc
0041886c       ___argv
Module: C:\WATCOM\lib386\nt\clib3r.lib(vsprintf.c)
0040e480       vsprintf_
Module: C:\WATCOM\lib386\nt\clib3r.lib(alphabet.c)
00416160       ___Alphabet
Module: C:\WATCOM\lib386\math387r.lib(ldcvt.c)
0040e57f       _LDScale10x_
0040eb26       __LDcvt_
Module: C:\WATCOM\lib386\nt\flib7.lib(flt86.c)
0040ef80       _P1d100
0040ef88       _P1d_99
Module: C:\WATCOM\lib386\math387r.lib(pow87.asm)
0040f0e9*      pow_
0040ef90       IF@DPOW
0040ef90*      IF@POW
Module: C:\WATCOM\lib386\nt\flib7.lib(hexcnv.c)
0040f110       Hex_
0040f130*      HSToB_
0040f1a0       BToHS_
Module: C:\WATCOM\lib386\nt\clib3r.lib(strupr.c)
0040f1f0       strupr_
Module: C:\WATCOM\lib386\nt\clib3r.lib(mbterm.c)
0040f210       _mbterm_
Module: C:\WATCOM\lib386\nt\clib3r.lib(mbsnextc.c)
0040f250       _mbsnextc_
Module: C:\WATCOM\lib386\nt\clib3r.lib(mbcupper.c)
0040f290       _mbctoupper_
Module: C:\WATCOM\lib386\nt\clib3r.lib(nmemneed.c)
0040f2c0       __nmemneed_
Module: C:\WATCOM\lib386\nt\clib3r.lib(grownear.c)
0040f430       __ExpandDGROUP_
Module: C:\WATCOM\lib386\nt\clib3r.lib(abort.c)
0040f456*      abort_
0040f468       __terminate_
00416f70       ___abort
Module: C:\WATCOM\lib386\nt\clib3r.lib(cntrl87.c)
0040f480       _control87_
Module: C:\WATCOM\lib386\nt\clib3r.lib(mthread.c)
0040f660+      __CloseSemaphore_
0040f6a0+      __AccessIOB_
0040f6b0+      __ReleaseIOB_
0040f6c0+      __AccessFileH_
0040f6d0+      __ReleaseFileH_
0040f6e0+      __AccessNHeap_
0040f6f0+      __ReleaseNHeap_
0040f700+      __AccessFHeap_
0040f710+      __ReleaseFHeap_
0040f720+      __AccessTDList_
0040f730+      __ReleaseTDList_
0040f740+      __AccessFList_
0040f750+      __AccessSemaphore_
0040f7b0+      __ReleaseFList_
0040f7c0+      __ReleaseSemaphore_
0040f7f0+      __MultipleThread_
0040f840+      __AllocInitThreadData_
0040f890+      __FreeInitThreadData_
0040f8a0       __NTThreadInit_
0040f910       __NTAddThread_
0040f960       __NTRemoveThread_
0040f9f0       __InitMultipleThread_
00416f74+      ___AccessSema4
00416f78+      ___ReleaseSema4
00416f7c+      ___CloseSema4
Module: C:\WATCOM\lib386\nt\clib3r.lib(xmsgwnt.c)
0040fbb0+      __exit_with_msg_
0040fc10       __fatal_runtime_error_
Module: C:\WATCOM\lib386\nt\clib3r.lib(calloc.c)
0040fc30       calloc_
Module: C:\WATCOM\lib386\nt\clib3r.lib(register.c)
0040fc60       __initthread_
0040fc70*      _beginthread_
0040fc80       _endthread_
0040fc90*      __RegisterThreadData_
Module: C:\WATCOM\lib386\nt\clib3r.lib(nmsize.c)
0040fce0       _nmsize_
0040fce0*      _msize_
Module: C:\WATCOM\lib386\nt\clib3r.lib(nexpand.c)
0040fcf0       _nexpand_
0040fcf0*      _expand_
0040fd30+      __HeapManager_expand_
Module: C:\WATCOM\lib386\nt\clib3r.lib(dofilstr.c)
0040ff20       __ParsePosixHandleStr_
Module: C:\WATCOM\lib386\nt\clib3r.lib(clearenv.c)
00410040       clearenv_
Module: C:\WATCOM\lib386\nt\clib3r.lib(__lseek.c)
004100d0       __lseek_
Module: C:\WATCOM\lib386\nt\clib3r.lib(stackwnt.c)
00410110       stackavail_
Module: C:\WATCOM\lib386\nt\clib3r.lib(stkwnt.asm)
00410121*      __CHK
00410131*      __STK
00410150       __STKOVERFLOW_
00410160*      __GRO
00410180*      __alloca_probe
Module: C:\WATCOM\lib386\nt\clib3r.lib(initfile.c)
004101d0       __InitFiles_
Module: C:\WATCOM\lib386\nt\clib3r.lib(ioexit.c)
004102d0*      fcloseall_
004102e0       __full_io_exit_
Module: C:\WATCOM\lib386\nt\clib3r.lib(isattwnt.c)
004102f0       isatty_
Module: C:\WATCOM\lib386\nt\clib3r.lib(mktime.c)
00410310       mktime_
Module: C:\WATCOM\lib386\nt\clib3r.lib(strncpy.c)
004103a0       strncpy_
Module: C:\WATCOM\lib386\nt\clib3r.lib(mbschr.c)
004103e0       _mbschr_
Module: C:\WATCOM\lib386\nt\clib3r.lib(mbisdbcs.c)
00416f9c       ___IsDBCS
Module: C:\WATCOM\lib386\nt\clib3r.lib(mbislead.c)
00410440*      _ismbblead_
00418fdc       ___MBCSIsTable
Module: C:\WATCOM\lib386\nt\clib3r.lib(_clsewnt.c)
00410460       __close_
Module: C:\WATCOM\lib386\nt\clib3r.lib(ntfio.c)
004104c0*      __GetNTCreateAttr_
00410500       __GetNTAccessAttr_
00410530       __GetNTShareAttr_
Module: C:\WATCOM\lib386\nt\clib3r.lib(umaskval.c)
00416fa0       ___umaskval
Module: C:\WATCOM\lib386\nt\clib3r.lib(textmode.c)
00416fa4       __fmode
Module: C:\WATCOM\lib386\math387r.lib(bufld386.asm)
00410590       __ZBuf2LD
Module: C:\WATCOM\lib386\math387r.lib(inf_nan.c)
00410633*      ___f_infinity
00410637*      ___f_posqnan
0041063b       ___d_infinity
00410643       ___d_posqnan
0041064b*      ___ld_infinity
00410653*      ___ld_posqnan
Module: C:\WATCOM\lib386\nt\clib3r.lib(hugeval.c)
00410660       __HugeValue
Module: C:\WATCOM\lib386\nt\clib3r.lib(initargv.c)
00410670       __Init_Argv_
004106c0+      _getargv_
00410860       __Fini_Argv_
Module: C:\WATCOM\lib386\nt\clib3r.lib(prtf.c)
00410870       __prtf_
Module: C:\WATCOM\lib386\math387r.lib(ldclass.c)
00411534       __LDClass_
00411584*      _FLClass_
Module: C:\WATCOM\lib386\nt\clib3r.lib(chipvar)
00416fa8       ___chipbug
00416fa8       __chipbug
Module: C:\WATCOM\lib386\math387r.lib(pow87e.c)
00411594       __pow87_err_
Module: C:\WATCOM\lib386\math387r.lib(exp87.asm)
00411683*      exp_
0041161c*      __@DEXP1
00411624*      IF@EXP
00411624*      IF@DEXP
00411626       __@DEXP
Module: C:\WATCOM\lib386\nt\clib3r.lib(chipd32.asm)
004117a7       __fdiv_fpr
00411c69*      __fdiv_chk
00411c7c*      __fdiv_m32
00411cc9*      __fdiv_m64
00411d16*      __fdiv_m32r
00411d63*      __fdiv_m64r
Module: C:\WATCOM\lib386\nt\clib3r.lib(mbconv.c)
00411db0       _mbvtop_
Module: C:\WATCOM\lib386\nt\clib3r.lib(amblksiz.c)
00416fbc       __amblksiz
Module: C:\WATCOM\lib386\nt\clib3r.lib(heapen.c)
00411dd0*      _heapenable_
00416fc0       ___heap_enabled
Module: C:\WATCOM\lib386\nt\clib3r.lib(nheapmin.c)
00411e00       _nheapshrink_
00411e00*      _nheapmin_
00411e00*      _heapmin_
00411e00       _heapshrink_
Module: C:\WATCOM\lib386\nt\clib3r.lib(trdalloc.c)
00411ef0       __FiniThreadProcessing_
Module: C:\WATCOM\lib386\nt\clib3r.lib(thredwnt.c)
00411fb0       __CBeginThread_
00412050       __CEndThread_
Module: C:\WATCOM\lib386\nt\clib3r.lib(strtol.c)
004122b0*      strtoul_
004122c0       strtol_
Module: C:\WATCOM\lib386\nt\clib3r.lib(putenv.c)
004122d0       putenv_
Module: C:\WATCOM\lib386\nt\clib3r.lib(fclose.c)
00412470+      __doclose_
00412510       __shutdown_stream_
00412530*      fclose_
004190e4+      ___RmTmpFileFn
Module: C:\WATCOM\lib386\nt\clib3r.lib(freefp.c)
00412580       __freefp_
004125d0       __purgefp_
Module: C:\WATCOM\lib386\nt\clib3r.lib(locmktim.c)
00412600       __local_mktime_
Module: C:\WATCOM\lib386\nt\clib3r.lib(gmtime.c)
00412780       __brktime_
00412880+      _gmtime_
004128a0*      gmtime_
Module: C:\WATCOM\lib386\nt\clib3r.lib(tzset.c)
00417050       ___start_dst
00417074       ___end_dst
0041719c*      _tzname
004171a4       _timezone
004171a8       _daylight
004171ac       ___dst_adjust
00412910*      __DontCacheOSTZ_
00412920*      __CacheOSTZ_
00412df0+      __parse_tz_
004131e0       tzset_
Module: C:\WATCOM\lib386\nt\clib3r.lib(timeutil.c)
00413350       __isindst_
Module: C:\WATCOM\lib386\nt\clib3r.lib(mbclen.c)
00413680       _mbclen_
Module: C:\WATCOM\lib386\nt\clib3r.lib(mbccmp.c)
004136b0       _mbccmp_
Module: C:\WATCOM\lib386\nt\clib3r.lib(mbinit.c)
00413726       __mbinit_
004171b4       ___MBCodePage
Module: C:\WATCOM\lib386\nt\clib3r.lib(histsplt.c)
004190e8       ___historical_splitparms
Module: C:\WATCOM\lib386\nt\clib3r.lib(wctomb.c)
00413820       wctomb_
Module: C:\WATCOM\lib386\nt\clib3r.lib(itoa.c)
00413860+      utoa_
004138b0       itoa_
Module: C:\WATCOM\lib386\nt\clib3r.lib(noefgfmt.c)
004171b8       ___EFG_printf
004171bc*      ___EFG_scanf
Module: C:\WATCOM\lib386\nt\clib3r.lib(lltoa.c)
00413930       ulltoa_
004139a0*      lltoa_
Module: C:\WATCOM\lib386\nt\clib3r.lib(chipbug.c)
004139d0       __verify_pentium_fdiv_bug_
Module: C:\WATCOM\lib386\nt\flib7.lib(_matherr.c)
00413a30*      __imath2err_
00413a70*      __amath1err_
00413aa0*      __amath2err_
00413ad0       __math2err_
00413be0       __math1err_
00413bf0*      __zmath2err_
00413c50*      __qmath2err_
Module: C:\WATCOM\lib386\math387r.lib(math87e.c)
00413cb6       __math87_err_
Module: C:\WATCOM\lib386\nt\clib3r.lib(mbslen.c)
00413d30       _mbslen_
Module: C:\WATCOM\lib386\nt\clib3r.lib(_putenv.c)
00413d60       __putenv_
Module: C:\WATCOM\lib386\nt\clib3r.lib(mbstowcs.c)
00413df0       mbstowcs_
Module: C:\WATCOM\lib386\nt\clib3r.lib(_uputenv.c)
00413e70       __wputenv_
Module: C:\WATCOM\lib386\nt\clib3r.lib(flush.c)
00413ee0       __flush_
Module: C:\WATCOM\lib386\nt\clib3r.lib(leapyear.c)
00413fe0       __leapyear_
00416190       ___diyr
004161aa       ___dilyr
Module: C:\WATCOM\lib386\nt\clib3r.lib(wcstombs.c)
00414020       wcstombs_
Module: C:\WATCOM\lib386\nt\clib3r.lib(_findenv.c)
00414220       __findenv_
Module: C:\WATCOM\lib386\nt\clib3r.lib(mbtowc.c)
00414340       mbtowc_
Module: C:\WATCOM\lib386\nt\clib3r.lib(_ufinden.c)
00414490       __wfindenv_
Module: C:\WATCOM\lib386\nt\clib3r.lib(fsync.c)
00414530       fsync_
Module: C:\WATCOM\lib386\nt\clib3r.lib(qwrit.c)
00414580       __qwrite_
Module: C:\WATCOM\lib386\nt\clib3r.lib(utoupper.c)
00414660       towupper_


                        +----------------------+
                        |   Imported Symbols   |
                        +----------------------+

Symbol                              Module
======                              ======

_GetVersion@0                       KERNEL32.DLL
_GetModuleHandleA@4                 KERNEL32.DLL
_GetProcAddress@8                   KERNEL32.DLL
_GetModuleFileNameA@12              KERNEL32.DLL
_GetCommandLineA@0                  KERNEL32.DLL
_GetCommandLineW@0                  KERNEL32.DLL
_ExitProcess@4                      KERNEL32.DLL
_RtlUnwind@16                       KERNEL32.DLL
_GetCurrentThreadId@0               KERNEL32.DLL
_SetStdHandle@8                     KERNEL32.DLL
_CreateEventA@16                    KERNEL32.DLL
_GetStdHandle@4                     KERNEL32.DLL
_CloseHandle@4                      KERNEL32.DLL
_GetModuleFileNameW@12              KERNEL32.DLL
_MultiByteToWideChar@24             KERNEL32.DLL
_LoadLibraryA@4                     KERNEL32.DLL
_WriteFile@20                       KERNEL32.DLL
_SetUnhandledExceptionFilter@4      KERNEL32.DLL
_UnhandledExceptionFilter@4         KERNEL32.DLL
_VirtualQuery@12                    KERNEL32.DLL
_MessageBoxA@16                     USER32.DLL
_GetFullPathNameA@16                KERNEL32.DLL
_GetFileType@4                      KERNEL32.DLL
_GetFileInformationByHandle@8       KERNEL32.DLL
_GetFileTime@16                     KERNEL32.DLL
_GetFileSize@8                      KERNEL32.DLL
_CreateFileA@28                     KERNEL32.DLL
_GetLastError@0                     KERNEL32.DLL
_GetDriveTypeA@4                    KERNEL32.DLL
_FindFirstFileA@8                   KERNEL32.DLL
_FindClose@4                        KERNEL32.DLL
_SetConsoleCtrlHandler@8            KERNEL32.DLL
_TlsGetValue@4                      KERNEL32.DLL
_TlsSetValue@8                      KERNEL32.DLL
_SetFilePointer@16                  KERNEL32.DLL
_GetFileAttributesA@4               KERNEL32.DLL
_GetCurrentDirectoryA@8             KERNEL32.DLL
_FileTimeToLocalFileTime@8          KERNEL32.DLL
_FileTimeToDosDateTime@12           KERNEL32.DLL
_DosDateTimeToFileTime@12           KERNEL32.DLL
_LocalFileTimeToFileTime@8          KERNEL32.DLL
_FormatMessageA@28                  KERNEL32.DLL
_DeleteFileA@4                      KERNEL32.DLL
_SetEndOfFile@4                     KERNEL32.DLL
_ReadFile@20                        KERNEL32.DLL
_CharUpperA@4                       USER32.DLL
_VirtualAlloc@16                    KERNEL32.DLL
_InitializeCriticalSection@4        KERNEL32.DLL
_DeleteCriticalSection@4            KERNEL32.DLL
_LeaveCriticalSection@4             KERNEL32.DLL
_EnterCriticalSection@4             KERNEL32.DLL
_SetLastError@4                     KERNEL32.DLL
_TlsAlloc@0                         KERNEL32.DLL
_TlsFree@4                          KERNEL32.DLL
_VirtualFree@12                     KERNEL32.DLL
_CreateThread@24                    KERNEL32.DLL
_ResumeThread@4                     KERNEL32.DLL
_ExitThread@4                       KERNEL32.DLL
_SetEnvironmentVariableA@8          KERNEL32.DLL
_GetTimeZoneInformation@4           KERNEL32.DLL
_GetACP@0                           KERNEL32.DLL
_GetOEMCP@0                         KERNEL32.DLL
_GetCPInfo@8                        KERNEL32.DLL
_WideCharToMultiByte@32             KERNEL32.DLL
_FlushFileBuffers@4                 KERNEL32.DLL


                        +--------------------+
                        |   Libraries Used   |
                        +--------------------+

C:\WATCOM\lib386\nt\kernel32.lib
C:\WATCOM\lib386\nt\user32.lib
C:\WATCOM\lib386\nt\flib7.lib
C:\WATCOM\lib386\math387r.lib
C:\WATCOM\lib386\nt\clib3r.lib
C:\WATCOM\lib386\nt\emu387.lib


                        +-----------------------+
                        |   Linker Statistics   |
                        +-----------------------+

Stack size:  00010000 (65536.)
Memory size:  00026fee (159726.)
Entry point address: 0040168c
Link time: 00:00.51
