Open Watcom Linker Version 2.0 beta Apr  2 2015 09:56:44 (64-bit)
Copyright (c) 2002-2015 The Open Watcom Contributors. All Rights Reserved.
Portions Copyright (c) 1985-2002 Sybase, Inc. All Rights Reserved.
Created on:       15/07/13 15:38:12
Executable Image: exercicio5.exe
creating a Windows NT character-mode executable


                        +------------+
                        |   Groups   |
                        +------------+

Group                           Address              Size
=====                           =======              ====

.idata                          00415000             00000708
DGROUP                          00416000             000130f0



                        +--------------+
                        |   Segments   |
                        +--------------+

Segment                Class          Group          Address         Size
=======                =====          =====          =======         ====

BEGTEXT                CODE           AUTO           00401000        00000007
_TEXT                  CODE           AUTO           00401010        00013570
TRANSFER CODE          CODE           AUTO           00414580        00000186
.idata                 .idata         .idata         00415000        00000708
_NULL                  BEGDATA        DGROUP         00416000        00000004
_AFTERNULL             BEGDATA        DGROUP         00416004        00000000
CONST                  DATA           DGROUP         00416010        000001b4
_DATA                  DATA           DGROUP         004161d0        00001000
XIB                    DATA           DGROUP         004171d0        00000000
XI                     DATA           DGROUP         004171d0        0000004e
XIE                    DATA           DGROUP         0041721e        00000000
YIB                    DATA           DGROUP         0041721e        00000000
YI                     DATA           DGROUP         0041721e        00000030
YIE                    DATA           DGROUP         0041724e        00000000
CONST2                 DATA           DGROUP         00417250        00000000
TIB                    DATA           DGROUP         00417250        00000000
TI                     DATA           DGROUP         00417250        00000000
TIE                    DATA           DGROUP         00417250        00000000
DATA                   DATA           DGROUP         00417250        00000000
DATA32                 DATA           DGROUP         00417250        0000011c
CONST32                CONST          DGROUP         00418000        00000000
_BSS                   BSS            DGROUP         00418000        000010ec
BSS32                  BSS            DGROUP         004190ec        00000000
STACK                  STACK          DGROUP         004190f0        00010000


                        +----------------+
                        |   Memory Map   |
                        +----------------+

* = unreferenced symbol
+ = symbol only referenced locally

Address        Symbol
=======        ======

Module: exercicio5.obj(C:\Users\Samsung\Desktop\2015.1\Comp2\Exercicio5\exercicio5.for)
00401010       FMAIN
Module: C:\WATCOM\lib386\nt\flib7.lib(cowrite.asm)
0040126d       RT@IOWrite
0040127c*      RT@OutLOG1
0040128e*      RT@OutLOG4
0040129c*      RT@OutINT1
004012ae*      RT@OutINT2
004012be       RT@OutINT4
004012cd*      RT@OutREAL
004012dd       RT@OutDBLE
004012ed*      RT@OutXTND
004012fd*      RT@OutCPLX
00401313*      RT@OutDBCX
00401329*      RT@OutXTCX
0040133f       RT@OutCHAR
00401344*      RT@OutSTR
00401349*      RT@PrtArr
0040134e*      RT@PrtChArr
Module: C:\WATCOM\lib386\nt\flib7.lib(cortns.asm)
00416228*      _FRT_SaveESP
0040135e*      SwitchToGen
0040137c       SwitchToRT
0040139a       RdWrCommon
0040143e       IOType_
0040145c       IOChar
00401477       IOStr
0040148c       IOArr
004014a7       IOChArr
004014c9       RT@EndIO
Module: C:\WATCOM\lib386\nt\flib7.lib(coread.asm)
004014d3       RT@IORead
004014e2*      RT@InpLOG1
004014f1*      RT@InpLOG4
00401500*      RT@InpINT1
0040150f*      RT@InpINT2
0040151e       RT@InpINT4
0040152d*      RT@InpREAL
0040153c       RT@InpDBLE
0040154b*      RT@InpXTND
0040155a*      RT@InpCPLX
00401569*      RT@InpDBCX
00401578*      RT@InpXTCX
00401587*      RT@InpCHAR
0040158c*      RT@InpSTR
00401591*      RT@InpArr
00401596*      RT@InpChArr
Module: C:\WATCOM\lib386\nt\clib3r.lib(cstrtwnt)
0040159c       _cstart_
0040159c*      mainCRTStartup
Module: C:\WATCOM\lib386\nt\clib3r.lib(_8087386.asm)
00416248       __8087
00416249       __real87
Module: C:\WATCOM\lib386\nt\emu387.lib(386stub.asm)
004015f8       __init_387_emulator
004015f9*      __fini_387_emulator
Module: C:\WATCOM\lib386\nt\flib7.lib(initeng.c)
00418000       __init_english
Module: C:\WATCOM\lib386\nt\flib7.lib(initerr.c)
00418004       __init_error
Module: C:\WATCOM\lib386\nt\flib7.lib(exwrite.c)
00401670       DoWrite_
Module: C:\WATCOM\lib386\nt\flib7.lib(setiocb.c)
004016a0       RT@SetIOCB
Module: C:\WATCOM\lib386\nt\flib7.lib(rdata.c)
00418010       _IORslt
00418020       _FmtBuff
00418024*      _Fmt_revert
00418028*      _Fmt_start
0041802c*      _Fmt_paren_level
00418030*      _Fmt_charptr
00418034*      _FmtEmStruct
00418038       _IOTypeRtn
0041803c*      _Fmt_end
00418040*      _Fmt_rep_spec
00418044       _FmtRoutine
00418048       _IOCB
0041804c       _Files
00418050*      _Fmt_delimited
Module: C:\WATCOM\lib386\nt\flib7.lib(iomain.c)
00401730       __ReleaseIOSys_
00401750       IOMain_
Module: C:\WATCOM\lib386\nt\clib3r.lib(crwdata)
0041628d       __osmajor
0041628e       __osminor
0041628f       __osbuild
00416291       __osver
00416295       __winmajor
00416299       __winminor
0041629d       __winver
0041625c       __LpDllName
00416260       __LpwCmdLine
00416264       __LpwPgmName
00416268       __LpwDllName
00416254       __LpCmdLine
00416258       __LpPgmName
0041624c*      __dynend
00416250       __curbrk
0041626c*      __STACKLOW
00416270       __STACKTOP
00416274       __ASTACKSIZ
00416278       __ASTACKPTR
0041627c*      __cbyte
00416280*      __cbyte2
00416284*      __child
00416289       __Envptr
00416288       __no87
004162a1       ___FPE_handler
Module: C:\WATCOM\lib386\nt\flib7.lib(thrdutil.c)
00401960*      __InitMultiThreadIO_
004162ac       ___SwitchStkLow
Module: C:\WATCOM\lib386\nt\flib7.lib(exread.c)
004019f0       DoRead_
Module: C:\WATCOM\lib386\nt\clib3r.lib(main2wnt.c)
00401a20       __NTMain
Module: C:\WATCOM\lib386\nt\clib3r.lib(segdefns)
00401003       ___begtext
00416000*      __nullarea
004171d0       __Start_XI
0041721e       __End_XI
0041721e       __Start_YI
0041724e       __End_YI
Module: C:\WATCOM\lib386\nt\clib3r.lib(chk8087.c)
00401aa0*      _fpreset_
00401ae0       __chk8087_
00401af0*      __init_8087_
Module: C:\WATCOM\lib386\nt\flib7.lib(english.c)
00401b40       __UseEnglishCharSet_
Module: C:\WATCOM\lib386\nt\flib7.lib(errincl.c)
00401c50       __InitError_
004162b0+      _PGroupTable
004162b4+      _PErrWord
Module: C:\WATCOM\lib386\nt\flib7.lib(rdwr.c)
00401c70+      DoOpen_
00401ca0+      _AllocBuffer_
00401ce0       IOPrologue_
00401f20       UpdateRecNum_
Module: C:\WATCOM\lib386\nt\flib7.lib(unfmtout.c)
00402040       UnFmtOut_
Module: C:\WATCOM\lib386\nt\flib7.lib(freeout.c)
00402490       FreeOut_
004162b8+      _OutRtn
Module: C:\WATCOM\lib386\nt\flib7.lib(rtutls.c)
00402590       FindFtnFile_
00402680       RChkAlloc_
004026b0       F_Connect_
00402730       ConnectFile_
00402740*      GetFileInfo_
00402830       DiscoFile_
004028a0*      ChkFileName_
004028d0+      ChkLogFile_
00402910       ChkIOOperation_
00402950       GetIOErr_
00402960       ChkIOErr_
00402980       ChkUnitId_
004029c0*      ChkConnected_
004029e0       SetEOF_
00402a10       ClearEOF_
00402a50       SysEOF_
00402a80       IsFixed_
00402a90       IsCarriage_
00402aa0*      ChkRecordStructure_
00402ad0*      ChkSequential_
00402af0*      ChkExist_
00402b20*      StrItem_
Module: C:\WATCOM\lib386\nt\flib7.lib(rtinit.c)
004162ec       ___FAppType
004162f0       __ExceptionInit
004162f4       __ExceptionFini
00402b60*      __InitFThreadData_
00402ba0+      RTSysFini_
00402bb0       RTSysInit_
004162fc       __AccessFIO
00416300       __ReleaseFIO
00416304       __PartialReleaseFIO
00418058       ___FThreadDataOffset
004171ee*      ___fthread_data_size
Module: C:\WATCOM\lib386\nt\clib3r.lib(mainwnt.c)
00416308       ___TlsIndex
0041630c       ___FirstThreadData
00416310       ___GetThreadPtr
00416314       __AccessFileH
00416318       __ReleaseFileH
0041631c       __AccessIOB
00416320       __ReleaseIOB
00416324       __AccessNHeap
00416328       __AccessFHeap
0041632c       __ReleaseNHeap
00402c70*      __threadid_
00402c90+      __sig_null_rtn_
00402ca0+      __NTInit_
00402eb0+      __NTFini_
00402f30       __NTMainInit_
00402f90       __exit_
00416330       __ReleaseFHeap
00416334       __AccessTDList
00416338       __ReleaseTDList
0041633c       __AccessFList
00416340       __ReleaseFList
00416344       __ThreadExitRtn
00416348       ___sig_init_rtn
0041634c       ___sig_fini_rtn
00416350       ___process_fini
00418064       ___Is_DLL
Module: C:\WATCOM\lib386\nt\flib7.lib(ioinit.c)
00402ff0       IOSysInit_
Module: C:\WATCOM\lib386\nt\flib7.lib(rterr.c)
00416358+      _TraceRoutine
00403040+      FlushStdUnit_
00403090+      WriteErr_
00403160       ErrHandler_
004031a0       RTErr_
00416364+      LG@ERR_HOOK
Module: C:\WATCOM\lib386\nt\flib7.lib(spawn.c)
004031d0       Spawn_
00403230       Suicide_
Module: C:\WATCOM\lib386\nt\flib7.lib(rtsysutl.c)
00403270       GetSysIOInfo_
00403290       GetSysFileInfo_
004032c0*      IsDevice_
00403490       OpenAction_
004034d0*      DfltRecType_
004034f0+      _FileAttrs_
004035b0       CloseFile_
00403620       Scrtched_
00403640*      CloseDeleteFile_
00403690       Errf_
004036b0       FPutBuff_
00403720       FGetBuff_
00403770       SeekFile_
00403790       NoEOF_
004037a0       SysClearEOF_
004037b0*      SameFile_
004037c0*      Rewindf_
004037e0*      SysCreateFile_
00403820       CheckLogicalRecord_
00403840       SkipLogicalRecord_
00403860*      BackSpacef_
00403890*      EndFilef_
004038d0       GetIOErrMsg_
00403910       ReportNExist_
00403930       ReportEOF_
00403940*      WaitForEnter_
Module: C:\WATCOM\lib386\nt\flib7.lib(unfmtin.c)
00403950       UnFmtIn_
004039f0+      NextUnFmtRec_
Module: C:\WATCOM\lib386\nt\flib7.lib(freein.c)
00403dd0+      GetNum_
00403fd0       FreeIn_
00403fe0*      DoFreeIn_
00404010+      BumpComma_
00404040+      Blanks_
00404060+      CheckEor_
Module: C:\WATCOM\lib386\nt\clib3r.lib(initrtns.c)
00404680       __InitRtns
004046d0       __FiniRtns
Module: C:\WATCOM\lib386\nt\clib3r.lib(mthrdini.c)
00404730       __InitThreadData_
00416368       ___ThreadDataSize
Module: C:\WATCOM\lib386\nt\clib3r.lib(memset.c)
00404760       memset_
Module: C:\WATCOM\lib386\nt\clib3r.lib(cmain386.c)
00404780       __CMain
Module: C:\WATCOM\lib386\nt\clib3r.lib(dosseg)
00001234       __DOSseg__
Module: C:\WATCOM\lib386\nt\clib3r.lib(8087cw.c)
0041636c       __8087cw
Module: C:\WATCOM\lib386\nt\clib3r.lib(save8087.c)
00416370       ___Save8087
00416374       ___Rest8087
Module: C:\WATCOM\lib386\nt\clib3r.lib(ini87386.asm)
004047c4       __x87id
Module: C:\WATCOM\lib386\nt\flib7.lib(csetinfo.c)
00418680       _CharSetInfo
Module: C:\WATCOM\lib386\nt\flib7.lib(errmsg.c)
00404b30       _GroupTable
00404be0       _ErrWord
Module: C:\WATCOM\lib386\nt\flib7.lib(blderr.c)
004052a0       Substitute_
00405470       ErrCodOrg_
Module: C:\WATCOM\lib386\nt\flib7.lib(errrtns.c)
00418694       ___ErrorFini
00418698       ___ErrorInit
0041869c       ___BldErrMsg
Module: C:\WATCOM\lib386\nt\flib7.lib(sdfile.c)
00416378*      _FFCtrlSeq
0041637a*      _SkipCtrlSeq
0041637c       _NormalCtrlSeq
0041637e       _SDTermIn
00416382       _SDTermOut
00416386*      _SDPrtName
Module: C:\WATCOM\lib386\nt\flib7.lib(ioerr.c)
004054b0       IOErr_
Module: C:\WATCOM\lib386\nt\flib7.lib(wrutils.c)
00405540       F_SendData_
004055a0*      SendLine_
004055b0       SendEOR_
00405640*      SendInt_
00405670       SendStr_
00405690+      SendWSLStr_
004056b0       SendChar_
004056d0       Drop_
00405890       IOItemResult_
Module: C:\WATCOM\lib386\nt\flib7.lib(unfmtutl.c)
00405910       _SizeVars
Module: C:\WATCOM\lib386\nt\flib7.lib(undefcg.c)
004059b0       OutLogCG_
004059c0       OutIntCG_
00405a00+      FmtRealCG_
00405a30+      FmtDoubleCG_
00405a60+      FmtExtendedCG_
00405a90+      UndefIntCG_
00405a90+      UndefLogCG_
00405a90+      UndefExtendedCG_
00405a90+      UndefDoubleCG_
00405a90+      UndefRealCG_
00405aa0+      GetRealCG_
0041638c       _FmtRealRtn
00416390       _FmtDoubleRtn
00416394       _FmtExtendedRtn
00416398       _SendStrRtn
0041639c       _UndefRealRtn
004163a0       _UndefDoubleRtn
004163a4       _UndefExtendedRtn
004163a8       _UndefLogRtn
004163ac       _UndefIntRtn
004163b0       _GetRealRtn
Module: C:\WATCOM\lib386\nt\flib7.lib(cctrl.c)
00405ab0       CheckCCtrl_
Module: C:\WATCOM\lib386\nt\flib7.lib(fdutil.c)
00405b20       LocFile_
00405b30       LocUnit_
00405b60       ExtractInfo_
Module: C:\WATCOM\lib386\nt\flib7.lib(rstdio.c)
00405c90       _InitStandardInput_
00405cc0       _InitStandardOutput_
Module: C:\WATCOM\lib386\nt\flib7.lib(rmemmgr.c)
00405cf0       RMemAlloc_
00405d00       RMemFree_
Module: C:\WATCOM\lib386\nt\flib7.lib(deffname.c)
004163b4       _DefFName
Module: C:\WATCOM\lib386\nt\flib7.lib(stracc.c)
00405d10       TrimStr_
00405d50       GetStr_
Module: C:\WATCOM\lib386\nt\flib7.lib(rttraps.c)
00405e70       __EnableF77RTExceptionHandling_
00405e80       R_TrapInit_
00405f10       R_TrapFini_
00405f20*      __InitExceptionVectors_
Module: C:\WATCOM\lib386\nt\clib3r.lib(nodefwin.c)
004163bc*      __WindowsIsWindowedHandle
004163c0*      __WindowsRemoveWindowedHandle
004163c4*      __WindowsNewWindow
004163c8*      __WindowsCloseWindow
004163cc*      __WindowsSetAbout
004163d0*      __WindowsSetAppTitle
004163d4*      __WindowsSetConTitle
004163d8*      __WindowsDestroyOnClose
004163dc*      __WindowsYieldControl
004163e0*      __WindowsShutDown
004163e4*      __WindowsStdin
004163e8       __WindowsStdout
004163ec*      __WindowsKbhit
004163f0*      __WindowsGetch
004163f4*      __WindowsGetche
004163f8*      __WindowsPutch
00405f40*      _dwShutDown_
00405f40*      _dwYield_
00405f40*      _dwSetConTitle_
00405f40*      _dwSetAppTitle_
00405f40*      _dwSetAboutDlg_
00405f40       _dwDeleteOnClose_
004163fc*      __WindowsExitRtn
004186a0*      __init_default_win
Module: C:\WATCOM\lib386\nt\clib3r.lib(atexit.c)
00405f43       atexit_
Module: C:\WATCOM\lib386\nt\clib3r.lib(regdata.c)
00405fa0       __RegisterThreadDataSize_
Module: C:\WATCOM\lib386\nt\clib3r.lib(hdlman.c)
00416400+      ___NHandles
00416404+      ___OSHandles
00416408+      ___FakeHandles
00405fd0+      __growPOSIXHandles_
00406070       __allocPOSIXHandle_
00406130       __freePOSIXHandle_
00406150       __getOSHandle_
00406160       __setOSHandle_
004061b0+      __NTGetFakeHandle_
00406220       __initPOSIXHandles_
00406300*      __set_handles_
00406310*      _grow_handles_
Module: C:\WATCOM\lib386\nt\clib3r.lib(environ.c)
00418728       ___env_mask
0041872c       _environ
00418730       __wenviron
Module: C:\WATCOM\lib386\nt\clib3r.lib(getmodfn.c)
00406350       __lib_GetModuleFileNameW_
Module: C:\WATCOM\lib386\nt\clib3r.lib(strdup.c)
004063f0       __clib_strdup_
Module: C:\WATCOM\lib386\nt\clib3r.lib(istable.c)
00406430       __IsTable
Module: C:\WATCOM\lib386\nt\clib3r.lib(ustrdup.c)
00406531       __clib_wcsdup_
Module: C:\WATCOM\lib386\nt\clib3r.lib(nfree.c)
00406560       _nfree_
00406560       free_
00418734       ___MiniHeapFreeRover
Module: C:\WATCOM\lib386\nt\clib3r.lib(excptwnt.c)
00406cd0+      ___ReportException@4
00407120       __DefaultExceptionHandler_
00407160+      ___ExceptionFilter
00407370       __NewExceptionFilter_
004073a0       __DoneExceptionFilter_
00416414       ___oscode_check_func
00416418       ___raise_func
00418738*      _sw
0041873c       ___ExceptionHandled
0041873d+      ___ReportInvoked
Module: C:\WATCOM\lib386\nt\clib3r.lib(stklmwnt.c)
004073e0       __init_stack_limits_
Module: C:\WATCOM\lib386\nt\flib7.lib(runmain.c)
00407450*      __InitUnit6CC_
00407460       __DevicesCC_
00407470*      __InitAllowCommaSeparator_
00407480       __AllowCommaSep_
00407490+      _InitIO_
00407500+      CloseAllFiles_
00407540*      _FiniEx_
00407540       RunExit_
00407580       RunEntry_
Module: C:\WATCOM\lib386\nt\flib7.lib(posdat.c)
00416614       _FStdIn
00416618       _FStdOut
0041661c       _FStdErr
Module: C:\WATCOM\lib386\nt\flib7.lib(posflush.c)
004075b0       FlushBuffer_
Module: C:\WATCOM\lib386\nt\flib7.lib(errutil.c)
00407660       BldErrCode_
004076c0*      MsgFormat_
004076f0*      MsgBuffer_
00416620+      _PGrpCodes
Module: C:\WATCOM\lib386\nt\clib3r.lib(enterdb.c)
00407720       __EnterWVIDEO_
00416624       ___WD_Present
Module: C:\WATCOM\lib386\nt\flib7.lib(stdio.c)
00407760       StdBuffer_
00407780+      StdWrite_
00407860       StdFlush_
00407890       StdWriteNL_
Module: C:\WATCOM\lib386\nt\clib3r.lib(stjmp386.asm)
004078b8       _setjmp_
004078f1       longjmp_
Module: C:\WATCOM\lib386\nt\clib3r.lib(exit.c)
00407973+      __null_int23_exit_
00407974       exit_
004079c4*      _exit_
00416a30+      ___int23_exit
00416a34+      ___FPE_handler_exit
Module: C:\WATCOM\lib386\nt\clib3r.lib(accsswnt.c)
004079e0       access_
Module: C:\WATCOM\lib386\nt\clib3r.lib(fullpath.c)
00407a20+      _sys_fullpath_
00407aa0       _fullpath_
Module: C:\WATCOM\lib386\nt\clib3r.lib(fstatwnt.c)
00407b10       fstat_
Module: C:\WATCOM\lib386\nt\flib7.lib(poserr.c)
00407e70       Errorf_
00407e90*      EOFile_
00407eb0       ErrorMsg_
00407ef0       FSetTrunc_
00407f00       FSetSysErr_
00407f20       FSetErr_
00407f40       FSetEof_
00407f60       IOOk_
Module: C:\WATCOM\lib386\nt\clib3r.lib(statwnt.c)
00408085       stat_
Module: C:\WATCOM\lib386\nt\flib7.lib(posopen.c)
004082c0       InitStd_
00408380       SetIOBufferSize_
004083a0+      _AllocFile_
00408490       Openf_
00408590       Closef_
Module: C:\WATCOM\lib386\nt\flib7.lib(posdel.c)
00408610       Scratchf_
Module: C:\WATCOM\lib386\nt\flib7.lib(posput.c)
00408630       FPutRec_
00408670       ChopFile_
004086c0*      PutRec_
004087e0       writebytes_
00408860       SysWrite_
Module: C:\WATCOM\lib386\nt\flib7.lib(posget.c)
004089a0       readbytes_
00408a70       SysRead_
00408ed0       FGetRec_
00408f00*      GetRec_
00408f20       GetStdChar_
00408f70       FCheckLogical_
00408ff0       FSkipLogical_
004090c0*      FGetVarRecLen_
Module: C:\WATCOM\lib386\nt\flib7.lib(posseek.c)
004091b0       FSeekRec_
004091f0       CurrFileOffset_
004091f0       FGetFilePos_
00409210       SysSeek_
00409400*      FSeekAbs_
Module: C:\WATCOM\lib386\nt\clib3r.lib(stricmp.c)
00409410       stricmp_
Module: C:\WATCOM\lib386\nt\flib7.lib(posrew.c)
00409450       FRewind_
Module: C:\WATCOM\lib386\nt\flib7.lib(posback.c)
004094c0       FBackspace_
Module: C:\WATCOM\lib386\nt\flib7.lib(postrunc.c)
00409590       FTruncate_
Module: C:\WATCOM\lib386\nt\clib3r.lib(errno.c)
004095b0       __get_errno_ptr_
004095c0*      __get_doserrno_ptr_
Module: C:\WATCOM\lib386\nt\flib7.lib(rdutils.c)
004095d0       NextRec_
Module: C:\WATCOM\lib386\nt\flib7.lib(arrayio.c)
00409770       ArrayIOType_
Module: C:\WATCOM\lib386\nt\clib3r.lib(toupper.c)
004097f0       toupper_
Module: C:\WATCOM\lib386\nt\flib7.lib(chrutils.c)
00409800       JmpBlanks_
Module: C:\WATCOM\lib386\nt\flib7.lib(fmtcnvt.c)
00409830       FmtS2I_
00409970       FmtS2F_
Module: C:\WATCOM\lib386\nt\clib3r.lib(__stos.asm)
00409d50       __STOSB
00409d87*      __STOSD
Module: C:\WATCOM\lib386\nt\clib3r.lib(cinit.c)
00409e00       __CommonInit_
Module: C:\WATCOM\lib386\nt\clib3r.lib(___argc.c)
00418744       ____Argc
00418748       ____Argv
Module: C:\WATCOM\lib386\nt\flib7.lib(rtmain.c)
00409e10       main_
Module: C:\WATCOM\lib386\nt\clib3r.lib(memmove.c)
00409e30       memmove_
Module: C:\WATCOM\lib386\nt\clib3r.lib(sprintf.c)
00409e90       sprintf_
Module: C:\WATCOM\lib386\nt\flib7.lib(ifile.c)
00409ec0       SendIFBuff_
00409ef0       NextIFBuff_
Module: C:\WATCOM\lib386\nt\clib3r.lib(ltoa.c)
00409f20       ultoa_
00409f70       ltoa_
Module: C:\WATCOM\lib386\nt\flib7.lib(expchk.c)
00409fa0       ToFFormat_
Module: C:\WATCOM\lib386\nt\flib7.lib(fmtrtns.c)
00409ff0       R_F2E_
0040a160       R_F2F_
0040a2f0       SetMaxPrec_
Module: C:\WATCOM\lib386\nt\flib7.lib(rfmtlog.c)
0040a310       R_FmtLog_
Module: C:\WATCOM\lib386\nt\flib7.lib(rfmtutil.c)
0040a370+      R_ChkType_
0040a3a0*      R_NewRec_
0040a3e0*      R_ChkIType_
0040a410*      R_ChkFType_
0040a440*      R_ChkRecLen_
0040a460+      GetLen_
0040a4a0*      R_FOStr_
0040a4b0*      FOString_
0040a520*      R_FIStr_
0040a5e0+      R_FOLog_
0040a630*      R_FILog_
0040a710*      R_FIFloat_
0040a900       GetReal_
0040aa10*      R_FOF_
0040aa90*      R_FOE_
0040abd0+      FmtH2B_
0040acc0*      R_FIHex_
0040ae40*      R_FOHex_
0040ae50*      FOHex_
0040af50*      R_FIInt_
0040b060*      R_FOInt_
0040b2c0*      R_FOG_
0040b540+      ChkBuffLen_
Module: C:\WATCOM\lib386\nt\clib3r.lib(getenv.c)
0040b570       getenv_
Module: C:\WATCOM\lib386\nt\clib3r.lib(nmalloc.c)
0040b610       _nmalloc_
0040b610       malloc_
00416a40       ___nheapbeg
00416a44       ___MiniHeapRover
00416a48       ___LargestSizeB4MiniHeapRover
Module: C:\WATCOM\lib386\nt\clib3r.lib(signlwnt.c)
00416a4c+      __SignalTable
0040b710+      __SetSignalFunc_
0040b760+      __GetSignalFunc_
0040b790+      __GetSignalOSCode_
0040b7c0+      __CheckSignalExCode_
0040b900+      __sigabort_
0040b910       __sigfpe_handler_
0040b960       signal_
0040b9f0+      raise_
0040ba60+      __SigInit_
0040bab0+      __SigFini_
0040baf0+      __sig_init_
Module: C:\WATCOM\lib386\nt\flib7.lib(fptraps.c)
0040bbd0*      __MaskDefaultFPE_
0040bbf0       FPTrapInit_
0040bc20       FPTrapFini_
Module: C:\WATCOM\lib386\nt\clib3r.lib(trdlist.c)
0040bc90       __GetThreadData_
0040bce0       __ReallocThreadData_
0040bdd0       __AddThreadData_
0040be50       __RemoveThreadData_
0040beb0       __ResizeThreadDataList_
0040bee0       __FreeThreadDataList_
0040bf10*      __ActiveThreads_
Module: C:\WATCOM\lib386\nt\clib3r.lib(seterrno.c)
0040bf27       __set_errno_
0040bf35*      __set_EDOM_
0040bf43       __set_ERANGE_
0040bf51*      __set_EINVAL_
0040bf64       __set_doserrno_
Module: C:\WATCOM\lib386\nt\clib3r.lib(nrealloc.c)
0040bf80*      _nrealloc_
0040bf80       realloc_
Module: C:\WATCOM\lib386\nt\clib3r.lib(iomode.c)
0040c000       __GetIOMode_
0040c020       __SetIOMode_nogrow_
00416ab8       ___NFiles
00416abc       ___init_mode
00416b0c       ___io_mode
Module: C:\WATCOM\lib386\nt\clib3r.lib(stiomode.c)
0040c040       __grow_iomode_
0040c110+      __shrink_iomode_
0040c150       __SetIOMode_
Module: C:\WATCOM\lib386\nt\clib3r.lib(setenvp.c)
0040c1d0       __setenvp_
0040c2a0       __freeenvp_
Module: C:\WATCOM\lib386\nt\clib3r.lib(ustrlen.c)
0040c2ed       wcslen_
Module: C:\WATCOM\lib386\nt\clib3r.lib(memcpy.c)
0040c300       memcpy_
Module: C:\WATCOM\lib386\nt\clib3r.lib(mem.c)
0040c320       __MemAllocator
0040c3d0       __MemFree
Module: C:\WATCOM\lib386\nt\clib3r.lib(conutwnt.c)
0040c520*      __NTRealKey_
0040c5d0*      __NTConsoleInput_
0040c5e0       __NTConsoleOutput_
Module: C:\WATCOM\lib386\nt\clib3r.lib(fclex387.c)
0040c5f0       _ClearFPE_
Module: C:\WATCOM\lib386\nt\clib3r.lib(lseek.c)
0040c600       lseek_
Module: C:\WATCOM\lib386\nt\clib3r.lib(write.c)
0040c8a0       write_
Module: C:\WATCOM\lib386\nt\flib7.lib(errgrp.c)
0040cb00       _GrpCodes
Module: C:\WATCOM\lib386\nt\clib3r.lib(iob.c)
00416b18       ___iob
00418758       ___OpenStreams
0041875c       ___ClosedStreams
Module: C:\WATCOM\lib386\nt\clib3r.lib(setmd.c)
0040cb90       setmode_
Module: C:\WATCOM\lib386\nt\clib3r.lib(ljmphdl.c)
00416d20       ___longjmp_handler
Module: C:\WATCOM\lib386\nt\clib3r.lib(fgtattr.c)
0040cc90       __fixed_GetFileAttributesA_
Module: C:\WATCOM\lib386\nt\clib3r.lib(dosret.c)
0040cd30*      __dosretax
0040cd40*      __dosret0
0040cd50       __set_errno_dos_
0040cd80*      __set_errno_dos_reterr_
0040cd90       __set_errno_nt_
0040cda0*      __set_errno_nt_reterr_
Module: C:\WATCOM\lib386\nt\clib3r.lib(gtcwdwnt.c)
0040cdc0       getcwd_
Module: C:\WATCOM\lib386\nt\clib3r.lib(iomodtty.c)
0040ce50       __ChkTTYIOMode_
0040ce90       __IOMode_
Module: C:\WATCOM\lib386\nt\clib3r.lib(ntdosdt.c)
0040ceb0       __MakeDOSDT_
0040cee0*      __FromDOSDT_
Module: C:\WATCOM\lib386\nt\clib3r.lib(d2ttime.c)
0040cf10       _d2ttime_
Module: C:\WATCOM\lib386\nt\clib3r.lib(strerror.c)
0040d2b0       strerror_
0040d2d0*      _strerror_
0040d3a0*      _doserror_
00416e28+      __sys_errlist
00416ecc+      __sys_nerr
Module: C:\WATCOM\lib386\nt\clib3r.lib(cmp386.asm)
0040d3d0       strcmp_
Module: C:\WATCOM\lib386\nt\clib3r.lib(mbspbrk.c)
0040d510       _mbspbrk_
Module: C:\WATCOM\lib386\nt\clib3r.lib(mbsinc.c)
0040d560       _mbsinc_
Module: C:\WATCOM\lib386\nt\clib3r.lib(tolower.c)
0040d590       tolower_
Module: C:\WATCOM\lib386\nt\clib3r.lib(close.c)
0040d5a0       close_
Module: C:\WATCOM\lib386\nt\clib3r.lib(openwnt.c)
0040d7c0*      open_
0040d7e0       sopen_
Module: C:\WATCOM\lib386\nt\flib7.lib(poscc.c)
0040d810*      __LineFeedWithFormFeed_
0040d820       FSetCC_
Module: C:\WATCOM\lib386\nt\clib3r.lib(unlnkwnt.c)
0040d880       unlink_
Module: C:\WATCOM\lib386\nt\clib3r.lib(chsizwnt.c)
0040d900       chsize_
Module: C:\WATCOM\lib386\nt\clib3r.lib(read.c)
0040d9f0       read_
Module: C:\WATCOM\lib386\nt\flib7.lib(intarith.c)
0040db80       AddIOFlo_
0040db90*      SubIOFlo_
0040dba0       MulIOFlo_
Module: C:\WATCOM\lib386\math387r.lib(strtod.c)
0040e0c3+      __Strtold_
0040e22a       strtod_
Module: C:\WATCOM\lib386\nt\clib3r.lib(argcv.c)
00418860       __argc
00418864       __argv
00418868       ___argc
0041886c       ___argv
Module: C:\WATCOM\lib386\nt\clib3r.lib(vsprintf.c)
0040e390       vsprintf_
Module: C:\WATCOM\lib386\nt\clib3r.lib(alphabet.c)
00416160       ___Alphabet
Module: C:\WATCOM\lib386\math387r.lib(ldcvt.c)
0040e48f       _LDScale10x_
0040ea36       __LDcvt_
Module: C:\WATCOM\lib386\nt\flib7.lib(flt86.c)
0040ee90       _P1d100
0040ee98       _P1d_99
Module: C:\WATCOM\lib386\math387r.lib(pow87.asm)
0040eff9*      pow_
0040eea0       IF@DPOW
0040eea0*      IF@POW
Module: C:\WATCOM\lib386\nt\flib7.lib(hexcnv.c)
0040f020       Hex_
0040f040*      HSToB_
0040f0b0       BToHS_
Module: C:\WATCOM\lib386\nt\clib3r.lib(strupr.c)
0040f100       strupr_
Module: C:\WATCOM\lib386\nt\clib3r.lib(mbterm.c)
0040f120       _mbterm_
Module: C:\WATCOM\lib386\nt\clib3r.lib(mbsnextc.c)
0040f160       _mbsnextc_
Module: C:\WATCOM\lib386\nt\clib3r.lib(mbcupper.c)
0040f1a0       _mbctoupper_
Module: C:\WATCOM\lib386\nt\clib3r.lib(nmemneed.c)
0040f1d0       __nmemneed_
Module: C:\WATCOM\lib386\nt\clib3r.lib(grownear.c)
0040f340       __ExpandDGROUP_
Module: C:\WATCOM\lib386\nt\clib3r.lib(abort.c)
0040f366*      abort_
0040f378       __terminate_
00416f80       ___abort
Module: C:\WATCOM\lib386\nt\clib3r.lib(cntrl87.c)
0040f390       _control87_
Module: C:\WATCOM\lib386\nt\clib3r.lib(mthread.c)
0040f570+      __CloseSemaphore_
0040f5b0+      __AccessIOB_
0040f5c0+      __ReleaseIOB_
0040f5d0+      __AccessFileH_
0040f5e0+      __ReleaseFileH_
0040f5f0+      __AccessNHeap_
0040f600+      __ReleaseNHeap_
0040f610+      __AccessFHeap_
0040f620+      __ReleaseFHeap_
0040f630+      __AccessTDList_
0040f640+      __ReleaseTDList_
0040f650+      __AccessFList_
0040f660+      __AccessSemaphore_
0040f6c0+      __ReleaseFList_
0040f6d0+      __ReleaseSemaphore_
0040f700+      __MultipleThread_
0040f750+      __AllocInitThreadData_
0040f7a0+      __FreeInitThreadData_
0040f7b0       __NTThreadInit_
0040f820       __NTAddThread_
0040f870       __NTRemoveThread_
0040f900       __InitMultipleThread_
00416f84+      ___AccessSema4
00416f88+      ___ReleaseSema4
00416f8c+      ___CloseSema4
Module: C:\WATCOM\lib386\nt\clib3r.lib(xmsgwnt.c)
0040fac0+      __exit_with_msg_
0040fb20       __fatal_runtime_error_
Module: C:\WATCOM\lib386\nt\clib3r.lib(calloc.c)
0040fb40       calloc_
Module: C:\WATCOM\lib386\nt\clib3r.lib(register.c)
0040fb70       __initthread_
0040fb80*      _beginthread_
0040fb90       _endthread_
0040fba0*      __RegisterThreadData_
Module: C:\WATCOM\lib386\nt\clib3r.lib(nmsize.c)
0040fbf0       _nmsize_
0040fbf0*      _msize_
Module: C:\WATCOM\lib386\nt\clib3r.lib(nexpand.c)
0040fc00       _nexpand_
0040fc00*      _expand_
0040fc40+      __HeapManager_expand_
Module: C:\WATCOM\lib386\nt\clib3r.lib(dofilstr.c)
0040fe30       __ParsePosixHandleStr_
Module: C:\WATCOM\lib386\nt\clib3r.lib(clearenv.c)
0040ff50       clearenv_
Module: C:\WATCOM\lib386\nt\clib3r.lib(__lseek.c)
0040ffe0       __lseek_
Module: C:\WATCOM\lib386\nt\clib3r.lib(stackwnt.c)
00410020       stackavail_
Module: C:\WATCOM\lib386\nt\clib3r.lib(stkwnt.asm)
00410031*      __CHK
00410041*      __STK
00410060       __STKOVERFLOW_
00410070*      __GRO
00410090*      __alloca_probe
Module: C:\WATCOM\lib386\nt\clib3r.lib(initfile.c)
004100e0       __InitFiles_
Module: C:\WATCOM\lib386\nt\clib3r.lib(ioexit.c)
004101e0*      fcloseall_
004101f0       __full_io_exit_
Module: C:\WATCOM\lib386\nt\clib3r.lib(isattwnt.c)
00410200       isatty_
Module: C:\WATCOM\lib386\nt\clib3r.lib(mktime.c)
00410220       mktime_
Module: C:\WATCOM\lib386\nt\clib3r.lib(strncpy.c)
004102b0       strncpy_
Module: C:\WATCOM\lib386\nt\clib3r.lib(mbschr.c)
004102f0       _mbschr_
Module: C:\WATCOM\lib386\nt\clib3r.lib(mbisdbcs.c)
00416fac       ___IsDBCS
Module: C:\WATCOM\lib386\nt\clib3r.lib(mbislead.c)
00410350*      _ismbblead_
00418fdc       ___MBCSIsTable
Module: C:\WATCOM\lib386\nt\clib3r.lib(_clsewnt.c)
00410370       __close_
Module: C:\WATCOM\lib386\nt\clib3r.lib(ntfio.c)
004103d0*      __GetNTCreateAttr_
00410410       __GetNTAccessAttr_
00410440       __GetNTShareAttr_
Module: C:\WATCOM\lib386\nt\clib3r.lib(umaskval.c)
00416fb0       ___umaskval
Module: C:\WATCOM\lib386\nt\clib3r.lib(textmode.c)
00416fb4       __fmode
Module: C:\WATCOM\lib386\math387r.lib(bufld386.asm)
004104a0       __ZBuf2LD
Module: C:\WATCOM\lib386\math387r.lib(inf_nan.c)
00410543*      ___f_infinity
00410547*      ___f_posqnan
0041054b       ___d_infinity
00410553       ___d_posqnan
0041055b*      ___ld_infinity
00410563*      ___ld_posqnan
Module: C:\WATCOM\lib386\nt\clib3r.lib(hugeval.c)
00410570       __HugeValue
Module: C:\WATCOM\lib386\nt\clib3r.lib(initargv.c)
00410580       __Init_Argv_
004105d0+      _getargv_
00410770       __Fini_Argv_
Module: C:\WATCOM\lib386\nt\clib3r.lib(prtf.c)
00410780       __prtf_
Module: C:\WATCOM\lib386\math387r.lib(ldclass.c)
00411444       __LDClass_
00411494*      _FLClass_
Module: C:\WATCOM\lib386\nt\clib3r.lib(chipvar)
00416fb8       ___chipbug
00416fb8       __chipbug
Module: C:\WATCOM\lib386\math387r.lib(pow87e.c)
004114a4       __pow87_err_
Module: C:\WATCOM\lib386\math387r.lib(exp87.asm)
00411593*      exp_
0041152c*      __@DEXP1
00411534*      IF@EXP
00411534*      IF@DEXP
00411536       __@DEXP
Module: C:\WATCOM\lib386\nt\clib3r.lib(chipd32.asm)
004116b7       __fdiv_fpr
00411b79*      __fdiv_chk
00411b8c*      __fdiv_m32
00411bd9*      __fdiv_m64
00411c26*      __fdiv_m32r
00411c73*      __fdiv_m64r
Module: C:\WATCOM\lib386\nt\clib3r.lib(mbconv.c)
00411cc0       _mbvtop_
Module: C:\WATCOM\lib386\nt\clib3r.lib(amblksiz.c)
00416fcc       __amblksiz
Module: C:\WATCOM\lib386\nt\clib3r.lib(heapen.c)
00411ce0*      _heapenable_
00416fd0       ___heap_enabled
Module: C:\WATCOM\lib386\nt\clib3r.lib(nheapmin.c)
00411d10       _nheapshrink_
00411d10*      _nheapmin_
00411d10*      _heapmin_
00411d10       _heapshrink_
Module: C:\WATCOM\lib386\nt\clib3r.lib(trdalloc.c)
00411e00       __FiniThreadProcessing_
Module: C:\WATCOM\lib386\nt\clib3r.lib(thredwnt.c)
00411ec0       __CBeginThread_
00411f60       __CEndThread_
Module: C:\WATCOM\lib386\nt\clib3r.lib(strtol.c)
004121c0*      strtoul_
004121d0       strtol_
Module: C:\WATCOM\lib386\nt\clib3r.lib(putenv.c)
004121e0       putenv_
Module: C:\WATCOM\lib386\nt\clib3r.lib(fclose.c)
00412380+      __doclose_
00412420       __shutdown_stream_
00412440*      fclose_
004190e4+      ___RmTmpFileFn
Module: C:\WATCOM\lib386\nt\clib3r.lib(freefp.c)
00412490       __freefp_
004124e0       __purgefp_
Module: C:\WATCOM\lib386\nt\clib3r.lib(locmktim.c)
00412510       __local_mktime_
Module: C:\WATCOM\lib386\nt\clib3r.lib(gmtime.c)
00412690       __brktime_
00412790+      _gmtime_
004127b0*      gmtime_
Module: C:\WATCOM\lib386\nt\clib3r.lib(tzset.c)
00417060       ___start_dst
00417084       ___end_dst
004171ac*      _tzname
004171b4       _timezone
004171b8       _daylight
004171bc       ___dst_adjust
00412820*      __DontCacheOSTZ_
00412830*      __CacheOSTZ_
00412d00+      __parse_tz_
004130f0       tzset_
Module: C:\WATCOM\lib386\nt\clib3r.lib(timeutil.c)
00413260       __isindst_
Module: C:\WATCOM\lib386\nt\clib3r.lib(mbclen.c)
00413590       _mbclen_
Module: C:\WATCOM\lib386\nt\clib3r.lib(mbccmp.c)
004135c0       _mbccmp_
Module: C:\WATCOM\lib386\nt\clib3r.lib(mbinit.c)
00413636       __mbinit_
004171c4       ___MBCodePage
Module: C:\WATCOM\lib386\nt\clib3r.lib(histsplt.c)
004190e8       ___historical_splitparms
Module: C:\WATCOM\lib386\nt\clib3r.lib(wctomb.c)
00413730       wctomb_
Module: C:\WATCOM\lib386\nt\clib3r.lib(itoa.c)
00413770+      utoa_
004137c0       itoa_
Module: C:\WATCOM\lib386\nt\clib3r.lib(noefgfmt.c)
004171c8       ___EFG_printf
004171cc*      ___EFG_scanf
Module: C:\WATCOM\lib386\nt\clib3r.lib(lltoa.c)
00413840       ulltoa_
004138b0*      lltoa_
Module: C:\WATCOM\lib386\nt\clib3r.lib(chipbug.c)
004138e0       __verify_pentium_fdiv_bug_
Module: C:\WATCOM\lib386\nt\flib7.lib(_matherr.c)
00413940*      __imath2err_
00413980*      __amath1err_
004139b0*      __amath2err_
004139e0       __math2err_
00413af0       __math1err_
00413b00*      __zmath2err_
00413b60*      __qmath2err_
Module: C:\WATCOM\lib386\math387r.lib(math87e.c)
00413bc6       __math87_err_
Module: C:\WATCOM\lib386\nt\clib3r.lib(mbslen.c)
00413c40       _mbslen_
Module: C:\WATCOM\lib386\nt\clib3r.lib(_putenv.c)
00413c70       __putenv_
Module: C:\WATCOM\lib386\nt\clib3r.lib(mbstowcs.c)
00413d00       mbstowcs_
Module: C:\WATCOM\lib386\nt\clib3r.lib(_uputenv.c)
00413d80       __wputenv_
Module: C:\WATCOM\lib386\nt\clib3r.lib(flush.c)
00413df0       __flush_
Module: C:\WATCOM\lib386\nt\clib3r.lib(leapyear.c)
00413ef0       __leapyear_
00416190       ___diyr
004161aa       ___dilyr
Module: C:\WATCOM\lib386\nt\clib3r.lib(wcstombs.c)
00413f30       wcstombs_
Module: C:\WATCOM\lib386\nt\clib3r.lib(_findenv.c)
00414130       __findenv_
Module: C:\WATCOM\lib386\nt\clib3r.lib(mbtowc.c)
00414250       mbtowc_
Module: C:\WATCOM\lib386\nt\clib3r.lib(_ufinden.c)
004143a0       __wfindenv_
Module: C:\WATCOM\lib386\nt\clib3r.lib(fsync.c)
00414440       fsync_
Module: C:\WATCOM\lib386\nt\clib3r.lib(qwrit.c)
00414490       __qwrite_
Module: C:\WATCOM\lib386\nt\clib3r.lib(utoupper.c)
00414570       towupper_


                        +----------------------+
                        |   Imported Symbols   |
                        +----------------------+

Symbol                              Module
======                              ======

_GetVersion@0                       KERNEL32.DLL
_GetModuleHandleA@4                 KERNEL32.DLL
_GetProcAddress@8                   KERNEL32.DLL
_GetModuleFileNameA@12              KERNEL32.DLL
_GetCommandLineA@0                  KERNEL32.DLL
_GetCommandLineW@0                  KERNEL32.DLL
_ExitProcess@4                      KERNEL32.DLL
_RtlUnwind@16                       KERNEL32.DLL
_GetCurrentThreadId@0               KERNEL32.DLL
_SetStdHandle@8                     KERNEL32.DLL
_CreateEventA@16                    KERNEL32.DLL
_GetStdHandle@4                     KERNEL32.DLL
_CloseHandle@4                      KERNEL32.DLL
_GetModuleFileNameW@12              KERNEL32.DLL
_MultiByteToWideChar@24             KERNEL32.DLL
_LoadLibraryA@4                     KERNEL32.DLL
_WriteFile@20                       KERNEL32.DLL
_SetUnhandledExceptionFilter@4      KERNEL32.DLL
_UnhandledExceptionFilter@4         KERNEL32.DLL
_VirtualQuery@12                    KERNEL32.DLL
_MessageBoxA@16                     USER32.DLL
_GetFullPathNameA@16                KERNEL32.DLL
_GetFileType@4                      KERNEL32.DLL
_GetFileInformationByHandle@8       KERNEL32.DLL
_GetFileTime@16                     KERNEL32.DLL
_GetFileSize@8                      KERNEL32.DLL
_CreateFileA@28                     KERNEL32.DLL
_GetLastError@0                     KERNEL32.DLL
_GetDriveTypeA@4                    KERNEL32.DLL
_FindFirstFileA@8                   KERNEL32.DLL
_FindClose@4                        KERNEL32.DLL
_SetConsoleCtrlHandler@8            KERNEL32.DLL
_TlsGetValue@4                      KERNEL32.DLL
_TlsSetValue@8                      KERNEL32.DLL
_SetFilePointer@16                  KERNEL32.DLL
_GetFileAttributesA@4               KERNEL32.DLL
_GetCurrentDirectoryA@8             KERNEL32.DLL
_FileTimeToLocalFileTime@8          KERNEL32.DLL
_FileTimeToDosDateTime@12           KERNEL32.DLL
_DosDateTimeToFileTime@12           KERNEL32.DLL
_LocalFileTimeToFileTime@8          KERNEL32.DLL
_FormatMessageA@28                  KERNEL32.DLL
_DeleteFileA@4                      KERNEL32.DLL
_SetEndOfFile@4                     KERNEL32.DLL
_ReadFile@20                        KERNEL32.DLL
_CharUpperA@4                       USER32.DLL
_VirtualAlloc@16                    KERNEL32.DLL
_InitializeCriticalSection@4        KERNEL32.DLL
_DeleteCriticalSection@4            KERNEL32.DLL
_LeaveCriticalSection@4             KERNEL32.DLL
_EnterCriticalSection@4             KERNEL32.DLL
_SetLastError@4                     KERNEL32.DLL
_TlsAlloc@0                         KERNEL32.DLL
_TlsFree@4                          KERNEL32.DLL
_VirtualFree@12                     KERNEL32.DLL
_CreateThread@24                    KERNEL32.DLL
_ResumeThread@4                     KERNEL32.DLL
_ExitThread@4                       KERNEL32.DLL
_SetEnvironmentVariableA@8          KERNEL32.DLL
_GetTimeZoneInformation@4           KERNEL32.DLL
_GetACP@0                           KERNEL32.DLL
_GetOEMCP@0                         KERNEL32.DLL
_GetCPInfo@8                        KERNEL32.DLL
_WideCharToMultiByte@32             KERNEL32.DLL
_FlushFileBuffers@4                 KERNEL32.DLL


                        +--------------------+
                        |   Libraries Used   |
                        +--------------------+

C:\WATCOM\lib386\nt\kernel32.lib
C:\WATCOM\lib386\nt\user32.lib
C:\WATCOM\lib386\nt\flib7.lib
C:\WATCOM\lib386\math387r.lib
C:\WATCOM\lib386\nt\clib3r.lib
C:\WATCOM\lib386\nt\emu387.lib


                        +-----------------------+
                        |   Linker Statistics   |
                        +-----------------------+

Stack size:  00010000 (65536.)
Memory size:  00026efe (159486.)
Entry point address: 0040159c
Link time: 00:00.67
