Open Watcom Linker Version 2.0 beta Apr  2 2015 09:56:44 (64-bit)
Copyright (c) 2002-2015 The Open Watcom Contributors. All Rights Reserved.
Portions Copyright (c) 1985-2002 Sybase, Inc. All Rights Reserved.
Created on:       15/07/13 15:57:05
Executable Image: exercicio13.exe
creating a Windows NT character-mode executable


                        +------------+
                        |   Groups   |
                        +------------+

Group                           Address              Size
=====                           =======              ====

.idata                          00415000             00000708
DGROUP                          00416000             000130f0



                        +--------------+
                        |   Segments   |
                        +--------------+

Segment                Class          Group          Address         Size
=======                =====          =====          =======         ====

BEGTEXT                CODE           AUTO           00401000        00000007
_TEXT                  CODE           AUTO           00401010        00013500
TRANSFER CODE          CODE           AUTO           00414510        00000186
.idata                 .idata         .idata         00415000        00000708
_NULL                  BEGDATA        DGROUP         00416000        00000004
_AFTERNULL             BEGDATA        DGROUP         00416004        00000000
CONST                  DATA           DGROUP         00416010        00000184
_DATA                  DATA           DGROUP         004161a0        00000fe8
XIB                    DATA           DGROUP         00417188        00000000
XI                     DATA           DGROUP         00417188        0000004e
XIE                    DATA           DGROUP         004171d6        00000000
YIB                    DATA           DGROUP         004171d6        00000000
YI                     DATA           DGROUP         004171d6        00000030
YIE                    DATA           DGROUP         00417206        00000000
CONST2                 DATA           DGROUP         00417208        00000000
TIB                    DATA           DGROUP         00417208        00000000
TI                     DATA           DGROUP         00417208        00000000
TIE                    DATA           DGROUP         00417208        00000000
DATA                   DATA           DGROUP         00417208        00000000
DATA32                 DATA           DGROUP         00417208        0000011c
CONST32                CONST          DGROUP         00418000        00000000
_BSS                   BSS            DGROUP         00418000        000010ec
BSS32                  BSS            DGROUP         004190ec        00000000
STACK                  STACK          DGROUP         004190f0        00010000


                        +----------------+
                        |   Memory Map   |
                        +----------------+

* = unreferenced symbol
+ = symbol only referenced locally

Address        Symbol
=======        ======

Module: exercicio13.obj(C:\Users\Samsung\Desktop\2015.1\Comp2\Exercicio13\exercicio13.for)
00401010       FMAIN
Module: C:\WATCOM\lib386\nt\flib7.lib(cowrite.asm)
004011f5       RT@IOWrite
00401204*      RT@OutLOG1
00401216*      RT@OutLOG4
00401224*      RT@OutINT1
00401236*      RT@OutINT2
00401246       RT@OutINT4
00401255*      RT@OutREAL
00401265       RT@OutDBLE
00401275*      RT@OutXTND
00401285*      RT@OutCPLX
0040129b*      RT@OutDBCX
004012b1*      RT@OutXTCX
004012c7       RT@OutCHAR
004012cc*      RT@OutSTR
004012d1*      RT@PrtArr
004012d6*      RT@PrtChArr
Module: C:\WATCOM\lib386\nt\flib7.lib(cortns.asm)
004161e0*      _FRT_SaveESP
004012e6*      SwitchToGen
00401304       SwitchToRT
00401322       RdWrCommon
004013c6       IOType_
004013e4       IOChar
004013ff       IOStr
00401414       IOArr
0040142f       IOChArr
00401451       RT@EndIO
Module: C:\WATCOM\lib386\nt\flib7.lib(coread.asm)
0040145b       RT@IORead
0040146a*      RT@InpLOG1
00401479*      RT@InpLOG4
00401488*      RT@InpINT1
00401497*      RT@InpINT2
004014a6*      RT@InpINT4
004014b5*      RT@InpREAL
004014c4       RT@InpDBLE
004014d3*      RT@InpXTND
004014e2*      RT@InpCPLX
004014f1*      RT@InpDBCX
00401500*      RT@InpXTCX
0040150f*      RT@InpCHAR
00401514*      RT@InpSTR
00401519*      RT@InpArr
0040151e*      RT@InpChArr
Module: C:\WATCOM\lib386\nt\clib3r.lib(cstrtwnt)
00401524       _cstart_
00401524*      mainCRTStartup
Module: C:\WATCOM\lib386\nt\clib3r.lib(_8087386.asm)
00416200       __8087
00416201       __real87
Module: C:\WATCOM\lib386\nt\emu387.lib(386stub.asm)
00401580       __init_387_emulator
00401581*      __fini_387_emulator
Module: C:\WATCOM\lib386\nt\flib7.lib(initeng.c)
00418000       __init_english
Module: C:\WATCOM\lib386\nt\flib7.lib(initerr.c)
00418004       __init_error
Module: C:\WATCOM\lib386\nt\flib7.lib(exwrite.c)
00401600       DoWrite_
Module: C:\WATCOM\lib386\nt\flib7.lib(setiocb.c)
00401630       RT@SetIOCB
Module: C:\WATCOM\lib386\nt\flib7.lib(rdata.c)
00418010       _IORslt
00418020       _FmtBuff
00418024*      _Fmt_revert
00418028*      _Fmt_start
0041802c*      _Fmt_paren_level
00418030*      _Fmt_charptr
00418034*      _FmtEmStruct
00418038       _IOTypeRtn
0041803c*      _Fmt_end
00418040*      _Fmt_rep_spec
00418044       _FmtRoutine
00418048       _IOCB
0041804c       _Files
00418050*      _Fmt_delimited
Module: C:\WATCOM\lib386\nt\flib7.lib(iomain.c)
004016c0       __ReleaseIOSys_
004016e0       IOMain_
Module: C:\WATCOM\lib386\nt\clib3r.lib(crwdata)
00416245       __osmajor
00416246       __osminor
00416247       __osbuild
00416249       __osver
0041624d       __winmajor
00416251       __winminor
00416255       __winver
00416214       __LpDllName
00416218       __LpwCmdLine
0041621c       __LpwPgmName
00416220       __LpwDllName
0041620c       __LpCmdLine
00416210       __LpPgmName
00416204*      __dynend
00416208       __curbrk
00416224*      __STACKLOW
00416228       __STACKTOP
0041622c       __ASTACKSIZ
00416230       __ASTACKPTR
00416234*      __cbyte
00416238*      __cbyte2
0041623c*      __child
00416241       __Envptr
00416240       __no87
00416259       ___FPE_handler
Module: C:\WATCOM\lib386\nt\flib7.lib(thrdutil.c)
004018f0*      __InitMultiThreadIO_
00416264       ___SwitchStkLow
Module: C:\WATCOM\lib386\nt\flib7.lib(exread.c)
00401980       DoRead_
Module: C:\WATCOM\lib386\nt\clib3r.lib(main2wnt.c)
004019b0       __NTMain
Module: C:\WATCOM\lib386\nt\clib3r.lib(segdefns)
00401003       ___begtext
00416000*      __nullarea
00417188       __Start_XI
004171d6       __End_XI
004171d6       __Start_YI
00417206       __End_YI
Module: C:\WATCOM\lib386\nt\clib3r.lib(chk8087.c)
00401a30*      _fpreset_
00401a70       __chk8087_
00401a80*      __init_8087_
Module: C:\WATCOM\lib386\nt\flib7.lib(english.c)
00401ad0       __UseEnglishCharSet_
Module: C:\WATCOM\lib386\nt\flib7.lib(errincl.c)
00401be0       __InitError_
00416268+      _PGroupTable
0041626c+      _PErrWord
Module: C:\WATCOM\lib386\nt\flib7.lib(rdwr.c)
00401c00+      DoOpen_
00401c30+      _AllocBuffer_
00401c70       IOPrologue_
00401eb0       UpdateRecNum_
Module: C:\WATCOM\lib386\nt\flib7.lib(unfmtout.c)
00401fd0       UnFmtOut_
Module: C:\WATCOM\lib386\nt\flib7.lib(freeout.c)
00402420       FreeOut_
00416270+      _OutRtn
Module: C:\WATCOM\lib386\nt\flib7.lib(rtutls.c)
00402520       FindFtnFile_
00402610       RChkAlloc_
00402640       F_Connect_
004026c0       ConnectFile_
004026d0*      GetFileInfo_
004027c0       DiscoFile_
00402830*      ChkFileName_
00402860+      ChkLogFile_
004028a0       ChkIOOperation_
004028e0       GetIOErr_
004028f0       ChkIOErr_
00402910       ChkUnitId_
00402950*      ChkConnected_
00402970       SetEOF_
004029a0       ClearEOF_
004029e0       SysEOF_
00402a10       IsFixed_
00402a20       IsCarriage_
00402a30*      ChkRecordStructure_
00402a60*      ChkSequential_
00402a80*      ChkExist_
00402ab0*      StrItem_
Module: C:\WATCOM\lib386\nt\flib7.lib(rtinit.c)
004162a4       ___FAppType
004162a8       __ExceptionInit
004162ac       __ExceptionFini
00402af0*      __InitFThreadData_
00402b30+      RTSysFini_
00402b40       RTSysInit_
004162b4       __AccessFIO
004162b8       __ReleaseFIO
004162bc       __PartialReleaseFIO
00418058       ___FThreadDataOffset
004171a6*      ___fthread_data_size
Module: C:\WATCOM\lib386\nt\clib3r.lib(mainwnt.c)
004162c0       ___TlsIndex
004162c4       ___FirstThreadData
004162c8       ___GetThreadPtr
004162cc       __AccessFileH
004162d0       __ReleaseFileH
004162d4       __AccessIOB
004162d8       __ReleaseIOB
004162dc       __AccessNHeap
004162e0       __AccessFHeap
004162e4       __ReleaseNHeap
00402c00*      __threadid_
00402c20+      __sig_null_rtn_
00402c30+      __NTInit_
00402e40+      __NTFini_
00402ec0       __NTMainInit_
00402f20       __exit_
004162e8       __ReleaseFHeap
004162ec       __AccessTDList
004162f0       __ReleaseTDList
004162f4       __AccessFList
004162f8       __ReleaseFList
004162fc       __ThreadExitRtn
00416300       ___sig_init_rtn
00416304       ___sig_fini_rtn
00416308       ___process_fini
00418064       ___Is_DLL
Module: C:\WATCOM\lib386\nt\flib7.lib(ioinit.c)
00402f80       IOSysInit_
Module: C:\WATCOM\lib386\nt\flib7.lib(rterr.c)
00416310+      _TraceRoutine
00402fd0+      FlushStdUnit_
00403020+      WriteErr_
004030f0       ErrHandler_
00403130       RTErr_
0041631c+      LG@ERR_HOOK
Module: C:\WATCOM\lib386\nt\flib7.lib(spawn.c)
00403160       Spawn_
004031c0       Suicide_
Module: C:\WATCOM\lib386\nt\flib7.lib(rtsysutl.c)
00403200       GetSysIOInfo_
00403220       GetSysFileInfo_
00403250*      IsDevice_
00403420       OpenAction_
00403460*      DfltRecType_
00403480+      _FileAttrs_
00403540       CloseFile_
004035b0       Scrtched_
004035d0*      CloseDeleteFile_
00403620       Errf_
00403640       FPutBuff_
004036b0       FGetBuff_
00403700       SeekFile_
00403720       NoEOF_
00403730       SysClearEOF_
00403740*      SameFile_
00403750*      Rewindf_
00403770*      SysCreateFile_
004037b0       CheckLogicalRecord_
004037d0       SkipLogicalRecord_
004037f0*      BackSpacef_
00403820*      EndFilef_
00403860       GetIOErrMsg_
004038a0       ReportNExist_
004038c0       ReportEOF_
004038d0*      WaitForEnter_
Module: C:\WATCOM\lib386\nt\flib7.lib(unfmtin.c)
004038e0       UnFmtIn_
00403980+      NextUnFmtRec_
Module: C:\WATCOM\lib386\nt\flib7.lib(freein.c)
00403d60+      GetNum_
00403f60       FreeIn_
00403f70*      DoFreeIn_
00403fa0+      BumpComma_
00403fd0+      Blanks_
00403ff0+      CheckEor_
Module: C:\WATCOM\lib386\nt\clib3r.lib(initrtns.c)
00404610       __InitRtns
00404660       __FiniRtns
Module: C:\WATCOM\lib386\nt\clib3r.lib(mthrdini.c)
004046c0       __InitThreadData_
00416320       ___ThreadDataSize
Module: C:\WATCOM\lib386\nt\clib3r.lib(memset.c)
004046f0       memset_
Module: C:\WATCOM\lib386\nt\clib3r.lib(cmain386.c)
00404710       __CMain
Module: C:\WATCOM\lib386\nt\clib3r.lib(dosseg)
00001234       __DOSseg__
Module: C:\WATCOM\lib386\nt\clib3r.lib(8087cw.c)
00416324       __8087cw
Module: C:\WATCOM\lib386\nt\clib3r.lib(save8087.c)
00416328       ___Save8087
0041632c       ___Rest8087
Module: C:\WATCOM\lib386\nt\clib3r.lib(ini87386.asm)
00404754       __x87id
Module: C:\WATCOM\lib386\nt\flib7.lib(csetinfo.c)
00418680       _CharSetInfo
Module: C:\WATCOM\lib386\nt\flib7.lib(errmsg.c)
00404ac0       _GroupTable
00404b70       _ErrWord
Module: C:\WATCOM\lib386\nt\flib7.lib(blderr.c)
00405230       Substitute_
00405400       ErrCodOrg_
Module: C:\WATCOM\lib386\nt\flib7.lib(errrtns.c)
00418694       ___ErrorFini
00418698       ___ErrorInit
0041869c       ___BldErrMsg
Module: C:\WATCOM\lib386\nt\flib7.lib(sdfile.c)
00416330*      _FFCtrlSeq
00416332*      _SkipCtrlSeq
00416334       _NormalCtrlSeq
00416336       _SDTermIn
0041633a       _SDTermOut
0041633e*      _SDPrtName
Module: C:\WATCOM\lib386\nt\flib7.lib(ioerr.c)
00405440       IOErr_
Module: C:\WATCOM\lib386\nt\flib7.lib(wrutils.c)
004054d0       F_SendData_
00405530*      SendLine_
00405540       SendEOR_
004055d0*      SendInt_
00405600       SendStr_
00405620+      SendWSLStr_
00405640       SendChar_
00405660       Drop_
00405820       IOItemResult_
Module: C:\WATCOM\lib386\nt\flib7.lib(unfmtutl.c)
004058a0       _SizeVars
Module: C:\WATCOM\lib386\nt\flib7.lib(undefcg.c)
00405940       OutLogCG_
00405950       OutIntCG_
00405990+      FmtRealCG_
004059c0+      FmtDoubleCG_
004059f0+      FmtExtendedCG_
00405a20+      UndefIntCG_
00405a20+      UndefLogCG_
00405a20+      UndefExtendedCG_
00405a20+      UndefDoubleCG_
00405a20+      UndefRealCG_
00405a30+      GetRealCG_
00416344       _FmtRealRtn
00416348       _FmtDoubleRtn
0041634c       _FmtExtendedRtn
00416350       _SendStrRtn
00416354       _UndefRealRtn
00416358       _UndefDoubleRtn
0041635c       _UndefExtendedRtn
00416360       _UndefLogRtn
00416364       _UndefIntRtn
00416368       _GetRealRtn
Module: C:\WATCOM\lib386\nt\flib7.lib(cctrl.c)
00405a40       CheckCCtrl_
Module: C:\WATCOM\lib386\nt\flib7.lib(fdutil.c)
00405ab0       LocFile_
00405ac0       LocUnit_
00405af0       ExtractInfo_
Module: C:\WATCOM\lib386\nt\flib7.lib(rstdio.c)
00405c20       _InitStandardInput_
00405c50       _InitStandardOutput_
Module: C:\WATCOM\lib386\nt\flib7.lib(rmemmgr.c)
00405c80       RMemAlloc_
00405c90       RMemFree_
Module: C:\WATCOM\lib386\nt\flib7.lib(deffname.c)
0041636c       _DefFName
Module: C:\WATCOM\lib386\nt\flib7.lib(stracc.c)
00405ca0       TrimStr_
00405ce0       GetStr_
Module: C:\WATCOM\lib386\nt\flib7.lib(rttraps.c)
00405e00       __EnableF77RTExceptionHandling_
00405e10       R_TrapInit_
00405ea0       R_TrapFini_
00405eb0*      __InitExceptionVectors_
Module: C:\WATCOM\lib386\nt\clib3r.lib(nodefwin.c)
00416374*      __WindowsIsWindowedHandle
00416378*      __WindowsRemoveWindowedHandle
0041637c*      __WindowsNewWindow
00416380*      __WindowsCloseWindow
00416384*      __WindowsSetAbout
00416388*      __WindowsSetAppTitle
0041638c*      __WindowsSetConTitle
00416390*      __WindowsDestroyOnClose
00416394*      __WindowsYieldControl
00416398*      __WindowsShutDown
0041639c*      __WindowsStdin
004163a0       __WindowsStdout
004163a4*      __WindowsKbhit
004163a8*      __WindowsGetch
004163ac*      __WindowsGetche
004163b0*      __WindowsPutch
00405ed0*      _dwShutDown_
00405ed0*      _dwYield_
00405ed0*      _dwSetConTitle_
00405ed0*      _dwSetAppTitle_
00405ed0*      _dwSetAboutDlg_
00405ed0       _dwDeleteOnClose_
004163b4*      __WindowsExitRtn
004186a0*      __init_default_win
Module: C:\WATCOM\lib386\nt\clib3r.lib(atexit.c)
00405ed3       atexit_
Module: C:\WATCOM\lib386\nt\clib3r.lib(regdata.c)
00405f30       __RegisterThreadDataSize_
Module: C:\WATCOM\lib386\nt\clib3r.lib(hdlman.c)
004163b8+      ___NHandles
004163bc+      ___OSHandles
004163c0+      ___FakeHandles
00405f60+      __growPOSIXHandles_
00406000       __allocPOSIXHandle_
004060c0       __freePOSIXHandle_
004060e0       __getOSHandle_
004060f0       __setOSHandle_
00406140+      __NTGetFakeHandle_
004061b0       __initPOSIXHandles_
00406290*      __set_handles_
004062a0*      _grow_handles_
Module: C:\WATCOM\lib386\nt\clib3r.lib(environ.c)
00418728       ___env_mask
0041872c       _environ
00418730       __wenviron
Module: C:\WATCOM\lib386\nt\clib3r.lib(getmodfn.c)
004062e0       __lib_GetModuleFileNameW_
Module: C:\WATCOM\lib386\nt\clib3r.lib(strdup.c)
00406380       __clib_strdup_
Module: C:\WATCOM\lib386\nt\clib3r.lib(istable.c)
004063c0       __IsTable
Module: C:\WATCOM\lib386\nt\clib3r.lib(ustrdup.c)
004064c1       __clib_wcsdup_
Module: C:\WATCOM\lib386\nt\clib3r.lib(nfree.c)
004064f0       _nfree_
004064f0       free_
00418734       ___MiniHeapFreeRover
Module: C:\WATCOM\lib386\nt\clib3r.lib(excptwnt.c)
00406c60+      ___ReportException@4
004070b0       __DefaultExceptionHandler_
004070f0+      ___ExceptionFilter
00407300       __NewExceptionFilter_
00407330       __DoneExceptionFilter_
004163cc       ___oscode_check_func
004163d0       ___raise_func
00418738*      _sw
0041873c       ___ExceptionHandled
0041873d+      ___ReportInvoked
Module: C:\WATCOM\lib386\nt\clib3r.lib(stklmwnt.c)
00407370       __init_stack_limits_
Module: C:\WATCOM\lib386\nt\flib7.lib(runmain.c)
004073e0*      __InitUnit6CC_
004073f0       __DevicesCC_
00407400*      __InitAllowCommaSeparator_
00407410       __AllowCommaSep_
00407420+      _InitIO_
00407490+      CloseAllFiles_
004074d0*      _FiniEx_
004074d0       RunExit_
00407510       RunEntry_
Module: C:\WATCOM\lib386\nt\flib7.lib(posdat.c)
004165cc       _FStdIn
004165d0       _FStdOut
004165d4       _FStdErr
Module: C:\WATCOM\lib386\nt\flib7.lib(posflush.c)
00407540       FlushBuffer_
Module: C:\WATCOM\lib386\nt\flib7.lib(errutil.c)
004075f0       BldErrCode_
00407650*      MsgFormat_
00407680*      MsgBuffer_
004165d8+      _PGrpCodes
Module: C:\WATCOM\lib386\nt\clib3r.lib(enterdb.c)
004076b0       __EnterWVIDEO_
004165dc       ___WD_Present
Module: C:\WATCOM\lib386\nt\flib7.lib(stdio.c)
004076f0       StdBuffer_
00407710+      StdWrite_
004077f0       StdFlush_
00407820       StdWriteNL_
Module: C:\WATCOM\lib386\nt\clib3r.lib(stjmp386.asm)
00407848       _setjmp_
00407881       longjmp_
Module: C:\WATCOM\lib386\nt\clib3r.lib(exit.c)
00407903+      __null_int23_exit_
00407904       exit_
00407954*      _exit_
004169e8+      ___int23_exit
004169ec+      ___FPE_handler_exit
Module: C:\WATCOM\lib386\nt\clib3r.lib(accsswnt.c)
00407970       access_
Module: C:\WATCOM\lib386\nt\clib3r.lib(fullpath.c)
004079b0+      _sys_fullpath_
00407a30       _fullpath_
Module: C:\WATCOM\lib386\nt\clib3r.lib(fstatwnt.c)
00407aa0       fstat_
Module: C:\WATCOM\lib386\nt\flib7.lib(poserr.c)
00407e00       Errorf_
00407e20*      EOFile_
00407e40       ErrorMsg_
00407e80       FSetTrunc_
00407e90       FSetSysErr_
00407eb0       FSetErr_
00407ed0       FSetEof_
00407ef0       IOOk_
Module: C:\WATCOM\lib386\nt\clib3r.lib(statwnt.c)
00408015       stat_
Module: C:\WATCOM\lib386\nt\flib7.lib(posopen.c)
00408250       InitStd_
00408310       SetIOBufferSize_
00408330+      _AllocFile_
00408420       Openf_
00408520       Closef_
Module: C:\WATCOM\lib386\nt\flib7.lib(posdel.c)
004085a0       Scratchf_
Module: C:\WATCOM\lib386\nt\flib7.lib(posput.c)
004085c0       FPutRec_
00408600       ChopFile_
00408650*      PutRec_
00408770       writebytes_
004087f0       SysWrite_
Module: C:\WATCOM\lib386\nt\flib7.lib(posget.c)
00408930       readbytes_
00408a00       SysRead_
00408e60       FGetRec_
00408e90*      GetRec_
00408eb0       GetStdChar_
00408f00       FCheckLogical_
00408f80       FSkipLogical_
00409050*      FGetVarRecLen_
Module: C:\WATCOM\lib386\nt\flib7.lib(posseek.c)
00409140       FSeekRec_
00409180       CurrFileOffset_
00409180       FGetFilePos_
004091a0       SysSeek_
00409390*      FSeekAbs_
Module: C:\WATCOM\lib386\nt\clib3r.lib(stricmp.c)
004093a0       stricmp_
Module: C:\WATCOM\lib386\nt\flib7.lib(posrew.c)
004093e0       FRewind_
Module: C:\WATCOM\lib386\nt\flib7.lib(posback.c)
00409450       FBackspace_
Module: C:\WATCOM\lib386\nt\flib7.lib(postrunc.c)
00409520       FTruncate_
Module: C:\WATCOM\lib386\nt\clib3r.lib(errno.c)
00409540       __get_errno_ptr_
00409550*      __get_doserrno_ptr_
Module: C:\WATCOM\lib386\nt\flib7.lib(rdutils.c)
00409560       NextRec_
Module: C:\WATCOM\lib386\nt\flib7.lib(arrayio.c)
00409700       ArrayIOType_
Module: C:\WATCOM\lib386\nt\clib3r.lib(toupper.c)
00409780       toupper_
Module: C:\WATCOM\lib386\nt\flib7.lib(chrutils.c)
00409790       JmpBlanks_
Module: C:\WATCOM\lib386\nt\flib7.lib(fmtcnvt.c)
004097c0       FmtS2I_
00409900       FmtS2F_
Module: C:\WATCOM\lib386\nt\clib3r.lib(__stos.asm)
00409ce0       __STOSB
00409d17*      __STOSD
Module: C:\WATCOM\lib386\nt\clib3r.lib(cinit.c)
00409d90       __CommonInit_
Module: C:\WATCOM\lib386\nt\clib3r.lib(___argc.c)
00418744       ____Argc
00418748       ____Argv
Module: C:\WATCOM\lib386\nt\flib7.lib(rtmain.c)
00409da0       main_
Module: C:\WATCOM\lib386\nt\clib3r.lib(memmove.c)
00409dc0       memmove_
Module: C:\WATCOM\lib386\nt\clib3r.lib(sprintf.c)
00409e20       sprintf_
Module: C:\WATCOM\lib386\nt\flib7.lib(ifile.c)
00409e50       SendIFBuff_
00409e80       NextIFBuff_
Module: C:\WATCOM\lib386\nt\clib3r.lib(ltoa.c)
00409eb0       ultoa_
00409f00       ltoa_
Module: C:\WATCOM\lib386\nt\flib7.lib(expchk.c)
00409f30       ToFFormat_
Module: C:\WATCOM\lib386\nt\flib7.lib(fmtrtns.c)
00409f80       R_F2E_
0040a0f0       R_F2F_
0040a280       SetMaxPrec_
Module: C:\WATCOM\lib386\nt\flib7.lib(rfmtlog.c)
0040a2a0       R_FmtLog_
Module: C:\WATCOM\lib386\nt\flib7.lib(rfmtutil.c)
0040a300+      R_ChkType_
0040a330*      R_NewRec_
0040a370*      R_ChkIType_
0040a3a0*      R_ChkFType_
0040a3d0*      R_ChkRecLen_
0040a3f0+      GetLen_
0040a430*      R_FOStr_
0040a440*      FOString_
0040a4b0*      R_FIStr_
0040a570+      R_FOLog_
0040a5c0*      R_FILog_
0040a6a0*      R_FIFloat_
0040a890       GetReal_
0040a9a0*      R_FOF_
0040aa20*      R_FOE_
0040ab60+      FmtH2B_
0040ac50*      R_FIHex_
0040add0*      R_FOHex_
0040ade0*      FOHex_
0040aee0*      R_FIInt_
0040aff0*      R_FOInt_
0040b250*      R_FOG_
0040b4d0+      ChkBuffLen_
Module: C:\WATCOM\lib386\nt\clib3r.lib(getenv.c)
0040b500       getenv_
Module: C:\WATCOM\lib386\nt\clib3r.lib(nmalloc.c)
0040b5a0       _nmalloc_
0040b5a0       malloc_
004169f8       ___nheapbeg
004169fc       ___MiniHeapRover
00416a00       ___LargestSizeB4MiniHeapRover
Module: C:\WATCOM\lib386\nt\clib3r.lib(signlwnt.c)
00416a04+      __SignalTable
0040b6a0+      __SetSignalFunc_
0040b6f0+      __GetSignalFunc_
0040b720+      __GetSignalOSCode_
0040b750+      __CheckSignalExCode_
0040b890+      __sigabort_
0040b8a0       __sigfpe_handler_
0040b8f0       signal_
0040b980+      raise_
0040b9f0+      __SigInit_
0040ba40+      __SigFini_
0040ba80+      __sig_init_
Module: C:\WATCOM\lib386\nt\flib7.lib(fptraps.c)
0040bb60*      __MaskDefaultFPE_
0040bb80       FPTrapInit_
0040bbb0       FPTrapFini_
Module: C:\WATCOM\lib386\nt\clib3r.lib(trdlist.c)
0040bc20       __GetThreadData_
0040bc70       __ReallocThreadData_
0040bd60       __AddThreadData_
0040bde0       __RemoveThreadData_
0040be40       __ResizeThreadDataList_
0040be70       __FreeThreadDataList_
0040bea0*      __ActiveThreads_
Module: C:\WATCOM\lib386\nt\clib3r.lib(seterrno.c)
0040beb7       __set_errno_
0040bec5*      __set_EDOM_
0040bed3       __set_ERANGE_
0040bee1*      __set_EINVAL_
0040bef4       __set_doserrno_
Module: C:\WATCOM\lib386\nt\clib3r.lib(nrealloc.c)
0040bf10*      _nrealloc_
0040bf10       realloc_
Module: C:\WATCOM\lib386\nt\clib3r.lib(iomode.c)
0040bf90       __GetIOMode_
0040bfb0       __SetIOMode_nogrow_
00416a70       ___NFiles
00416a74       ___init_mode
00416ac4       ___io_mode
Module: C:\WATCOM\lib386\nt\clib3r.lib(stiomode.c)
0040bfd0       __grow_iomode_
0040c0a0+      __shrink_iomode_
0040c0e0       __SetIOMode_
Module: C:\WATCOM\lib386\nt\clib3r.lib(setenvp.c)
0040c160       __setenvp_
0040c230       __freeenvp_
Module: C:\WATCOM\lib386\nt\clib3r.lib(ustrlen.c)
0040c27d       wcslen_
Module: C:\WATCOM\lib386\nt\clib3r.lib(memcpy.c)
0040c290       memcpy_
Module: C:\WATCOM\lib386\nt\clib3r.lib(mem.c)
0040c2b0       __MemAllocator
0040c360       __MemFree
Module: C:\WATCOM\lib386\nt\clib3r.lib(conutwnt.c)
0040c4b0*      __NTRealKey_
0040c560*      __NTConsoleInput_
0040c570       __NTConsoleOutput_
Module: C:\WATCOM\lib386\nt\clib3r.lib(fclex387.c)
0040c580       _ClearFPE_
Module: C:\WATCOM\lib386\nt\clib3r.lib(lseek.c)
0040c590       lseek_
Module: C:\WATCOM\lib386\nt\clib3r.lib(write.c)
0040c830       write_
Module: C:\WATCOM\lib386\nt\flib7.lib(errgrp.c)
0040ca90       _GrpCodes
Module: C:\WATCOM\lib386\nt\clib3r.lib(iob.c)
00416ad0       ___iob
00418758       ___OpenStreams
0041875c       ___ClosedStreams
Module: C:\WATCOM\lib386\nt\clib3r.lib(setmd.c)
0040cb20       setmode_
Module: C:\WATCOM\lib386\nt\clib3r.lib(ljmphdl.c)
00416cd8       ___longjmp_handler
Module: C:\WATCOM\lib386\nt\clib3r.lib(fgtattr.c)
0040cc20       __fixed_GetFileAttributesA_
Module: C:\WATCOM\lib386\nt\clib3r.lib(dosret.c)
0040ccc0*      __dosretax
0040ccd0*      __dosret0
0040cce0       __set_errno_dos_
0040cd10*      __set_errno_dos_reterr_
0040cd20       __set_errno_nt_
0040cd30*      __set_errno_nt_reterr_
Module: C:\WATCOM\lib386\nt\clib3r.lib(gtcwdwnt.c)
0040cd50       getcwd_
Module: C:\WATCOM\lib386\nt\clib3r.lib(iomodtty.c)
0040cde0       __ChkTTYIOMode_
0040ce20       __IOMode_
Module: C:\WATCOM\lib386\nt\clib3r.lib(ntdosdt.c)
0040ce40       __MakeDOSDT_
0040ce70*      __FromDOSDT_
Module: C:\WATCOM\lib386\nt\clib3r.lib(d2ttime.c)
0040cea0       _d2ttime_
Module: C:\WATCOM\lib386\nt\clib3r.lib(strerror.c)
0040d240       strerror_
0040d260*      _strerror_
0040d330*      _doserror_
00416de0+      __sys_errlist
00416e84+      __sys_nerr
Module: C:\WATCOM\lib386\nt\clib3r.lib(cmp386.asm)
0040d360       strcmp_
Module: C:\WATCOM\lib386\nt\clib3r.lib(mbspbrk.c)
0040d4a0       _mbspbrk_
Module: C:\WATCOM\lib386\nt\clib3r.lib(mbsinc.c)
0040d4f0       _mbsinc_
Module: C:\WATCOM\lib386\nt\clib3r.lib(tolower.c)
0040d520       tolower_
Module: C:\WATCOM\lib386\nt\clib3r.lib(close.c)
0040d530       close_
Module: C:\WATCOM\lib386\nt\clib3r.lib(openwnt.c)
0040d750*      open_
0040d770       sopen_
Module: C:\WATCOM\lib386\nt\flib7.lib(poscc.c)
0040d7a0*      __LineFeedWithFormFeed_
0040d7b0       FSetCC_
Module: C:\WATCOM\lib386\nt\clib3r.lib(unlnkwnt.c)
0040d810       unlink_
Module: C:\WATCOM\lib386\nt\clib3r.lib(chsizwnt.c)
0040d890       chsize_
Module: C:\WATCOM\lib386\nt\clib3r.lib(read.c)
0040d980       read_
Module: C:\WATCOM\lib386\nt\flib7.lib(intarith.c)
0040db10       AddIOFlo_
0040db20*      SubIOFlo_
0040db30       MulIOFlo_
Module: C:\WATCOM\lib386\math387r.lib(strtod.c)
0040e053+      __Strtold_
0040e1ba       strtod_
Module: C:\WATCOM\lib386\nt\clib3r.lib(argcv.c)
00418860       __argc
00418864       __argv
00418868       ___argc
0041886c       ___argv
Module: C:\WATCOM\lib386\nt\clib3r.lib(vsprintf.c)
0040e320       vsprintf_
Module: C:\WATCOM\lib386\nt\clib3r.lib(alphabet.c)
00416130       ___Alphabet
Module: C:\WATCOM\lib386\math387r.lib(ldcvt.c)
0040e41f       _LDScale10x_
0040e9c6       __LDcvt_
Module: C:\WATCOM\lib386\nt\flib7.lib(flt86.c)
0040ee20       _P1d100
0040ee28       _P1d_99
Module: C:\WATCOM\lib386\math387r.lib(pow87.asm)
0040ef89*      pow_
0040ee30       IF@DPOW
0040ee30*      IF@POW
Module: C:\WATCOM\lib386\nt\flib7.lib(hexcnv.c)
0040efb0       Hex_
0040efd0*      HSToB_
0040f040       BToHS_
Module: C:\WATCOM\lib386\nt\clib3r.lib(strupr.c)
0040f090       strupr_
Module: C:\WATCOM\lib386\nt\clib3r.lib(mbterm.c)
0040f0b0       _mbterm_
Module: C:\WATCOM\lib386\nt\clib3r.lib(mbsnextc.c)
0040f0f0       _mbsnextc_
Module: C:\WATCOM\lib386\nt\clib3r.lib(mbcupper.c)
0040f130       _mbctoupper_
Module: C:\WATCOM\lib386\nt\clib3r.lib(nmemneed.c)
0040f160       __nmemneed_
Module: C:\WATCOM\lib386\nt\clib3r.lib(grownear.c)
0040f2d0       __ExpandDGROUP_
Module: C:\WATCOM\lib386\nt\clib3r.lib(abort.c)
0040f2f6*      abort_
0040f308       __terminate_
00416f38       ___abort
Module: C:\WATCOM\lib386\nt\clib3r.lib(cntrl87.c)
0040f320       _control87_
Module: C:\WATCOM\lib386\nt\clib3r.lib(mthread.c)
0040f500+      __CloseSemaphore_
0040f540+      __AccessIOB_
0040f550+      __ReleaseIOB_
0040f560+      __AccessFileH_
0040f570+      __ReleaseFileH_
0040f580+      __AccessNHeap_
0040f590+      __ReleaseNHeap_
0040f5a0+      __AccessFHeap_
0040f5b0+      __ReleaseFHeap_
0040f5c0+      __AccessTDList_
0040f5d0+      __ReleaseTDList_
0040f5e0+      __AccessFList_
0040f5f0+      __AccessSemaphore_
0040f650+      __ReleaseFList_
0040f660+      __ReleaseSemaphore_
0040f690+      __MultipleThread_
0040f6e0+      __AllocInitThreadData_
0040f730+      __FreeInitThreadData_
0040f740       __NTThreadInit_
0040f7b0       __NTAddThread_
0040f800       __NTRemoveThread_
0040f890       __InitMultipleThread_
00416f3c+      ___AccessSema4
00416f40+      ___ReleaseSema4
00416f44+      ___CloseSema4
Module: C:\WATCOM\lib386\nt\clib3r.lib(xmsgwnt.c)
0040fa50+      __exit_with_msg_
0040fab0       __fatal_runtime_error_
Module: C:\WATCOM\lib386\nt\clib3r.lib(calloc.c)
0040fad0       calloc_
Module: C:\WATCOM\lib386\nt\clib3r.lib(register.c)
0040fb00       __initthread_
0040fb10*      _beginthread_
0040fb20       _endthread_
0040fb30*      __RegisterThreadData_
Module: C:\WATCOM\lib386\nt\clib3r.lib(nmsize.c)
0040fb80       _nmsize_
0040fb80*      _msize_
Module: C:\WATCOM\lib386\nt\clib3r.lib(nexpand.c)
0040fb90       _nexpand_
0040fb90*      _expand_
0040fbd0+      __HeapManager_expand_
Module: C:\WATCOM\lib386\nt\clib3r.lib(dofilstr.c)
0040fdc0       __ParsePosixHandleStr_
Module: C:\WATCOM\lib386\nt\clib3r.lib(clearenv.c)
0040fee0       clearenv_
Module: C:\WATCOM\lib386\nt\clib3r.lib(__lseek.c)
0040ff70       __lseek_
Module: C:\WATCOM\lib386\nt\clib3r.lib(stackwnt.c)
0040ffb0       stackavail_
Module: C:\WATCOM\lib386\nt\clib3r.lib(stkwnt.asm)
0040ffc1*      __CHK
0040ffd1*      __STK
0040fff0       __STKOVERFLOW_
00410000*      __GRO
00410020*      __alloca_probe
Module: C:\WATCOM\lib386\nt\clib3r.lib(initfile.c)
00410070       __InitFiles_
Module: C:\WATCOM\lib386\nt\clib3r.lib(ioexit.c)
00410170*      fcloseall_
00410180       __full_io_exit_
Module: C:\WATCOM\lib386\nt\clib3r.lib(isattwnt.c)
00410190       isatty_
Module: C:\WATCOM\lib386\nt\clib3r.lib(mktime.c)
004101b0       mktime_
Module: C:\WATCOM\lib386\nt\clib3r.lib(strncpy.c)
00410240       strncpy_
Module: C:\WATCOM\lib386\nt\clib3r.lib(mbschr.c)
00410280       _mbschr_
Module: C:\WATCOM\lib386\nt\clib3r.lib(mbisdbcs.c)
00416f64       ___IsDBCS
Module: C:\WATCOM\lib386\nt\clib3r.lib(mbislead.c)
004102e0*      _ismbblead_
00418fdc       ___MBCSIsTable
Module: C:\WATCOM\lib386\nt\clib3r.lib(_clsewnt.c)
00410300       __close_
Module: C:\WATCOM\lib386\nt\clib3r.lib(ntfio.c)
00410360*      __GetNTCreateAttr_
004103a0       __GetNTAccessAttr_
004103d0       __GetNTShareAttr_
Module: C:\WATCOM\lib386\nt\clib3r.lib(umaskval.c)
00416f68       ___umaskval
Module: C:\WATCOM\lib386\nt\clib3r.lib(textmode.c)
00416f6c       __fmode
Module: C:\WATCOM\lib386\math387r.lib(bufld386.asm)
00410430       __ZBuf2LD
Module: C:\WATCOM\lib386\math387r.lib(inf_nan.c)
004104d3*      ___f_infinity
004104d7*      ___f_posqnan
004104db       ___d_infinity
004104e3       ___d_posqnan
004104eb*      ___ld_infinity
004104f3*      ___ld_posqnan
Module: C:\WATCOM\lib386\nt\clib3r.lib(hugeval.c)
00410500       __HugeValue
Module: C:\WATCOM\lib386\nt\clib3r.lib(initargv.c)
00410510       __Init_Argv_
00410560+      _getargv_
00410700       __Fini_Argv_
Module: C:\WATCOM\lib386\nt\clib3r.lib(prtf.c)
00410710       __prtf_
Module: C:\WATCOM\lib386\math387r.lib(ldclass.c)
004113d4       __LDClass_
00411424*      _FLClass_
Module: C:\WATCOM\lib386\nt\clib3r.lib(chipvar)
00416f70       ___chipbug
00416f70       __chipbug
Module: C:\WATCOM\lib386\math387r.lib(pow87e.c)
00411434       __pow87_err_
Module: C:\WATCOM\lib386\math387r.lib(exp87.asm)
00411523*      exp_
004114bc*      __@DEXP1
004114c4*      IF@EXP
004114c4*      IF@DEXP
004114c6       __@DEXP
Module: C:\WATCOM\lib386\nt\clib3r.lib(chipd32.asm)
00411647       __fdiv_fpr
00411b09*      __fdiv_chk
00411b1c*      __fdiv_m32
00411b69*      __fdiv_m64
00411bb6*      __fdiv_m32r
00411c03*      __fdiv_m64r
Module: C:\WATCOM\lib386\nt\clib3r.lib(mbconv.c)
00411c50       _mbvtop_
Module: C:\WATCOM\lib386\nt\clib3r.lib(amblksiz.c)
00416f84       __amblksiz
Module: C:\WATCOM\lib386\nt\clib3r.lib(heapen.c)
00411c70*      _heapenable_
00416f88       ___heap_enabled
Module: C:\WATCOM\lib386\nt\clib3r.lib(nheapmin.c)
00411ca0       _nheapshrink_
00411ca0*      _nheapmin_
00411ca0*      _heapmin_
00411ca0       _heapshrink_
Module: C:\WATCOM\lib386\nt\clib3r.lib(trdalloc.c)
00411d90       __FiniThreadProcessing_
Module: C:\WATCOM\lib386\nt\clib3r.lib(thredwnt.c)
00411e50       __CBeginThread_
00411ef0       __CEndThread_
Module: C:\WATCOM\lib386\nt\clib3r.lib(strtol.c)
00412150*      strtoul_
00412160       strtol_
Module: C:\WATCOM\lib386\nt\clib3r.lib(putenv.c)
00412170       putenv_
Module: C:\WATCOM\lib386\nt\clib3r.lib(fclose.c)
00412310+      __doclose_
004123b0       __shutdown_stream_
004123d0*      fclose_
004190e4+      ___RmTmpFileFn
Module: C:\WATCOM\lib386\nt\clib3r.lib(freefp.c)
00412420       __freefp_
00412470       __purgefp_
Module: C:\WATCOM\lib386\nt\clib3r.lib(locmktim.c)
004124a0       __local_mktime_
Module: C:\WATCOM\lib386\nt\clib3r.lib(gmtime.c)
00412620       __brktime_
00412720+      _gmtime_
00412740*      gmtime_
Module: C:\WATCOM\lib386\nt\clib3r.lib(tzset.c)
00417018       ___start_dst
0041703c       ___end_dst
00417164*      _tzname
0041716c       _timezone
00417170       _daylight
00417174       ___dst_adjust
004127b0*      __DontCacheOSTZ_
004127c0*      __CacheOSTZ_
00412c90+      __parse_tz_
00413080       tzset_
Module: C:\WATCOM\lib386\nt\clib3r.lib(timeutil.c)
004131f0       __isindst_
Module: C:\WATCOM\lib386\nt\clib3r.lib(mbclen.c)
00413520       _mbclen_
Module: C:\WATCOM\lib386\nt\clib3r.lib(mbccmp.c)
00413550       _mbccmp_
Module: C:\WATCOM\lib386\nt\clib3r.lib(mbinit.c)
004135c6       __mbinit_
0041717c       ___MBCodePage
Module: C:\WATCOM\lib386\nt\clib3r.lib(histsplt.c)
004190e8       ___historical_splitparms
Module: C:\WATCOM\lib386\nt\clib3r.lib(wctomb.c)
004136c0       wctomb_
Module: C:\WATCOM\lib386\nt\clib3r.lib(itoa.c)
00413700+      utoa_
00413750       itoa_
Module: C:\WATCOM\lib386\nt\clib3r.lib(noefgfmt.c)
00417180       ___EFG_printf
00417184*      ___EFG_scanf
Module: C:\WATCOM\lib386\nt\clib3r.lib(lltoa.c)
004137d0       ulltoa_
00413840*      lltoa_
Module: C:\WATCOM\lib386\nt\clib3r.lib(chipbug.c)
00413870       __verify_pentium_fdiv_bug_
Module: C:\WATCOM\lib386\nt\flib7.lib(_matherr.c)
004138d0*      __imath2err_
00413910*      __amath1err_
00413940*      __amath2err_
00413970       __math2err_
00413a80       __math1err_
00413a90*      __zmath2err_
00413af0*      __qmath2err_
Module: C:\WATCOM\lib386\math387r.lib(math87e.c)
00413b56       __math87_err_
Module: C:\WATCOM\lib386\nt\clib3r.lib(mbslen.c)
00413bd0       _mbslen_
Module: C:\WATCOM\lib386\nt\clib3r.lib(_putenv.c)
00413c00       __putenv_
Module: C:\WATCOM\lib386\nt\clib3r.lib(mbstowcs.c)
00413c90       mbstowcs_
Module: C:\WATCOM\lib386\nt\clib3r.lib(_uputenv.c)
00413d10       __wputenv_
Module: C:\WATCOM\lib386\nt\clib3r.lib(flush.c)
00413d80       __flush_
Module: C:\WATCOM\lib386\nt\clib3r.lib(leapyear.c)
00413e80       __leapyear_
00416160       ___diyr
0041617a       ___dilyr
Module: C:\WATCOM\lib386\nt\clib3r.lib(wcstombs.c)
00413ec0       wcstombs_
Module: C:\WATCOM\lib386\nt\clib3r.lib(_findenv.c)
004140c0       __findenv_
Module: C:\WATCOM\lib386\nt\clib3r.lib(mbtowc.c)
004141e0       mbtowc_
Module: C:\WATCOM\lib386\nt\clib3r.lib(_ufinden.c)
00414330       __wfindenv_
Module: C:\WATCOM\lib386\nt\clib3r.lib(fsync.c)
004143d0       fsync_
Module: C:\WATCOM\lib386\nt\clib3r.lib(qwrit.c)
00414420       __qwrite_
Module: C:\WATCOM\lib386\nt\clib3r.lib(utoupper.c)
00414500       towupper_


                        +----------------------+
                        |   Imported Symbols   |
                        +----------------------+

Symbol                              Module
======                              ======

_GetVersion@0                       KERNEL32.DLL
_GetModuleHandleA@4                 KERNEL32.DLL
_GetProcAddress@8                   KERNEL32.DLL
_GetModuleFileNameA@12              KERNEL32.DLL
_GetCommandLineA@0                  KERNEL32.DLL
_GetCommandLineW@0                  KERNEL32.DLL
_ExitProcess@4                      KERNEL32.DLL
_RtlUnwind@16                       KERNEL32.DLL
_GetCurrentThreadId@0               KERNEL32.DLL
_SetStdHandle@8                     KERNEL32.DLL
_CreateEventA@16                    KERNEL32.DLL
_GetStdHandle@4                     KERNEL32.DLL
_CloseHandle@4                      KERNEL32.DLL
_GetModuleFileNameW@12              KERNEL32.DLL
_MultiByteToWideChar@24             KERNEL32.DLL
_LoadLibraryA@4                     KERNEL32.DLL
_WriteFile@20                       KERNEL32.DLL
_SetUnhandledExceptionFilter@4      KERNEL32.DLL
_UnhandledExceptionFilter@4         KERNEL32.DLL
_VirtualQuery@12                    KERNEL32.DLL
_MessageBoxA@16                     USER32.DLL
_GetFullPathNameA@16                KERNEL32.DLL
_GetFileType@4                      KERNEL32.DLL
_GetFileInformationByHandle@8       KERNEL32.DLL
_GetFileTime@16                     KERNEL32.DLL
_GetFileSize@8                      KERNEL32.DLL
_CreateFileA@28                     KERNEL32.DLL
_GetLastError@0                     KERNEL32.DLL
_GetDriveTypeA@4                    KERNEL32.DLL
_FindFirstFileA@8                   KERNEL32.DLL
_FindClose@4                        KERNEL32.DLL
_SetConsoleCtrlHandler@8            KERNEL32.DLL
_TlsGetValue@4                      KERNEL32.DLL
_TlsSetValue@8                      KERNEL32.DLL
_SetFilePointer@16                  KERNEL32.DLL
_GetFileAttributesA@4               KERNEL32.DLL
_GetCurrentDirectoryA@8             KERNEL32.DLL
_FileTimeToLocalFileTime@8          KERNEL32.DLL
_FileTimeToDosDateTime@12           KERNEL32.DLL
_DosDateTimeToFileTime@12           KERNEL32.DLL
_LocalFileTimeToFileTime@8          KERNEL32.DLL
_FormatMessageA@28                  KERNEL32.DLL
_DeleteFileA@4                      KERNEL32.DLL
_SetEndOfFile@4                     KERNEL32.DLL
_ReadFile@20                        KERNEL32.DLL
_CharUpperA@4                       USER32.DLL
_VirtualAlloc@16                    KERNEL32.DLL
_InitializeCriticalSection@4        KERNEL32.DLL
_DeleteCriticalSection@4            KERNEL32.DLL
_LeaveCriticalSection@4             KERNEL32.DLL
_EnterCriticalSection@4             KERNEL32.DLL
_SetLastError@4                     KERNEL32.DLL
_TlsAlloc@0                         KERNEL32.DLL
_TlsFree@4                          KERNEL32.DLL
_VirtualFree@12                     KERNEL32.DLL
_CreateThread@24                    KERNEL32.DLL
_ResumeThread@4                     KERNEL32.DLL
_ExitThread@4                       KERNEL32.DLL
_SetEnvironmentVariableA@8          KERNEL32.DLL
_GetTimeZoneInformation@4           KERNEL32.DLL
_GetACP@0                           KERNEL32.DLL
_GetOEMCP@0                         KERNEL32.DLL
_GetCPInfo@8                        KERNEL32.DLL
_WideCharToMultiByte@32             KERNEL32.DLL
_FlushFileBuffers@4                 KERNEL32.DLL


                        +--------------------+
                        |   Libraries Used   |
                        +--------------------+

C:\WATCOM\lib386\nt\kernel32.lib
C:\WATCOM\lib386\nt\user32.lib
C:\WATCOM\lib386\nt\flib7.lib
C:\WATCOM\lib386\math387r.lib
C:\WATCOM\lib386\nt\clib3r.lib
C:\WATCOM\lib386\nt\emu387.lib


                        +-----------------------+
                        |   Linker Statistics   |
                        +-----------------------+

Stack size:  00010000 (65536.)
Memory size:  00026e8e (159374.)
Entry point address: 00401524
Link time: 00:00.79
